[INFO] Scanning for projects...
[INFO] 
[INFO] ------------------< br.compneusgppremium:gp-premium >-------------------
[INFO] Building GP Premium 0.0.35-SNAPSHOT
[INFO]   from pom.xml
[INFO] --------------------------------[ jar ]---------------------------------
[INFO] 
[INFO] --- maven-clean-plugin:3.1.0:clean (default-clean) @ gp-premium ---
[INFO] Deleting /Users/my/Documents/www/GP/apigppremium/target
[INFO] 
[INFO] --- maven-checkstyle-plugin:3.1.2:check (validate) @ gp-premium ---
[WARNING] Old version of checkstyle detected. Consider updating to >= v8.30
[WARNING] For more information see: https://maven.apache.org/plugins/maven-checkstyle-plugin/examples/upgrading-checkstyle.html
[INFO] Iniciando a auditoria...
[WARN] /Users/my/Documents/www/GP/apigppremium/src/main/java/br/compneusgppremium/api/repository/ValidaRegraRepository.java:3:8: Importação não utilizada - br.compneusgppremium.api.controller.model.PaisModel. [UnusedImports]
[WARN] /Users/my/Documents/www/GP/apigppremium/src/main/java/br/compneusgppremium/api/repository/QualidadeResumoRepository.java:10:8: Importação não utilizada - java.time.LocalDate. [UnusedImports]
[WARN] /Users/my/Documents/www/GP/apigppremium/src/main/java/br/compneusgppremium/api/repository/QualidadeResumoRepository.java:24: A linha contém mais do que 120 caracteres (foram encontrados 123). [LineLength]
[WARN] /Users/my/Documents/www/GP/apigppremium/src/main/java/br/compneusgppremium/api/repository/RegistroMaquinaRepository.java:42: A linha contém mais do que 120 caracteres (foram encontrados 131). [LineLength]
[WARN] /Users/my/Documents/www/GP/apigppremium/src/main/java/br/compneusgppremium/api/repository/RegistroMaquinaRepository.java:43: A linha contém mais do que 120 caracteres (foram encontrados 121). [LineLength]
[WARN] /Users/my/Documents/www/GP/apigppremium/src/main/java/br/compneusgppremium/api/repository/ProducaoRepository.java:3: A forma de importação '.*' deveria ser evitada - br.compneusgppremium.api.controller.model.*. [AvoidStarImport]
[WARN] /Users/my/Documents/www/GP/apigppremium/src/main/java/br/compneusgppremium/api/repository/ColaRepository.java:18:41: '+' deveria estar numa nova linha. [OperatorWrap]
[WARN] /Users/my/Documents/www/GP/apigppremium/src/main/java/br/compneusgppremium/api/repository/ColaRepository.java:19:34: '+' deveria estar numa nova linha. [OperatorWrap]
[WARN] /Users/my/Documents/www/GP/apigppremium/src/main/java/br/compneusgppremium/api/repository/ColaRepository.java:20:34: '+' deveria estar numa nova linha. [OperatorWrap]
[WARN] /Users/my/Documents/www/GP/apigppremium/src/main/java/br/compneusgppremium/api/repository/ColaRepository.java:27:41: '+' deveria estar numa nova linha. [OperatorWrap]
[WARN] /Users/my/Documents/www/GP/apigppremium/src/main/java/br/compneusgppremium/api/repository/ColaRepository.java:28:34: '+' deveria estar numa nova linha. [OperatorWrap]
[WARN] /Users/my/Documents/www/GP/apigppremium/src/main/java/br/compneusgppremium/api/repository/ColaRepository.java:29:51: '+' deveria estar numa nova linha. [OperatorWrap]
[WARN] /Users/my/Documents/www/GP/apigppremium/src/main/java/br/compneusgppremium/api/repository/ColaRepository.java:30:36: '+' deveria estar numa nova linha. [OperatorWrap]
[WARN] /Users/my/Documents/www/GP/apigppremium/src/main/java/br/compneusgppremium/api/repository/RegraRepository.java:14:108: '+' deveria estar numa nova linha. [OperatorWrap]
[WARN] /Users/my/Documents/www/GP/apigppremium/src/main/java/br/compneusgppremium/api/repository/RegraRepository.java:15:45: '+' deveria estar numa nova linha. [OperatorWrap]
[WARN] /Users/my/Documents/www/GP/apigppremium/src/main/java/br/compneusgppremium/api/repository/RegraRepository.java:16:45: '+' deveria estar numa nova linha. [OperatorWrap]
[WARN] /Users/my/Documents/www/GP/apigppremium/src/main/java/br/compneusgppremium/api/repository/RegraRepository.java:17:45: '+' deveria estar numa nova linha. [OperatorWrap]
[WARN] /Users/my/Documents/www/GP/apigppremium/src/main/java/br/compneusgppremium/api/repository/RegraRepository.java:19: A linha contém mais do que 120 caracteres (foram encontrados 231). [LineLength]
[WARN] /Users/my/Documents/www/GP/apigppremium/src/main/java/br/compneusgppremium/api/repository/RegraRepository.java:19:5: O modificador 'public' é redundante. [RedundantModifier]
[WARN] /Users/my/Documents/www/GP/apigppremium/src/main/java/br/compneusgppremium/api/repository/RegraRepository.java:21: A linha contém mais do que 120 caracteres (foram encontrados 157). [LineLength]
[WARN] /Users/my/Documents/www/GP/apigppremium/src/main/java/br/compneusgppremium/api/repository/RegraRepository.java:21:157: '+' deveria estar numa nova linha. [OperatorWrap]
[WARN] /Users/my/Documents/www/GP/apigppremium/src/main/java/br/compneusgppremium/api/repository/RegraRepository.java:21:157: '+' não está precedido por espaço em branco. [WhitespaceAround]
[WARN] /Users/my/Documents/www/GP/apigppremium/src/main/java/br/compneusgppremium/api/repository/RegraRepository.java:22:45: '+' deveria estar numa nova linha. [OperatorWrap]
[WARN] /Users/my/Documents/www/GP/apigppremium/src/main/java/br/compneusgppremium/api/repository/RegraRepository.java:23:45: '+' deveria estar numa nova linha. [OperatorWrap]
[WARN] /Users/my/Documents/www/GP/apigppremium/src/main/java/br/compneusgppremium/api/repository/RegraRepository.java:24:45: '+' deveria estar numa nova linha. [OperatorWrap]
[WARN] /Users/my/Documents/www/GP/apigppremium/src/main/java/br/compneusgppremium/api/repository/RegraRepository.java:26: A linha contém mais do que 120 caracteres (foram encontrados 259). [LineLength]
[WARN] /Users/my/Documents/www/GP/apigppremium/src/main/java/br/compneusgppremium/api/repository/RegraRepository.java:26:5: O modificador 'public' é redundante. [RedundantModifier]
[WARN] /Users/my/Documents/www/GP/apigppremium/src/main/java/br/compneusgppremium/api/repository/RegraRepository.java:26:179: ',' não está seguido de espaço em branco. [WhitespaceAfter]
[WARN] /Users/my/Documents/www/GP/apigppremium/src/main/java/br/compneusgppremium/api/repository/ModeloRepository.java:8:80: '{' não está seguido de espaço em branco. [WhitespaceAround]
[WARN] /Users/my/Documents/www/GP/apigppremium/src/main/java/br/compneusgppremium/api/repository/ModeloRepository.java:8:81: '}' não está precedido por espaço em branco. [WhitespaceAround]
[WARN] /Users/my/Documents/www/GP/apigppremium/src/main/java/br/compneusgppremium/api/repository/ConfiguracaoMaquinaRepository.java:23:52: '+' deveria estar numa nova linha. [OperatorWrap]
[WARN] /Users/my/Documents/www/GP/apigppremium/src/main/java/br/compneusgppremium/api/repository/ConfiguracaoMaquinaRepository.java:24:40: '+' deveria estar numa nova linha. [OperatorWrap]
[WARN] /Users/my/Documents/www/GP/apigppremium/src/main/java/br/compneusgppremium/api/repository/ConfiguracaoMaquinaRepository.java:25:41: '+' deveria estar numa nova linha. [OperatorWrap]
[WARN] /Users/my/Documents/www/GP/apigppremium/src/main/java/br/compneusgppremium/api/repository/ConfiguracaoMaquinaRepository.java:32:60: '+' deveria estar numa nova linha. [OperatorWrap]
[WARN] /Users/my/Documents/www/GP/apigppremium/src/main/java/br/compneusgppremium/api/repository/ConfiguracaoMaquinaRepository.java:33:40: '+' deveria estar numa nova linha. [OperatorWrap]
[WARN] /Users/my/Documents/www/GP/apigppremium/src/main/java/br/compneusgppremium/api/repository/ConfiguracaoMaquinaRepository.java:34:41: '+' deveria estar numa nova linha. [OperatorWrap]
[WARN] /Users/my/Documents/www/GP/apigppremium/src/main/java/br/compneusgppremium/api/repository/ConfiguracaoMaquinaRepository.java:42: A linha contém mais do que 120 caracteres (foram encontrados 130). [LineLength]
[WARN] /Users/my/Documents/www/GP/apigppremium/src/main/java/br/compneusgppremium/api/repository/ConfiguracaoMaquinaRepository.java:43: A linha contém mais do que 120 caracteres (foram encontrados 142). [LineLength]
[WARN] /Users/my/Documents/www/GP/apigppremium/src/main/java/br/compneusgppremium/api/repository/ConfiguracaoMaquinaRepository.java:55:52: '+' deveria estar numa nova linha. [OperatorWrap]
[WARN] /Users/my/Documents/www/GP/apigppremium/src/main/java/br/compneusgppremium/api/repository/ConfiguracaoMaquinaRepository.java:56:40: '+' deveria estar numa nova linha. [OperatorWrap]
[WARN] /Users/my/Documents/www/GP/apigppremium/src/main/java/br/compneusgppremium/api/repository/ConfiguracaoMaquinaRepository.java:57:41: '+' deveria estar numa nova linha. [OperatorWrap]
[WARN] /Users/my/Documents/www/GP/apigppremium/src/main/java/br/compneusgppremium/api/repository/ConfiguracaoMaquinaRepository.java:58:69: '+' deveria estar numa nova linha. [OperatorWrap]
[WARN] /Users/my/Documents/www/GP/apigppremium/src/main/java/br/compneusgppremium/api/repository/ConfiguracaoMaquinaRepository.java:65: A linha contém mais do que 120 caracteres (foram encontrados 129). [LineLength]
[WARN] /Users/my/Documents/www/GP/apigppremium/src/main/java/br/compneusgppremium/api/repository/ConfiguracaoMaquinaRepository.java:66: A linha contém mais do que 120 caracteres (foram encontrados 125). [LineLength]
[WARN] /Users/my/Documents/www/GP/apigppremium/src/main/java/br/compneusgppremium/api/repository/ConfiguracaoMaquinaRepository.java:83: A linha contém mais do que 120 caracteres (foram encontrados 139). [LineLength]
[WARN] /Users/my/Documents/www/GP/apigppremium/src/main/java/br/compneusgppremium/api/repository/ConfiguracaoMaquinaRepository.java:91: A linha contém mais do que 120 caracteres (foram encontrados 133). [LineLength]
[WARN] /Users/my/Documents/www/GP/apigppremium/src/main/java/br/compneusgppremium/api/repository/ConfiguracaoMaquinaRepository.java:99:69: '+' deveria estar numa nova linha. [OperatorWrap]
[WARN] /Users/my/Documents/www/GP/apigppremium/src/main/java/br/compneusgppremium/api/repository/ConfiguracaoMaquinaRepository.java:100:45: '+' deveria estar numa nova linha. [OperatorWrap]
[WARN] /Users/my/Documents/www/GP/apigppremium/src/main/java/br/compneusgppremium/api/repository/ConfiguracaoMaquinaRepository.java:101:44: '+' deveria estar numa nova linha. [OperatorWrap]
[WARN] /Users/my/Documents/www/GP/apigppremium/src/main/java/br/compneusgppremium/api/repository/ConfiguracaoMaquinaRepository.java:102:31: '+' deveria estar numa nova linha. [OperatorWrap]
[WARN] /Users/my/Documents/www/GP/apigppremium/src/main/java/br/compneusgppremium/api/repository/ConfiguracaoMaquinaRepository.java:112:69: '+' deveria estar numa nova linha. [OperatorWrap]
[WARN] /Users/my/Documents/www/GP/apigppremium/src/main/java/br/compneusgppremium/api/repository/ConfiguracaoMaquinaRepository.java:113:45: '+' deveria estar numa nova linha. [OperatorWrap]
[WARN] /Users/my/Documents/www/GP/apigppremium/src/main/java/br/compneusgppremium/api/repository/ConfiguracaoMaquinaRepository.java:114:44: '+' deveria estar numa nova linha. [OperatorWrap]
[WARN] /Users/my/Documents/www/GP/apigppremium/src/main/java/br/compneusgppremium/api/repository/ConfiguracaoMaquinaRepository.java:123:60: '+' deveria estar numa nova linha. [OperatorWrap]
[WARN] /Users/my/Documents/www/GP/apigppremium/src/main/java/br/compneusgppremium/api/repository/ConfiguracaoMaquinaRepository.java:124:40: '+' deveria estar numa nova linha. [OperatorWrap]
[WARN] /Users/my/Documents/www/GP/apigppremium/src/main/java/br/compneusgppremium/api/repository/ConfiguracaoMaquinaRepository.java:125:41: '+' deveria estar numa nova linha. [OperatorWrap]
[WARN] /Users/my/Documents/www/GP/apigppremium/src/main/java/br/compneusgppremium/api/repository/ConfiguracaoMaquinaRepository.java:126:21: '+' deveria estar numa nova linha. [OperatorWrap]
[WARN] /Users/my/Documents/www/GP/apigppremium/src/main/java/br/compneusgppremium/api/repository/ConfiguracaoMaquinaRepository.java:127:69: '+' deveria estar numa nova linha. [OperatorWrap]
[WARN] /Users/my/Documents/www/GP/apigppremium/src/main/java/br/compneusgppremium/api/repository/ConfiguracaoMaquinaRepository.java:128:66: '+' deveria estar numa nova linha. [OperatorWrap]
[WARN] /Users/my/Documents/www/GP/apigppremium/src/main/java/br/compneusgppremium/api/repository/ConfiguracaoMaquinaRepository.java:129:68: '+' deveria estar numa nova linha. [OperatorWrap]
[WARN] /Users/my/Documents/www/GP/apigppremium/src/main/java/br/compneusgppremium/api/repository/ConfiguracaoMaquinaRepository.java:130:34: '+' deveria estar numa nova linha. [OperatorWrap]
[WARN] /Users/my/Documents/www/GP/apigppremium/src/main/java/br/compneusgppremium/api/repository/ConfiguracaoMaquinaRepository.java:132:78: '+' deveria estar numa nova linha. [OperatorWrap]
[WARN] /Users/my/Documents/www/GP/apigppremium/src/main/java/br/compneusgppremium/api/repository/ConfiguracaoMaquinaRepository.java:133:69: '+' deveria estar numa nova linha. [OperatorWrap]
[WARN] /Users/my/Documents/www/GP/apigppremium/src/main/java/br/compneusgppremium/api/repository/ConfiguracaoMaquinaRepository.java:134:66: '+' deveria estar numa nova linha. [OperatorWrap]
[WARN] /Users/my/Documents/www/GP/apigppremium/src/main/java/br/compneusgppremium/api/repository/ConfiguracaoMaquinaRepository.java:135:68: '+' deveria estar numa nova linha. [OperatorWrap]
[WARN] /Users/my/Documents/www/GP/apigppremium/src/main/java/br/compneusgppremium/api/repository/ConfiguracaoMaquinaRepository.java:147:58: '+' deveria estar numa nova linha. [OperatorWrap]
[WARN] /Users/my/Documents/www/GP/apigppremium/src/main/java/br/compneusgppremium/api/repository/ConfiguracaoMaquinaRepository.java:148:45: '+' deveria estar numa nova linha. [OperatorWrap]
[WARN] /Users/my/Documents/www/GP/apigppremium/src/main/java/br/compneusgppremium/api/repository/ConfiguracaoMaquinaRepository.java:149:38: '+' deveria estar numa nova linha. [OperatorWrap]
[WARN] /Users/my/Documents/www/GP/apigppremium/src/main/java/br/compneusgppremium/api/repository/ConfiguracaoMaquinaRepository.java:150:34: '+' deveria estar numa nova linha. [OperatorWrap]
[WARN] /Users/my/Documents/www/GP/apigppremium/src/main/java/br/compneusgppremium/api/repository/CarcacaRepository.java:8:8: Importação não utilizada - org.springframework.security.access.prepost.PostFilter. [UnusedImports]
[WARN] /Users/my/Documents/www/GP/apigppremium/src/main/java/br/compneusgppremium/api/repository/CarcacaRepository.java:17:5: O modificador 'public' é redundante. [RedundantModifier]
[WARN] /Users/my/Documents/www/GP/apigppremium/src/main/java/br/compneusgppremium/api/repository/CarcacaRepository.java:20:5: O modificador 'public' é redundante. [RedundantModifier]
[WARN] /Users/my/Documents/www/GP/apigppremium/src/main/java/br/compneusgppremium/api/repository/CarcacaRepository.java:24:5: O modificador 'public' é redundante. [RedundantModifier]
[WARN] /Users/my/Documents/www/GP/apigppremium/src/main/java/br/compneusgppremium/api/repository/CarcacaRepository.java:27:5: O modificador 'public' é redundante. [RedundantModifier]
[WARN] /Users/my/Documents/www/GP/apigppremium/src/main/java/br/compneusgppremium/api/repository/CoberturaRepository.java:17:46: '+' deveria estar numa nova linha. [OperatorWrap]
[WARN] /Users/my/Documents/www/GP/apigppremium/src/main/java/br/compneusgppremium/api/repository/CoberturaRepository.java:18:32: '+' deveria estar numa nova linha. [OperatorWrap]
[WARN] /Users/my/Documents/www/GP/apigppremium/src/main/java/br/compneusgppremium/api/repository/CoberturaRepository.java:19:36: '+' deveria estar numa nova linha. [OperatorWrap]
[WARN] /Users/my/Documents/www/GP/apigppremium/src/main/java/br/compneusgppremium/api/repository/CoberturaRepository.java:20:34: '+' deveria estar numa nova linha. [OperatorWrap]
[WARN] /Users/my/Documents/www/GP/apigppremium/src/main/java/br/compneusgppremium/api/repository/CoberturaRepository.java:31:45: '+' deveria estar numa nova linha. [OperatorWrap]
[WARN] /Users/my/Documents/www/GP/apigppremium/src/main/java/br/compneusgppremium/api/repository/CoberturaRepository.java:32:34: '+' deveria estar numa nova linha. [OperatorWrap]
[WARN] /Users/my/Documents/www/GP/apigppremium/src/main/java/br/compneusgppremium/api/repository/CoberturaRepository.java:33:51: '+' deveria estar numa nova linha. [OperatorWrap]
[WARN] /Users/my/Documents/www/GP/apigppremium/src/main/java/br/compneusgppremium/api/repository/CoberturaRepository.java:34:44: '+' deveria estar numa nova linha. [OperatorWrap]
[WARN] /Users/my/Documents/www/GP/apigppremium/src/main/java/br/compneusgppremium/api/repository/ResumoRepository.java:13:29: O parâmetro jdbcTemplate deve ser final. [FinalParameters]
[WARN] /Users/my/Documents/www/GP/apigppremium/src/main/java/br/compneusgppremium/api/repository/ResumoRepository.java:17:5: A classe 'ResumoRepository' parece ter sido projetada para extensão (permite subclasses), mas o método 'getResumo' não tem um javadoc que explica como fazer isso de forma segura. Se a classe não é projetada para extensão, considere fazer a classe 'ResumoRepository' ser final, tornar o método 'getResumo' estático/final/abstrato/vazio ou adicione as anotações permitidas ao método. [DesignForExtension]
[WARN] /Users/my/Documents/www/GP/apigppremium/src/main/java/br/compneusgppremium/api/repository/ResumoRepository.java:17:40: O parâmetro entidade deve ser final. [FinalParameters]
[WARN] /Users/my/Documents/www/GP/apigppremium/src/main/java/br/compneusgppremium/api/repository/ResumoRepository.java:19:28: '+' deveria estar numa nova linha. [OperatorWrap]
[WARN] /Users/my/Documents/www/GP/apigppremium/src/main/java/br/compneusgppremium/api/repository/ResumoRepository.java:20:98: '+' deveria estar numa nova linha. [OperatorWrap]
[WARN] /Users/my/Documents/www/GP/apigppremium/src/main/java/br/compneusgppremium/api/repository/ResumoRepository.java:21:116: '+' deveria estar numa nova linha. [OperatorWrap]
[WARN] /Users/my/Documents/www/GP/apigppremium/src/main/java/br/compneusgppremium/api/repository/ResumoRepository.java:22:120: '+' deveria estar numa nova linha. [OperatorWrap]
[WARN] /Users/my/Documents/www/GP/apigppremium/src/main/java/br/compneusgppremium/api/repository/ResumoRepository.java:23: A linha contém mais do que 120 caracteres (foram encontrados 143). [LineLength]
[WARN] /Users/my/Documents/www/GP/apigppremium/src/main/java/br/compneusgppremium/api/repository/ResumoRepository.java:23:143: '+' deveria estar numa nova linha. [OperatorWrap]
[WARN] /Users/my/Documents/www/GP/apigppremium/src/main/java/br/compneusgppremium/api/repository/ResumoRepository.java:24: A linha contém mais do que 120 caracteres (foram encontrados 183). [LineLength]
[WARN] /Users/my/Documents/www/GP/apigppremium/src/main/java/br/compneusgppremium/api/repository/ResumoRepository.java:24:183: '+' deveria estar numa nova linha. [OperatorWrap]
[WARN] /Users/my/Documents/www/GP/apigppremium/src/main/java/br/compneusgppremium/api/repository/ResumoRepository.java:25: A linha contém mais do que 120 caracteres (foram encontrados 184). [LineLength]
[WARN] /Users/my/Documents/www/GP/apigppremium/src/main/java/br/compneusgppremium/api/repository/ResumoRepository.java:25:184: '+' deveria estar numa nova linha. [OperatorWrap]
[WARN] /Users/my/Documents/www/GP/apigppremium/src/main/java/br/compneusgppremium/api/repository/QualidadeRepository.java:16:5: O modificador 'public' é redundante. [RedundantModifier]
[WARN] /Users/my/Documents/www/GP/apigppremium/src/main/java/br/compneusgppremium/api/repository/QualidadeRepository.java:18: A linha contém mais do que 120 caracteres (foram encontrados 128). [LineLength]
[WARN] /Users/my/Documents/www/GP/apigppremium/src/main/java/br/compneusgppremium/api/repository/QualidadeRepository.java:19:5: O modificador 'public' é redundante. [RedundantModifier]
[WARN] /Users/my/Documents/www/GP/apigppremium/src/main/java/br/compneusgppremium/api/repository/PerfilRepository.java:5:8: Importação não utilizada - org.springframework.data.repository.CrudRepository. [UnusedImports]
[WARN] /Users/my/Documents/www/GP/apigppremium/src/main/java/br/compneusgppremium/api/repository/PerfilRepository.java:9:79: '{' não está seguido de espaço em branco. [WhitespaceAround]
[WARN] /Users/my/Documents/www/GP/apigppremium/src/main/java/br/compneusgppremium/api/repository/PerfilRepository.java:9:80: '}' não está precedido por espaço em branco. [WhitespaceAround]
[WARN] /Users/my/Documents/www/GP/apigppremium/src/main/java/br/compneusgppremium/api/repository/StatusCarcacaRepository.java:3:8: Importação não utilizada - br.compneusgppremium.api.controller.model.PaisModel. [UnusedImports]
[WARN] /Users/my/Documents/www/GP/apigppremium/src/main/java/br/compneusgppremium/api/repository/CarcacaRejeitadaRepository.java:15:5: O modificador 'public' é redundante. [RedundantModifier]
[WARN] /Users/my/Documents/www/GP/apigppremium/src/main/java/br/compneusgppremium/api/repository/PneuVulcanizadoRepository.java:21: A linha contém mais do que 120 caracteres (foram encontrados 129). [LineLength]
[WARN] /Users/my/Documents/www/GP/apigppremium/src/main/java/br/compneusgppremium/api/repository/PneuVulcanizadoRepository.java:27: A linha contém mais do que 120 caracteres (foram encontrados 129). [LineLength]
[WARN] /Users/my/Documents/www/GP/apigppremium/src/main/java/br/compneusgppremium/api/repository/PneuVulcanizadoRepository.java:33: A linha contém mais do que 120 caracteres (foram encontrados 131). [LineLength]
[WARN] /Users/my/Documents/www/GP/apigppremium/src/main/java/br/compneusgppremium/api/repository/PneuVulcanizadoRepository.java:39: A linha contém mais do que 120 caracteres (foram encontrados 123). [LineLength]
[WARN] /Users/my/Documents/www/GP/apigppremium/src/main/java/br/compneusgppremium/api/repository/PneuVulcanizadoRepository.java:45: A linha contém mais do que 120 caracteres (foram encontrados 123). [LineLength]
[WARN] /Users/my/Documents/www/GP/apigppremium/src/main/java/br/compneusgppremium/api/repository/PneuVulcanizadoRepository.java:51: A linha contém mais do que 120 caracteres (foram encontrados 152). [LineLength]
[WARN] /Users/my/Documents/www/GP/apigppremium/src/main/java/br/compneusgppremium/api/repository/PneuVulcanizadoRepository.java:52: A linha contém mais do que 120 caracteres (foram encontrados 136). [LineLength]
[WARN] /Users/my/Documents/www/GP/apigppremium/src/main/java/br/compneusgppremium/api/repository/PneuVulcanizadoRepository.java:57: A linha contém mais do que 120 caracteres (foram encontrados 152). [LineLength]
[WARN] /Users/my/Documents/www/GP/apigppremium/src/main/java/br/compneusgppremium/api/repository/PneuVulcanizadoRepository.java:58: A linha contém mais do que 120 caracteres (foram encontrados 155). [LineLength]
[WARN] /Users/my/Documents/www/GP/apigppremium/src/main/java/br/compneusgppremium/api/repository/PneuVulcanizadoRepository.java:63: A linha contém mais do que 120 caracteres (foram encontrados 135). [LineLength]
[WARN] /Users/my/Documents/www/GP/apigppremium/src/main/java/br/compneusgppremium/api/repository/PneuVulcanizadoRepository.java:64: A linha contém mais do que 120 caracteres (foram encontrados 141). [LineLength]
[WARN] /Users/my/Documents/www/GP/apigppremium/src/main/java/br/compneusgppremium/api/repository/MatrizRepository.java:8:80: '{' não está seguido de espaço em branco. [WhitespaceAround]
[WARN] /Users/my/Documents/www/GP/apigppremium/src/main/java/br/compneusgppremium/api/repository/MatrizRepository.java:8:81: '}' não está precedido por espaço em branco. [WhitespaceAround]
[WARN] /Users/my/Documents/www/GP/apigppremium/src/main/java/br/compneusgppremium/api/repository/TipoValidaRegraRepository.java:3:8: Importação não utilizada - br.compneusgppremium.api.controller.model.PaisModel. [UnusedImports]
[WARN] /Users/my/Documents/www/GP/apigppremium/src/main/java/br/compneusgppremium/api/util/OperationSystem.java:10:5: A classe 'OperationSystem' parece ter sido projetada para extensão (permite subclasses), mas o método 'placeImageSystem' não tem um javadoc que explica como fazer isso de forma segura. Se a classe não é projetada para extensão, considere fazer a classe 'OperationSystem' ser final, tornar o método 'placeImageSystem' estático/final/abstrato/vazio ou adicione as anotações permitidas ao método. [DesignForExtension]
[WARN] /Users/my/Documents/www/GP/apigppremium/src/main/java/br/compneusgppremium/api/util/OperationSystem.java:10:36: O parâmetro place deve ser final. [FinalParameters]
[WARN] /Users/my/Documents/www/GP/apigppremium/src/main/java/br/compneusgppremium/api/util/UsuarioLogadoUtil.java:12:5: A classe 'UsuarioLogadoUtil' parece ter sido projetada para extensão (permite subclasses), mas o método 'getUsuarioIdLogado' não tem um javadoc que explica como fazer isso de forma segura. Se a classe não é projetada para extensão, considere fazer a classe 'UsuarioLogadoUtil' ser final, tornar o método 'getUsuarioIdLogado' estático/final/abstrato/vazio ou adicione as anotações permitidas ao método. [DesignForExtension]
[WARN] /Users/my/Documents/www/GP/apigppremium/src/main/java/br/compneusgppremium/api/util/ApiError.java:21:5: A classe 'ApiError' parece ter sido projetada para extensão (permite subclasses), mas o método 'getError' não tem um javadoc que explica como fazer isso de forma segura. Se a classe não é projetada para extensão, considere fazer a classe 'ApiError' ser final, tornar o método 'getError' estático/final/abstrato/vazio ou adicione as anotações permitidas ao método. [DesignForExtension]
[WARN] /Users/my/Documents/www/GP/apigppremium/src/main/java/br/compneusgppremium/api/util/ApiError.java:25:5: A classe 'ApiError' parece ter sido projetada para extensão (permite subclasses), mas o método 'setError' não tem um javadoc que explica como fazer isso de forma segura. Se a classe não é projetada para extensão, considere fazer a classe 'ApiError' ser final, tornar o método 'setError' estático/final/abstrato/vazio ou adicione as anotações permitidas ao método. [DesignForExtension]
[WARN] /Users/my/Documents/www/GP/apigppremium/src/main/java/br/compneusgppremium/api/util/ApiError.java:25:26: O parâmetro error deve ser final. [FinalParameters]
[WARN] /Users/my/Documents/www/GP/apigppremium/src/main/java/br/compneusgppremium/api/util/ApiError.java:29:5: A classe 'ApiError' parece ter sido projetada para extensão (permite subclasses), mas o método 'getStatus' não tem um javadoc que explica como fazer isso de forma segura. Se a classe não é projetada para extensão, considere fazer a classe 'ApiError' ser final, tornar o método 'getStatus' estático/final/abstrato/vazio ou adicione as anotações permitidas ao método. [DesignForExtension]
[WARN] /Users/my/Documents/www/GP/apigppremium/src/main/java/br/compneusgppremium/api/util/ApiError.java:33:5: A classe 'ApiError' parece ter sido projetada para extensão (permite subclasses), mas o método 'setStatus' não tem um javadoc que explica como fazer isso de forma segura. Se a classe não é projetada para extensão, considere fazer a classe 'ApiError' ser final, tornar o método 'setStatus' estático/final/abstrato/vazio ou adicione as anotações permitidas ao método. [DesignForExtension]
[WARN] /Users/my/Documents/www/GP/apigppremium/src/main/java/br/compneusgppremium/api/util/ApiError.java:33:27: O parâmetro status deve ser final. [FinalParameters]
[WARN] /Users/my/Documents/www/GP/apigppremium/src/main/java/br/compneusgppremium/api/util/ApiError.java:37:5: A classe 'ApiError' parece ter sido projetada para extensão (permite subclasses), mas o método 'getTimestamp' não tem um javadoc que explica como fazer isso de forma segura. Se a classe não é projetada para extensão, considere fazer a classe 'ApiError' ser final, tornar o método 'getTimestamp' estático/final/abstrato/vazio ou adicione as anotações permitidas ao método. [DesignForExtension]
[WARN] /Users/my/Documents/www/GP/apigppremium/src/main/java/br/compneusgppremium/api/util/ApiError.java:41:5: A classe 'ApiError' parece ter sido projetada para extensão (permite subclasses), mas o método 'setTimestamp' não tem um javadoc que explica como fazer isso de forma segura. Se a classe não é projetada para extensão, considere fazer a classe 'ApiError' ser final, tornar o método 'setTimestamp' estático/final/abstrato/vazio ou adicione as anotações permitidas ao método. [DesignForExtension]
[WARN] /Users/my/Documents/www/GP/apigppremium/src/main/java/br/compneusgppremium/api/util/ApiError.java:41:30: O parâmetro timestamp deve ser final. [FinalParameters]
[WARN] /Users/my/Documents/www/GP/apigppremium/src/main/java/br/compneusgppremium/api/util/ApiError.java:45:5: A classe 'ApiError' parece ter sido projetada para extensão (permite subclasses), mas o método 'getMessage' não tem um javadoc que explica como fazer isso de forma segura. Se a classe não é projetada para extensão, considere fazer a classe 'ApiError' ser final, tornar o método 'getMessage' estático/final/abstrato/vazio ou adicione as anotações permitidas ao método. [DesignForExtension]
[WARN] /Users/my/Documents/www/GP/apigppremium/src/main/java/br/compneusgppremium/api/util/ApiError.java:49:5: A classe 'ApiError' parece ter sido projetada para extensão (permite subclasses), mas o método 'setMessage' não tem um javadoc que explica como fazer isso de forma segura. Se a classe não é projetada para extensão, considere fazer a classe 'ApiError' ser final, tornar o método 'setMessage' estático/final/abstrato/vazio ou adicione as anotações permitidas ao método. [DesignForExtension]
[WARN] /Users/my/Documents/www/GP/apigppremium/src/main/java/br/compneusgppremium/api/util/ApiError.java:49:28: O parâmetro message deve ser final. [FinalParameters]
[WARN] /Users/my/Documents/www/GP/apigppremium/src/main/java/br/compneusgppremium/api/util/ApiError.java:53:5: A classe 'ApiError' parece ter sido projetada para extensão (permite subclasses), mas o método 'getDebugMessage' não tem um javadoc que explica como fazer isso de forma segura. Se a classe não é projetada para extensão, considere fazer a classe 'ApiError' ser final, tornar o método 'getDebugMessage' estático/final/abstrato/vazio ou adicione as anotações permitidas ao método. [DesignForExtension]
[WARN] /Users/my/Documents/www/GP/apigppremium/src/main/java/br/compneusgppremium/api/util/ApiError.java:57:5: A classe 'ApiError' parece ter sido projetada para extensão (permite subclasses), mas o método 'setDebugMessage' não tem um javadoc que explica como fazer isso de forma segura. Se a classe não é projetada para extensão, considere fazer a classe 'ApiError' ser final, tornar o método 'setDebugMessage' estático/final/abstrato/vazio ou adicione as anotações permitidas ao método. [DesignForExtension]
[WARN] /Users/my/Documents/www/GP/apigppremium/src/main/java/br/compneusgppremium/api/util/ApiError.java:57:33: O parâmetro debugMessage deve ser final. [FinalParameters]
[WARN] /Users/my/Documents/www/GP/apigppremium/src/main/java/br/compneusgppremium/api/util/ApiError.java:61:5: A classe 'ApiError' parece ter sido projetada para extensão (permite subclasses), mas o método 'getSubErrors' não tem um javadoc que explica como fazer isso de forma segura. Se a classe não é projetada para extensão, considere fazer a classe 'ApiError' ser final, tornar o método 'getSubErrors' estático/final/abstrato/vazio ou adicione as anotações permitidas ao método. [DesignForExtension]
[WARN] /Users/my/Documents/www/GP/apigppremium/src/main/java/br/compneusgppremium/api/util/ApiError.java:65:5: A classe 'ApiError' parece ter sido projetada para extensão (permite subclasses), mas o método 'setSubErrors' não tem um javadoc que explica como fazer isso de forma segura. Se a classe não é projetada para extensão, considere fazer a classe 'ApiError' ser final, tornar o método 'setSubErrors' estático/final/abstrato/vazio ou adicione as anotações permitidas ao método. [DesignForExtension]
[WARN] /Users/my/Documents/www/GP/apigppremium/src/main/java/br/compneusgppremium/api/util/ApiError.java:65:30: O parâmetro subErrors deve ser final. [FinalParameters]
[WARN] /Users/my/Documents/www/GP/apigppremium/src/main/java/br/compneusgppremium/api/util/ApiError.java:71:21: O parâmetro status deve ser final. [FinalParameters]
[WARN] /Users/my/Documents/www/GP/apigppremium/src/main/java/br/compneusgppremium/api/util/ApiError.java:71:40: O parâmetro message deve ser final. [FinalParameters]
[WARN] /Users/my/Documents/www/GP/apigppremium/src/main/java/br/compneusgppremium/api/util/ApiError.java:71:56: O parâmetro error deve ser final. [FinalParameters]
[WARN] /Users/my/Documents/www/GP/apigppremium/src/main/java/br/compneusgppremium/api/util/ApiError.java:79:21: O parâmetro status deve ser final. [FinalParameters]
[WARN] /Users/my/Documents/www/GP/apigppremium/src/main/java/br/compneusgppremium/api/util/ApiError.java:79:40: O parâmetro message deve ser final. [FinalParameters]
[WARN] /Users/my/Documents/www/GP/apigppremium/src/main/java/br/compneusgppremium/api/util/ApiError.java:79:56: O parâmetro ex deve ser final. [FinalParameters]
[WARN] /Users/my/Documents/www/GP/apigppremium/src/main/java/br/compneusgppremium/api/util/ApiError.java:79:70: O parâmetro error deve ser final. [FinalParameters]
[WARN] /Users/my/Documents/www/GP/apigppremium/src/main/java/br/compneusgppremium/api/util/ApiError.java:83:40: Evite condicionais inline. [AvoidInlineConditionals]
[WARN] /Users/my/Documents/www/GP/apigppremium/src/main/java/br/compneusgppremium/api/util/ApiError.java:101:24: O parâmetro object deve ser final. [FinalParameters]
[WARN] /Users/my/Documents/www/GP/apigppremium/src/main/java/br/compneusgppremium/api/util/ApiError.java:101:39: O parâmetro message deve ser final. [FinalParameters]
[WARN] /Users/my/Documents/www/GP/apigppremium/src/main/java/br/compneusgppremium/api/util/ResumoEntidade.java:12:20: O parâmetro tabela deve ser final. [FinalParameters]
[WARN] /Users/my/Documents/www/GP/apigppremium/src/main/java/br/compneusgppremium/api/util/ResumoEntidade.java:12:35: O parâmetro coluna deve ser final. [FinalParameters]
[WARN] /Users/my/Documents/www/GP/apigppremium/src/main/java/br/compneusgppremium/api/util/ResumoEntidade.java:17:31: O '{' na coluna 31 deveria ser seguido de uma quebra de linha. [LeftCurly]
[WARN] /Users/my/Documents/www/GP/apigppremium/src/main/java/br/compneusgppremium/api/util/ResumoEntidade.java:18:31: O '{' na coluna 31 deveria ser seguido de uma quebra de linha. [LeftCurly]
[WARN] /Users/my/Documents/www/GP/apigppremium/src/main/java/br/compneusgppremium/api/util/JpaConverterJson.java:13:19: O modificador 'static' está fora da ordem sugerida pela JLS. [ModifierOrder]
[WARN] /Users/my/Documents/www/GP/apigppremium/src/main/java/br/compneusgppremium/api/util/JpaConverterJson.java:13:39: O nome 'objectMapper' deve condizer com o padrão '^[A-Z][A-Z0-9]*(_[A-Z0-9]+)*$'. [ConstantName]
[WARN] /Users/my/Documents/www/GP/apigppremium/src/main/java/br/compneusgppremium/api/util/JpaConverterJson.java:15:5: A classe 'JpaConverterJson' parece ter sido projetada para extensão (permite subclasses), mas o método 'convertToDatabaseColumn' não tem um javadoc que explica como fazer isso de forma segura. Se a classe não é projetada para extensão, considere fazer a classe 'JpaConverterJson' ser final, tornar o método 'convertToDatabaseColumn' estático/final/abstrato/vazio ou adicione as anotações permitidas ao método. [DesignForExtension]
[WARN] /Users/my/Documents/www/GP/apigppremium/src/main/java/br/compneusgppremium/api/util/JpaConverterJson.java:16:43: O parâmetro meta deve ser final. [FinalParameters]
[WARN] /Users/my/Documents/www/GP/apigppremium/src/main/java/br/compneusgppremium/api/util/JpaConverterJson.java:25:5: A classe 'JpaConverterJson' parece ter sido projetada para extensão (permite subclasses), mas o método 'convertToEntityAttribute' não tem um javadoc que explica como fazer isso de forma segura. Se a classe não é projetada para extensão, considere fazer a classe 'JpaConverterJson' ser final, tornar o método 'convertToEntityAttribute' estático/final/abstrato/vazio ou adicione as anotações permitidas ao método. [DesignForExtension]
[WARN] /Users/my/Documents/www/GP/apigppremium/src/main/java/br/compneusgppremium/api/util/JpaConverterJson.java:26:44: O parâmetro dbData deve ser final. [FinalParameters]
[WARN] /Users/my/Documents/www/GP/apigppremium/src/main/java/br/compneusgppremium/api/config/security/CorsConfiguration.java:12:33: O parâmetro registry deve ser final. [FinalParameters]
[WARN] /Users/my/Documents/www/GP/apigppremium/src/main/java/br/compneusgppremium/api/config/security/SecurityConfigurations.java:9:8: Importação não utilizada - org.springframework.http.HttpMethod. [UnusedImports]
[WARN] /Users/my/Documents/www/GP/apigppremium/src/main/java/br/compneusgppremium/api/config/security/SecurityConfigurations.java:33:5: A classe 'SecurityConfigurations' parece ter sido projetada para extensão (permite subclasses), mas o método 'authenticationManager' não tem um javadoc que explica como fazer isso de forma segura. Se a classe não é projetada para extensão, considere fazer a classe 'SecurityConfigurations' ser final, tornar o método 'authenticationManager' estático/final/abstrato/vazio ou adicione as anotações permitidas ao método. [DesignForExtension]
[WARN] /Users/my/Documents/www/GP/apigppremium/src/main/java/br/compneusgppremium/api/config/security/SecurityConfigurations.java:40:5: A classe 'SecurityConfigurations' parece ter sido projetada para extensão (permite subclasses), mas o método 'configure' não tem um javadoc que explica como fazer isso de forma segura. Se a classe não é projetada para extensão, considere fazer a classe 'SecurityConfigurations' ser final, tornar o método 'configure' estático/final/abstrato/vazio ou adicione as anotações permitidas ao método. [DesignForExtension]
[WARN] /Users/my/Documents/www/GP/apigppremium/src/main/java/br/compneusgppremium/api/config/security/SecurityConfigurations.java:41:30: O parâmetro auth deve ser final. [FinalParameters]
[WARN] /Users/my/Documents/www/GP/apigppremium/src/main/java/br/compneusgppremium/api/config/security/SecurityConfigurations.java:46:5: A classe 'SecurityConfigurations' parece ter sido projetada para extensão (permite subclasses), mas o método 'configure' não tem um javadoc que explica como fazer isso de forma segura. Se a classe não é projetada para extensão, considere fazer a classe 'SecurityConfigurations' ser final, tornar o método 'configure' estático/final/abstrato/vazio ou adicione as anotações permitidas ao método. [DesignForExtension]
[WARN] /Users/my/Documents/www/GP/apigppremium/src/main/java/br/compneusgppremium/api/config/security/SecurityConfigurations.java:47:30: O parâmetro http deve ser final. [FinalParameters]
[WARN] /Users/my/Documents/www/GP/apigppremium/src/main/java/br/compneusgppremium/api/config/security/SecurityConfigurations.java:64:5: A classe 'SecurityConfigurations' parece ter sido projetada para extensão (permite subclasses), mas o método 'configure' não tem um javadoc que explica como fazer isso de forma segura. Se a classe não é projetada para extensão, considere fazer a classe 'SecurityConfigurations' ser final, tornar o método 'configure' estático/final/abstrato/vazio ou adicione as anotações permitidas ao método. [DesignForExtension]
[WARN] /Users/my/Documents/www/GP/apigppremium/src/main/java/br/compneusgppremium/api/config/security/SecurityConfigurations.java:65:27: O parâmetro web deve ser final. [FinalParameters]
[WARN] /Users/my/Documents/www/GP/apigppremium/src/main/java/br/compneusgppremium/api/config/security/SecurityConfigurations.java:70:5: A classe 'SecurityConfigurations' parece ter sido projetada para extensão (permite subclasses), mas o método 'passwordEncoder' não tem um javadoc que explica como fazer isso de forma segura. Se a classe não é projetada para extensão, considere fazer a classe 'SecurityConfigurations' ser final, tornar o método 'passwordEncoder' estático/final/abstrato/vazio ou adicione as anotações permitidas ao método. [DesignForExtension]
[WARN] /Users/my/Documents/www/GP/apigppremium/src/main/java/br/compneusgppremium/api/config/security/AutenticacaoViaTokenFilter.java:17:1: A linha contém um caractere de tabulação. [FileTabCharacter]
[WARN] /Users/my/Documents/www/GP/apigppremium/src/main/java/br/compneusgppremium/api/config/security/AutenticacaoViaTokenFilter.java:18:1: A linha contém um caractere de tabulação. [FileTabCharacter]
[WARN] /Users/my/Documents/www/GP/apigppremium/src/main/java/br/compneusgppremium/api/config/security/AutenticacaoViaTokenFilter.java:20:1: A linha contém um caractere de tabulação. [FileTabCharacter]
[WARN] /Users/my/Documents/www/GP/apigppremium/src/main/java/br/compneusgppremium/api/config/security/AutenticacaoViaTokenFilter.java:20:43: O parâmetro tokenService deve ser final. [FinalParameters]
[WARN] /Users/my/Documents/www/GP/apigppremium/src/main/java/br/compneusgppremium/api/config/security/AutenticacaoViaTokenFilter.java:20:70: O parâmetro repository deve ser final. [FinalParameters]
[WARN] /Users/my/Documents/www/GP/apigppremium/src/main/java/br/compneusgppremium/api/config/security/AutenticacaoViaTokenFilter.java:21:1: A linha contém um caractere de tabulação. [FileTabCharacter]
[WARN] /Users/my/Documents/www/GP/apigppremium/src/main/java/br/compneusgppremium/api/config/security/AutenticacaoViaTokenFilter.java:22:1: A linha contém um caractere de tabulação. [FileTabCharacter]
[WARN] /Users/my/Documents/www/GP/apigppremium/src/main/java/br/compneusgppremium/api/config/security/AutenticacaoViaTokenFilter.java:23:1: A linha contém um caractere de tabulação. [FileTabCharacter]
[WARN] /Users/my/Documents/www/GP/apigppremium/src/main/java/br/compneusgppremium/api/config/security/AutenticacaoViaTokenFilter.java:25:1: A linha contém um caractere de tabulação. [FileTabCharacter]
[WARN] /Users/my/Documents/www/GP/apigppremium/src/main/java/br/compneusgppremium/api/config/security/AutenticacaoViaTokenFilter.java:25:9: A classe 'AutenticacaoViaTokenFilter' parece ter sido projetada para extensão (permite subclasses), mas o método 'doFilterInternal' não tem um javadoc que explica como fazer isso de forma segura. Se a classe não é projetada para extensão, considere fazer a classe 'AutenticacaoViaTokenFilter' ser final, tornar o método 'doFilterInternal' estático/final/abstrato/vazio ou adicione as anotações permitidas ao método. [DesignForExtension]
[WARN] /Users/my/Documents/www/GP/apigppremium/src/main/java/br/compneusgppremium/api/config/security/AutenticacaoViaTokenFilter.java:26:1: A linha contém um caractere de tabulação. [FileTabCharacter]
[WARN] /Users/my/Documents/www/GP/apigppremium/src/main/java/br/compneusgppremium/api/config/security/AutenticacaoViaTokenFilter.java:26:41: O parâmetro request deve ser final. [FinalParameters]
[WARN] /Users/my/Documents/www/GP/apigppremium/src/main/java/br/compneusgppremium/api/config/security/AutenticacaoViaTokenFilter.java:27:1: A linha contém um caractere de tabulação. [FileTabCharacter]
[WARN] /Users/my/Documents/www/GP/apigppremium/src/main/java/br/compneusgppremium/api/config/security/AutenticacaoViaTokenFilter.java:27:73: O parâmetro response deve ser final. [FinalParameters]
[WARN] /Users/my/Documents/www/GP/apigppremium/src/main/java/br/compneusgppremium/api/config/security/AutenticacaoViaTokenFilter.java:28: A linha contém mais do que 120 caracteres (foram encontrados 135). [LineLength]
[WARN] /Users/my/Documents/www/GP/apigppremium/src/main/java/br/compneusgppremium/api/config/security/AutenticacaoViaTokenFilter.java:28:1: A linha contém um caractere de tabulação. [FileTabCharacter]
[WARN] /Users/my/Documents/www/GP/apigppremium/src/main/java/br/compneusgppremium/api/config/security/AutenticacaoViaTokenFilter.java:28:73: O parâmetro filterChain deve ser final. [FinalParameters]
[WARN] /Users/my/Documents/www/GP/apigppremium/src/main/java/br/compneusgppremium/api/config/security/AutenticacaoViaTokenFilter.java:30:1: A linha contém um caractere de tabulação. [FileTabCharacter]
[WARN] /Users/my/Documents/www/GP/apigppremium/src/main/java/br/compneusgppremium/api/config/security/AutenticacaoViaTokenFilter.java:32:1: A linha contém um caractere de tabulação. [FileTabCharacter]
[WARN] /Users/my/Documents/www/GP/apigppremium/src/main/java/br/compneusgppremium/api/config/security/AutenticacaoViaTokenFilter.java:33:1: A linha contém um caractere de tabulação. [FileTabCharacter]
[WARN] /Users/my/Documents/www/GP/apigppremium/src/main/java/br/compneusgppremium/api/config/security/AutenticacaoViaTokenFilter.java:34:1: A linha contém um caractere de tabulação. [FileTabCharacter]
[WARN] /Users/my/Documents/www/GP/apigppremium/src/main/java/br/compneusgppremium/api/config/security/AutenticacaoViaTokenFilter.java:36:1: A linha contém um caractere de tabulação. [FileTabCharacter]
[WARN] /Users/my/Documents/www/GP/apigppremium/src/main/java/br/compneusgppremium/api/config/security/AutenticacaoViaTokenFilter.java:37:1: A linha contém um caractere de tabulação. [FileTabCharacter]
[WARN] /Users/my/Documents/www/GP/apigppremium/src/main/java/br/compneusgppremium/api/config/security/AutenticacaoViaTokenFilter.java:39:1: A linha contém um caractere de tabulação. [FileTabCharacter]
[WARN] /Users/my/Documents/www/GP/apigppremium/src/main/java/br/compneusgppremium/api/config/security/AutenticacaoViaTokenFilter.java:39:40: O parâmetro token deve ser final. [FinalParameters]
[WARN] /Users/my/Documents/www/GP/apigppremium/src/main/java/br/compneusgppremium/api/config/security/AutenticacaoViaTokenFilter.java:40:1: A linha contém um caractere de tabulação. [FileTabCharacter]
[WARN] /Users/my/Documents/www/GP/apigppremium/src/main/java/br/compneusgppremium/api/config/security/AutenticacaoViaTokenFilter.java:41:1: A linha contém um caractere de tabulação. [FileTabCharacter]
[WARN] /Users/my/Documents/www/GP/apigppremium/src/main/java/br/compneusgppremium/api/config/security/AutenticacaoViaTokenFilter.java:43:1: A linha contém um caractere de tabulação. [FileTabCharacter]
[WARN] /Users/my/Documents/www/GP/apigppremium/src/main/java/br/compneusgppremium/api/config/security/AutenticacaoViaTokenFilter.java:44:1: A linha contém um caractere de tabulação. [FileTabCharacter]
[WARN] /Users/my/Documents/www/GP/apigppremium/src/main/java/br/compneusgppremium/api/config/security/AutenticacaoViaTokenFilter.java:45:1: A linha contém um caractere de tabulação. [FileTabCharacter]
[WARN] /Users/my/Documents/www/GP/apigppremium/src/main/java/br/compneusgppremium/api/config/security/AutenticacaoViaTokenFilter.java:46:1: A linha contém um caractere de tabulação. [FileTabCharacter]
[WARN] /Users/my/Documents/www/GP/apigppremium/src/main/java/br/compneusgppremium/api/config/security/AutenticacaoViaTokenFilter.java:47:1: A linha contém um caractere de tabulação. [FileTabCharacter]
[WARN] /Users/my/Documents/www/GP/apigppremium/src/main/java/br/compneusgppremium/api/config/security/AutenticacaoViaTokenFilter.java:48:1: A linha contém um caractere de tabulação. [FileTabCharacter]
[WARN] /Users/my/Documents/www/GP/apigppremium/src/main/java/br/compneusgppremium/api/config/security/AutenticacaoViaTokenFilter.java:49:1: A linha contém um caractere de tabulação. [FileTabCharacter]
[WARN] /Users/my/Documents/www/GP/apigppremium/src/main/java/br/compneusgppremium/api/config/security/AutenticacaoViaTokenFilter.java:50:1: A linha contém um caractere de tabulação. [FileTabCharacter]
[WARN] /Users/my/Documents/www/GP/apigppremium/src/main/java/br/compneusgppremium/api/config/security/AutenticacaoViaTokenFilter.java:51:1: A linha contém um caractere de tabulação. [FileTabCharacter]
[WARN] /Users/my/Documents/www/GP/apigppremium/src/main/java/br/compneusgppremium/api/config/security/AutenticacaoViaTokenFilter.java:52:1: A linha contém um caractere de tabulação. [FileTabCharacter]
[WARN] /Users/my/Documents/www/GP/apigppremium/src/main/java/br/compneusgppremium/api/config/security/AutenticacaoViaTokenFilter.java:53:1: A linha contém um caractere de tabulação. [FileTabCharacter]
[WARN] /Users/my/Documents/www/GP/apigppremium/src/main/java/br/compneusgppremium/api/config/security/AutenticacaoViaTokenFilter.java:54:1: A linha contém um caractere de tabulação. [FileTabCharacter]
[WARN] /Users/my/Documents/www/GP/apigppremium/src/main/java/br/compneusgppremium/api/config/security/AutenticacaoViaTokenFilter.java:55:1: A linha contém um caractere de tabulação. [FileTabCharacter]
[WARN] /Users/my/Documents/www/GP/apigppremium/src/main/java/br/compneusgppremium/api/config/security/AutenticacaoViaTokenFilter.java:56:1: A linha contém um caractere de tabulação. [FileTabCharacter]
[WARN] /Users/my/Documents/www/GP/apigppremium/src/main/java/br/compneusgppremium/api/config/security/AutenticacaoViaTokenFilter.java:58:1: A linha contém um caractere de tabulação. [FileTabCharacter]
[WARN] /Users/my/Documents/www/GP/apigppremium/src/main/java/br/compneusgppremium/api/config/security/AutenticacaoViaTokenFilter.java:58:39: O parâmetro request deve ser final. [FinalParameters]
[WARN] /Users/my/Documents/www/GP/apigppremium/src/main/java/br/compneusgppremium/api/config/security/AutenticacaoViaTokenFilter.java:59:1: A linha contém um caractere de tabulação. [FileTabCharacter]
[WARN] /Users/my/Documents/www/GP/apigppremium/src/main/java/br/compneusgppremium/api/config/security/AutenticacaoViaTokenFilter.java:60:1: A linha contém um caractere de tabulação. [FileTabCharacter]
[WARN] /Users/my/Documents/www/GP/apigppremium/src/main/java/br/compneusgppremium/api/config/security/AutenticacaoViaTokenFilter.java:61:1: A linha contém um caractere de tabulação. [FileTabCharacter]
[WARN] /Users/my/Documents/www/GP/apigppremium/src/main/java/br/compneusgppremium/api/config/security/AutenticacaoViaTokenFilter.java:62:1: A linha contém um caractere de tabulação. [FileTabCharacter]
[WARN] /Users/my/Documents/www/GP/apigppremium/src/main/java/br/compneusgppremium/api/config/security/AutenticacaoViaTokenFilter.java:63:1: A linha contém um caractere de tabulação. [FileTabCharacter]
[WARN] /Users/my/Documents/www/GP/apigppremium/src/main/java/br/compneusgppremium/api/config/security/AutenticacaoViaTokenFilter.java:63:40: '7' é um número mágico. [MagicNumber]
[WARN] /Users/my/Documents/www/GP/apigppremium/src/main/java/br/compneusgppremium/api/config/security/AutenticacaoViaTokenFilter.java:64:1: A linha contém um caractere de tabulação. [FileTabCharacter]
[WARN] /Users/my/Documents/www/GP/apigppremium/src/main/java/br/compneusgppremium/api/config/SwaggerConfig.java:19:5: A classe 'SwaggerConfig' parece ter sido projetada para extensão (permite subclasses), mas o método 'customOpenAPI' não tem um javadoc que explica como fazer isso de forma segura. Se a classe não é projetada para extensão, considere fazer a classe 'SwaggerConfig' ser final, tornar o método 'customOpenAPI' estático/final/abstrato/vazio ou adicione as anotações permitidas ao método. [DesignForExtension]
[WARN] /Users/my/Documents/www/GP/apigppremium/src/main/java/br/compneusgppremium/api/message/ResponseMessage.java:12:28: O parâmetro message deve ser final. [FinalParameters]
[WARN] /Users/my/Documents/www/GP/apigppremium/src/main/java/br/compneusgppremium/api/message/ResponseMessage.java:12:44: O parâmetro content deve ser final. [FinalParameters]
[WARN] /Users/my/Documents/www/GP/apigppremium/src/main/java/br/compneusgppremium/api/message/ResponseMessage.java:17:5: A classe 'ResponseMessage' parece ter sido projetada para extensão (permite subclasses), mas o método 'getMessage' não tem um javadoc que explica como fazer isso de forma segura. Se a classe não é projetada para extensão, considere fazer a classe 'ResponseMessage' ser final, tornar o método 'getMessage' estático/final/abstrato/vazio ou adicione as anotações permitidas ao método. [DesignForExtension]
[WARN] /Users/my/Documents/www/GP/apigppremium/src/main/java/br/compneusgppremium/api/message/ResponseMessage.java:21:5: A classe 'ResponseMessage' parece ter sido projetada para extensão (permite subclasses), mas o método 'setMessage' não tem um javadoc que explica como fazer isso de forma segura. Se a classe não é projetada para extensão, considere fazer a classe 'ResponseMessage' ser final, tornar o método 'setMessage' estático/final/abstrato/vazio ou adicione as anotações permitidas ao método. [DesignForExtension]
[WARN] /Users/my/Documents/www/GP/apigppremium/src/main/java/br/compneusgppremium/api/message/ResponseMessage.java:21:28: O parâmetro message deve ser final. [FinalParameters]
[WARN] /Users/my/Documents/www/GP/apigppremium/src/main/java/br/compneusgppremium/api/message/ResponseMessage.java:25:3: A classe 'ResponseMessage' parece ter sido projetada para extensão (permite subclasses), mas o método 'getContent' não tem um javadoc que explica como fazer isso de forma segura. Se a classe não é projetada para extensão, considere fazer a classe 'ResponseMessage' ser final, tornar o método 'getContent' estático/final/abstrato/vazio ou adicione as anotações permitidas ao método. [DesignForExtension]
[WARN] /Users/my/Documents/www/GP/apigppremium/src/main/java/br/compneusgppremium/api/message/ResponseMessage.java:29:3: A classe 'ResponseMessage' parece ter sido projetada para extensão (permite subclasses), mas o método 'setContent' não tem um javadoc que explica como fazer isso de forma segura. Se a classe não é projetada para extensão, considere fazer a classe 'ResponseMessage' ser final, tornar o método 'setContent' estático/final/abstrato/vazio ou adicione as anotações permitidas ao método. [DesignForExtension]
[WARN] /Users/my/Documents/www/GP/apigppremium/src/main/java/br/compneusgppremium/api/message/ResponseMessage.java:29:26: O parâmetro content deve ser final. [FinalParameters]
[WARN] /Users/my/Documents/www/GP/apigppremium/src/main/java/br/compneusgppremium/api/controller/dto/ConfiguracaoMaquinaCreateDTO.java:24:17: '100' é um número mágico. [MagicNumber]
[WARN] /Users/my/Documents/www/GP/apigppremium/src/main/java/br/compneusgppremium/api/controller/dto/ConfiguracaoMaquinaCreateDTO.java:31: A linha contém mais do que 120 caracteres (foram encontrados 126). [LineLength]
[WARN] /Users/my/Documents/www/GP/apigppremium/src/main/java/br/compneusgppremium/api/controller/dto/ConfiguracaoMaquinaCreateDTO.java:35:43: '{' não está seguido de espaço em branco. [WhitespaceAround]
[WARN] /Users/my/Documents/www/GP/apigppremium/src/main/java/br/compneusgppremium/api/controller/dto/ConfiguracaoMaquinaCreateDTO.java:35:44: '}' não está precedido por espaço em branco. [WhitespaceAround]
[WARN] /Users/my/Documents/www/GP/apigppremium/src/main/java/br/compneusgppremium/api/controller/dto/ConfiguracaoMaquinaCreateDTO.java:37:41: O parâmetro maquinaId deve ser final. [FinalParameters]
[WARN] /Users/my/Documents/www/GP/apigppremium/src/main/java/br/compneusgppremium/api/controller/dto/ConfiguracaoMaquinaCreateDTO.java:37:57: O parâmetro matrizId deve ser final. [FinalParameters]
[WARN] /Users/my/Documents/www/GP/apigppremium/src/main/java/br/compneusgppremium/api/controller/dto/ConfiguracaoMaquinaCreateDTO.java:37:75: O parâmetro celularId deve ser final. [FinalParameters]
[WARN] /Users/my/Documents/www/GP/apigppremium/src/main/java/br/compneusgppremium/api/controller/dto/ConfiguracaoMaquinaCreateDTO.java:38:40: O parâmetro descricao deve ser final. [FinalParameters]
[WARN] /Users/my/Documents/www/GP/apigppremium/src/main/java/br/compneusgppremium/api/controller/dto/ConfiguracaoMaquinaCreateDTO.java:38:58: O parâmetro atributos deve ser final. [FinalParameters]
[WARN] /Users/my/Documents/www/GP/apigppremium/src/main/java/br/compneusgppremium/api/controller/dto/ConfiguracaoMaquinaCreateDTO.java:47:5: A classe 'ConfiguracaoMaquinaCreateDTO' parece ter sido projetada para extensão (permite subclasses), mas o método 'getMaquinaId' não tem um javadoc que explica como fazer isso de forma segura. Se a classe não é projetada para extensão, considere fazer a classe 'ConfiguracaoMaquinaCreateDTO' ser final, tornar o método 'getMaquinaId' estático/final/abstrato/vazio ou adicione as anotações permitidas ao método. [DesignForExtension]
[WARN] /Users/my/Documents/www/GP/apigppremium/src/main/java/br/compneusgppremium/api/controller/dto/ConfiguracaoMaquinaCreateDTO.java:51:5: A classe 'ConfiguracaoMaquinaCreateDTO' parece ter sido projetada para extensão (permite subclasses), mas o método 'setMaquinaId' não tem um javadoc que explica como fazer isso de forma segura. Se a classe não é projetada para extensão, considere fazer a classe 'ConfiguracaoMaquinaCreateDTO' ser final, tornar o método 'setMaquinaId' estático/final/abstrato/vazio ou adicione as anotações permitidas ao método. [DesignForExtension]
[WARN] /Users/my/Documents/www/GP/apigppremium/src/main/java/br/compneusgppremium/api/controller/dto/ConfiguracaoMaquinaCreateDTO.java:51:30: O parâmetro maquinaId deve ser final. [FinalParameters]
[WARN] /Users/my/Documents/www/GP/apigppremium/src/main/java/br/compneusgppremium/api/controller/dto/ConfiguracaoMaquinaCreateDTO.java:55:5: A classe 'ConfiguracaoMaquinaCreateDTO' parece ter sido projetada para extensão (permite subclasses), mas o método 'getMatrizId' não tem um javadoc que explica como fazer isso de forma segura. Se a classe não é projetada para extensão, considere fazer a classe 'ConfiguracaoMaquinaCreateDTO' ser final, tornar o método 'getMatrizId' estático/final/abstrato/vazio ou adicione as anotações permitidas ao método. [DesignForExtension]
[WARN] /Users/my/Documents/www/GP/apigppremium/src/main/java/br/compneusgppremium/api/controller/dto/ConfiguracaoMaquinaCreateDTO.java:59:5: A classe 'ConfiguracaoMaquinaCreateDTO' parece ter sido projetada para extensão (permite subclasses), mas o método 'setMatrizId' não tem um javadoc que explica como fazer isso de forma segura. Se a classe não é projetada para extensão, considere fazer a classe 'ConfiguracaoMaquinaCreateDTO' ser final, tornar o método 'setMatrizId' estático/final/abstrato/vazio ou adicione as anotações permitidas ao método. [DesignForExtension]
[WARN] /Users/my/Documents/www/GP/apigppremium/src/main/java/br/compneusgppremium/api/controller/dto/ConfiguracaoMaquinaCreateDTO.java:59:29: O parâmetro matrizId deve ser final. [FinalParameters]
[WARN] /Users/my/Documents/www/GP/apigppremium/src/main/java/br/compneusgppremium/api/controller/dto/ConfiguracaoMaquinaCreateDTO.java:63:5: A classe 'ConfiguracaoMaquinaCreateDTO' parece ter sido projetada para extensão (permite subclasses), mas o método 'getCelularId' não tem um javadoc que explica como fazer isso de forma segura. Se a classe não é projetada para extensão, considere fazer a classe 'ConfiguracaoMaquinaCreateDTO' ser final, tornar o método 'getCelularId' estático/final/abstrato/vazio ou adicione as anotações permitidas ao método. [DesignForExtension]
[WARN] /Users/my/Documents/www/GP/apigppremium/src/main/java/br/compneusgppremium/api/controller/dto/ConfiguracaoMaquinaCreateDTO.java:67:5: A classe 'ConfiguracaoMaquinaCreateDTO' parece ter sido projetada para extensão (permite subclasses), mas o método 'setCelularId' não tem um javadoc que explica como fazer isso de forma segura. Se a classe não é projetada para extensão, considere fazer a classe 'ConfiguracaoMaquinaCreateDTO' ser final, tornar o método 'setCelularId' estático/final/abstrato/vazio ou adicione as anotações permitidas ao método. [DesignForExtension]
[WARN] /Users/my/Documents/www/GP/apigppremium/src/main/java/br/compneusgppremium/api/controller/dto/ConfiguracaoMaquinaCreateDTO.java:67:30: O parâmetro celularId deve ser final. [FinalParameters]
[WARN] /Users/my/Documents/www/GP/apigppremium/src/main/java/br/compneusgppremium/api/controller/dto/ConfiguracaoMaquinaCreateDTO.java:71:5: A classe 'ConfiguracaoMaquinaCreateDTO' parece ter sido projetada para extensão (permite subclasses), mas o método 'getDescricao' não tem um javadoc que explica como fazer isso de forma segura. Se a classe não é projetada para extensão, considere fazer a classe 'ConfiguracaoMaquinaCreateDTO' ser final, tornar o método 'getDescricao' estático/final/abstrato/vazio ou adicione as anotações permitidas ao método. [DesignForExtension]
[WARN] /Users/my/Documents/www/GP/apigppremium/src/main/java/br/compneusgppremium/api/controller/dto/ConfiguracaoMaquinaCreateDTO.java:75:5: A classe 'ConfiguracaoMaquinaCreateDTO' parece ter sido projetada para extensão (permite subclasses), mas o método 'setDescricao' não tem um javadoc que explica como fazer isso de forma segura. Se a classe não é projetada para extensão, considere fazer a classe 'ConfiguracaoMaquinaCreateDTO' ser final, tornar o método 'setDescricao' estático/final/abstrato/vazio ou adicione as anotações permitidas ao método. [DesignForExtension]
[WARN] /Users/my/Documents/www/GP/apigppremium/src/main/java/br/compneusgppremium/api/controller/dto/ConfiguracaoMaquinaCreateDTO.java:75:30: O parâmetro descricao deve ser final. [FinalParameters]
[WARN] /Users/my/Documents/www/GP/apigppremium/src/main/java/br/compneusgppremium/api/controller/dto/ConfiguracaoMaquinaCreateDTO.java:79:5: A classe 'ConfiguracaoMaquinaCreateDTO' parece ter sido projetada para extensão (permite subclasses), mas o método 'getAtributos' não tem um javadoc que explica como fazer isso de forma segura. Se a classe não é projetada para extensão, considere fazer a classe 'ConfiguracaoMaquinaCreateDTO' ser final, tornar o método 'getAtributos' estático/final/abstrato/vazio ou adicione as anotações permitidas ao método. [DesignForExtension]
[WARN] /Users/my/Documents/www/GP/apigppremium/src/main/java/br/compneusgppremium/api/controller/dto/ConfiguracaoMaquinaCreateDTO.java:83:5: A classe 'ConfiguracaoMaquinaCreateDTO' parece ter sido projetada para extensão (permite subclasses), mas o método 'setAtributos' não tem um javadoc que explica como fazer isso de forma segura. Se a classe não é projetada para extensão, considere fazer a classe 'ConfiguracaoMaquinaCreateDTO' ser final, tornar o método 'setAtributos' estático/final/abstrato/vazio ou adicione as anotações permitidas ao método. [DesignForExtension]
[WARN] /Users/my/Documents/www/GP/apigppremium/src/main/java/br/compneusgppremium/api/controller/dto/ConfiguracaoMaquinaCreateDTO.java:83:30: O parâmetro atributos deve ser final. [FinalParameters]
[WARN] /Users/my/Documents/www/GP/apigppremium/src/main/java/br/compneusgppremium/api/controller/dto/ProducaoPesquisaDTO.java:3:8: Importação não utilizada - br.compneusgppremium.api.controller.model.CarcacaModel. [UnusedImports]
[WARN] /Users/my/Documents/www/GP/apigppremium/src/main/java/br/compneusgppremium/api/controller/dto/ProducaoPesquisaDTO.java:4:8: Importação não utilizada - br.compneusgppremium.api.controller.model.MedidaModel. [UnusedImports]
[WARN] /Users/my/Documents/www/GP/apigppremium/src/main/java/br/compneusgppremium/api/controller/dto/ProducaoPesquisaDTO.java:6:8: Importação não utilizada - br.compneusgppremium.api.controller.model.RegraModel. [UnusedImports]
[WARN] /Users/my/Documents/www/GP/apigppremium/src/main/java/br/compneusgppremium/api/controller/dto/ProducaoPesquisaDTO.java:10:8: Importação não utilizada - java.util.Date. [UnusedImports]
[WARN] /Users/my/Documents/www/GP/apigppremium/src/main/java/br/compneusgppremium/api/controller/dto/ProducaoPesquisaDTO.java:12:1: Classes utilitárias não deveriam ter construtores públicos ou com visibilidade de pacote. [HideUtilityClassConstructor]
[WARN] /Users/my/Documents/www/GP/apigppremium/src/main/java/br/compneusgppremium/api/controller/dto/ProducaoPesquisaDTO.java:15:41: O parâmetro p deve ser final. [FinalParameters]
[WARN] /Users/my/Documents/www/GP/apigppremium/src/main/java/br/compneusgppremium/api/controller/dto/ProducaoPesquisaDTO.java:23:42: Evite condicionais inline. [AvoidInlineConditionals]
[WARN] /Users/my/Documents/www/GP/apigppremium/src/main/java/br/compneusgppremium/api/controller/dto/ProducaoPesquisaDTO.java:24:42: Evite condicionais inline. [AvoidInlineConditionals]
[WARN] /Users/my/Documents/www/GP/apigppremium/src/main/java/br/compneusgppremium/api/controller/dto/RegistroMaquinaUpdateDTO.java:13:17: '100' é um número mágico. [MagicNumber]
[WARN] /Users/my/Documents/www/GP/apigppremium/src/main/java/br/compneusgppremium/api/controller/dto/RegistroMaquinaUpdateDTO.java:17:17: '100' é um número mágico. [MagicNumber]
[WARN] /Users/my/Documents/www/GP/apigppremium/src/main/java/br/compneusgppremium/api/controller/dto/RegistroMaquinaUpdateDTO.java:24:17: '250' é um número mágico. [MagicNumber]
[WARN] /Users/my/Documents/www/GP/apigppremium/src/main/java/br/compneusgppremium/api/controller/dto/RegistroMaquinaUpdateDTO.java:25: A linha contém mais do que 120 caracteres (foram encontrados 123). [LineLength]
[WARN] /Users/my/Documents/www/GP/apigppremium/src/main/java/br/compneusgppremium/api/controller/dto/PneuVulcanizadoCreateDTO.java:22:39: '{' não está seguido de espaço em branco. [WhitespaceAround]
[WARN] /Users/my/Documents/www/GP/apigppremium/src/main/java/br/compneusgppremium/api/controller/dto/PneuVulcanizadoCreateDTO.java:22:40: '}' não está precedido por espaço em branco. [WhitespaceAround]
[WARN] /Users/my/Documents/www/GP/apigppremium/src/main/java/br/compneusgppremium/api/controller/dto/PneuVulcanizadoCreateDTO.java:24:37: O parâmetro usuarioId deve ser final. [FinalParameters]
[WARN] /Users/my/Documents/www/GP/apigppremium/src/main/java/br/compneusgppremium/api/controller/dto/PneuVulcanizadoCreateDTO.java:24:53: O parâmetro producaoId deve ser final. [FinalParameters]
[WARN] /Users/my/Documents/www/GP/apigppremium/src/main/java/br/compneusgppremium/api/controller/dto/PneuVulcanizadoCreateDTO.java:30:5: A classe 'PneuVulcanizadoCreateDTO' parece ter sido projetada para extensão (permite subclasses), mas o método 'getUsuarioId' não tem um javadoc que explica como fazer isso de forma segura. Se a classe não é projetada para extensão, considere fazer a classe 'PneuVulcanizadoCreateDTO' ser final, tornar o método 'getUsuarioId' estático/final/abstrato/vazio ou adicione as anotações permitidas ao método. [DesignForExtension]
[WARN] /Users/my/Documents/www/GP/apigppremium/src/main/java/br/compneusgppremium/api/controller/dto/PneuVulcanizadoCreateDTO.java:34:5: A classe 'PneuVulcanizadoCreateDTO' parece ter sido projetada para extensão (permite subclasses), mas o método 'setUsuarioId' não tem um javadoc que explica como fazer isso de forma segura. Se a classe não é projetada para extensão, considere fazer a classe 'PneuVulcanizadoCreateDTO' ser final, tornar o método 'setUsuarioId' estático/final/abstrato/vazio ou adicione as anotações permitidas ao método. [DesignForExtension]
[WARN] /Users/my/Documents/www/GP/apigppremium/src/main/java/br/compneusgppremium/api/controller/dto/PneuVulcanizadoCreateDTO.java:34:30: O parâmetro usuarioId deve ser final. [FinalParameters]
[WARN] /Users/my/Documents/www/GP/apigppremium/src/main/java/br/compneusgppremium/api/controller/dto/PneuVulcanizadoCreateDTO.java:38:5: A classe 'PneuVulcanizadoCreateDTO' parece ter sido projetada para extensão (permite subclasses), mas o método 'getProducaoId' não tem um javadoc que explica como fazer isso de forma segura. Se a classe não é projetada para extensão, considere fazer a classe 'PneuVulcanizadoCreateDTO' ser final, tornar o método 'getProducaoId' estático/final/abstrato/vazio ou adicione as anotações permitidas ao método. [DesignForExtension]
[WARN] /Users/my/Documents/www/GP/apigppremium/src/main/java/br/compneusgppremium/api/controller/dto/PneuVulcanizadoCreateDTO.java:42:5: A classe 'PneuVulcanizadoCreateDTO' parece ter sido projetada para extensão (permite subclasses), mas o método 'setProducaoId' não tem um javadoc que explica como fazer isso de forma segura. Se a classe não é projetada para extensão, considere fazer a classe 'PneuVulcanizadoCreateDTO' ser final, tornar o método 'setProducaoId' estático/final/abstrato/vazio ou adicione as anotações permitidas ao método. [DesignForExtension]
[WARN] /Users/my/Documents/www/GP/apigppremium/src/main/java/br/compneusgppremium/api/controller/dto/PneuVulcanizadoCreateDTO.java:42:31: O parâmetro producaoId deve ser final. [FinalParameters]
[WARN] /Users/my/Documents/www/GP/apigppremium/src/main/java/br/compneusgppremium/api/controller/dto/ConfiguracaoMaquinaResponseDTO.java:22: A linha contém mais do que 120 caracteres (foram encontrados 126). [LineLength]
[WARN] /Users/my/Documents/www/GP/apigppremium/src/main/java/br/compneusgppremium/api/controller/dto/ConfiguracaoMaquinaResponseDTO.java:47:45: '{' não está seguido de espaço em branco. [WhitespaceAround]
[WARN] /Users/my/Documents/www/GP/apigppremium/src/main/java/br/compneusgppremium/api/controller/dto/ConfiguracaoMaquinaResponseDTO.java:47:46: '}' não está precedido por espaço em branco. [WhitespaceAround]
[WARN] /Users/my/Documents/www/GP/apigppremium/src/main/java/br/compneusgppremium/api/controller/dto/ConfiguracaoMaquinaResponseDTO.java:49:12: Existe mais do que 7 parâmetros (encontrado 11). [ParameterNumber]
[WARN] /Users/my/Documents/www/GP/apigppremium/src/main/java/br/compneusgppremium/api/controller/dto/ConfiguracaoMaquinaResponseDTO.java:49:43: O parâmetro id deve ser final. [FinalParameters]
[WARN] /Users/my/Documents/www/GP/apigppremium/src/main/java/br/compneusgppremium/api/controller/dto/ConfiguracaoMaquinaResponseDTO.java:49:52: O parâmetro celularId deve ser final. [FinalParameters]
[WARN] /Users/my/Documents/www/GP/apigppremium/src/main/java/br/compneusgppremium/api/controller/dto/ConfiguracaoMaquinaResponseDTO.java:49:70: O parâmetro descricao deve ser final. [FinalParameters]
[WARN] /Users/my/Documents/www/GP/apigppremium/src/main/java/br/compneusgppremium/api/controller/dto/ConfiguracaoMaquinaResponseDTO.java:50:42: O parâmetro atributos deve ser final. [FinalParameters]
[WARN] /Users/my/Documents/www/GP/apigppremium/src/main/java/br/compneusgppremium/api/controller/dto/ConfiguracaoMaquinaResponseDTO.java:50:60: O parâmetro matrizId deve ser final. [FinalParameters]
[WARN] /Users/my/Documents/www/GP/apigppremium/src/main/java/br/compneusgppremium/api/controller/dto/ConfiguracaoMaquinaResponseDTO.java:50:78: O parâmetro matrizNome deve ser final. [FinalParameters]
[WARN] /Users/my/Documents/www/GP/apigppremium/src/main/java/br/compneusgppremium/api/controller/dto/ConfiguracaoMaquinaResponseDTO.java:51:42: O parâmetro maquinaId deve ser final. [FinalParameters]
[WARN] /Users/my/Documents/www/GP/apigppremium/src/main/java/br/compneusgppremium/api/controller/dto/ConfiguracaoMaquinaResponseDTO.java:51:58: O parâmetro maquinaNome deve ser final. [FinalParameters]
[WARN] /Users/my/Documents/www/GP/apigppremium/src/main/java/br/compneusgppremium/api/controller/dto/ConfiguracaoMaquinaResponseDTO.java:52:42: O parâmetro dtCreate deve ser final. [FinalParameters]
[WARN] /Users/my/Documents/www/GP/apigppremium/src/main/java/br/compneusgppremium/api/controller/dto/ConfiguracaoMaquinaResponseDTO.java:52:66: O parâmetro dtUpdate deve ser final. [FinalParameters]
[WARN] /Users/my/Documents/www/GP/apigppremium/src/main/java/br/compneusgppremium/api/controller/dto/ConfiguracaoMaquinaResponseDTO.java:52:90: O parâmetro usuarioId deve ser final. [FinalParameters]
[WARN] /Users/my/Documents/www/GP/apigppremium/src/main/java/br/compneusgppremium/api/controller/dto/ConfiguracaoMaquinaResponseDTO.java:67:5: A classe 'ConfiguracaoMaquinaResponseDTO' parece ter sido projetada para extensão (permite subclasses), mas o método 'getId' não tem um javadoc que explica como fazer isso de forma segura. Se a classe não é projetada para extensão, considere fazer a classe 'ConfiguracaoMaquinaResponseDTO' ser final, tornar o método 'getId' estático/final/abstrato/vazio ou adicione as anotações permitidas ao método. [DesignForExtension]
[WARN] /Users/my/Documents/www/GP/apigppremium/src/main/java/br/compneusgppremium/api/controller/dto/ConfiguracaoMaquinaResponseDTO.java:71:5: A classe 'ConfiguracaoMaquinaResponseDTO' parece ter sido projetada para extensão (permite subclasses), mas o método 'setId' não tem um javadoc que explica como fazer isso de forma segura. Se a classe não é projetada para extensão, considere fazer a classe 'ConfiguracaoMaquinaResponseDTO' ser final, tornar o método 'setId' estático/final/abstrato/vazio ou adicione as anotações permitidas ao método. [DesignForExtension]
[WARN] /Users/my/Documents/www/GP/apigppremium/src/main/java/br/compneusgppremium/api/controller/dto/ConfiguracaoMaquinaResponseDTO.java:71:23: O parâmetro id deve ser final. [FinalParameters]
[WARN] /Users/my/Documents/www/GP/apigppremium/src/main/java/br/compneusgppremium/api/controller/dto/ConfiguracaoMaquinaResponseDTO.java:75:5: A classe 'ConfiguracaoMaquinaResponseDTO' parece ter sido projetada para extensão (permite subclasses), mas o método 'getCelularId' não tem um javadoc que explica como fazer isso de forma segura. Se a classe não é projetada para extensão, considere fazer a classe 'ConfiguracaoMaquinaResponseDTO' ser final, tornar o método 'getCelularId' estático/final/abstrato/vazio ou adicione as anotações permitidas ao método. [DesignForExtension]
[WARN] /Users/my/Documents/www/GP/apigppremium/src/main/java/br/compneusgppremium/api/controller/dto/ConfiguracaoMaquinaResponseDTO.java:79:5: A classe 'ConfiguracaoMaquinaResponseDTO' parece ter sido projetada para extensão (permite subclasses), mas o método 'setCelularId' não tem um javadoc que explica como fazer isso de forma segura. Se a classe não é projetada para extensão, considere fazer a classe 'ConfiguracaoMaquinaResponseDTO' ser final, tornar o método 'setCelularId' estático/final/abstrato/vazio ou adicione as anotações permitidas ao método. [DesignForExtension]
[WARN] /Users/my/Documents/www/GP/apigppremium/src/main/java/br/compneusgppremium/api/controller/dto/ConfiguracaoMaquinaResponseDTO.java:79:30: O parâmetro celularId deve ser final. [FinalParameters]
[WARN] /Users/my/Documents/www/GP/apigppremium/src/main/java/br/compneusgppremium/api/controller/dto/ConfiguracaoMaquinaResponseDTO.java:83:5: A classe 'ConfiguracaoMaquinaResponseDTO' parece ter sido projetada para extensão (permite subclasses), mas o método 'getDescricao' não tem um javadoc que explica como fazer isso de forma segura. Se a classe não é projetada para extensão, considere fazer a classe 'ConfiguracaoMaquinaResponseDTO' ser final, tornar o método 'getDescricao' estático/final/abstrato/vazio ou adicione as anotações permitidas ao método. [DesignForExtension]
[WARN] /Users/my/Documents/www/GP/apigppremium/src/main/java/br/compneusgppremium/api/controller/dto/ConfiguracaoMaquinaResponseDTO.java:87:5: A classe 'ConfiguracaoMaquinaResponseDTO' parece ter sido projetada para extensão (permite subclasses), mas o método 'setDescricao' não tem um javadoc que explica como fazer isso de forma segura. Se a classe não é projetada para extensão, considere fazer a classe 'ConfiguracaoMaquinaResponseDTO' ser final, tornar o método 'setDescricao' estático/final/abstrato/vazio ou adicione as anotações permitidas ao método. [DesignForExtension]
[WARN] /Users/my/Documents/www/GP/apigppremium/src/main/java/br/compneusgppremium/api/controller/dto/ConfiguracaoMaquinaResponseDTO.java:87:30: O parâmetro descricao deve ser final. [FinalParameters]
[WARN] /Users/my/Documents/www/GP/apigppremium/src/main/java/br/compneusgppremium/api/controller/dto/ConfiguracaoMaquinaResponseDTO.java:91:5: A classe 'ConfiguracaoMaquinaResponseDTO' parece ter sido projetada para extensão (permite subclasses), mas o método 'getAtributos' não tem um javadoc que explica como fazer isso de forma segura. Se a classe não é projetada para extensão, considere fazer a classe 'ConfiguracaoMaquinaResponseDTO' ser final, tornar o método 'getAtributos' estático/final/abstrato/vazio ou adicione as anotações permitidas ao método. [DesignForExtension]
[WARN] /Users/my/Documents/www/GP/apigppremium/src/main/java/br/compneusgppremium/api/controller/dto/ConfiguracaoMaquinaResponseDTO.java:95:5: A classe 'ConfiguracaoMaquinaResponseDTO' parece ter sido projetada para extensão (permite subclasses), mas o método 'setAtributos' não tem um javadoc que explica como fazer isso de forma segura. Se a classe não é projetada para extensão, considere fazer a classe 'ConfiguracaoMaquinaResponseDTO' ser final, tornar o método 'setAtributos' estático/final/abstrato/vazio ou adicione as anotações permitidas ao método. [DesignForExtension]
[WARN] /Users/my/Documents/www/GP/apigppremium/src/main/java/br/compneusgppremium/api/controller/dto/ConfiguracaoMaquinaResponseDTO.java:95:30: O parâmetro atributos deve ser final. [FinalParameters]
[WARN] /Users/my/Documents/www/GP/apigppremium/src/main/java/br/compneusgppremium/api/controller/dto/ConfiguracaoMaquinaResponseDTO.java:99:5: A classe 'ConfiguracaoMaquinaResponseDTO' parece ter sido projetada para extensão (permite subclasses), mas o método 'getMatrizId' não tem um javadoc que explica como fazer isso de forma segura. Se a classe não é projetada para extensão, considere fazer a classe 'ConfiguracaoMaquinaResponseDTO' ser final, tornar o método 'getMatrizId' estático/final/abstrato/vazio ou adicione as anotações permitidas ao método. [DesignForExtension]
[WARN] /Users/my/Documents/www/GP/apigppremium/src/main/java/br/compneusgppremium/api/controller/dto/ConfiguracaoMaquinaResponseDTO.java:103:5: A classe 'ConfiguracaoMaquinaResponseDTO' parece ter sido projetada para extensão (permite subclasses), mas o método 'setMatrizId' não tem um javadoc que explica como fazer isso de forma segura. Se a classe não é projetada para extensão, considere fazer a classe 'ConfiguracaoMaquinaResponseDTO' ser final, tornar o método 'setMatrizId' estático/final/abstrato/vazio ou adicione as anotações permitidas ao método. [DesignForExtension]
[WARN] /Users/my/Documents/www/GP/apigppremium/src/main/java/br/compneusgppremium/api/controller/dto/ConfiguracaoMaquinaResponseDTO.java:103:29: O parâmetro matrizId deve ser final. [FinalParameters]
[WARN] /Users/my/Documents/www/GP/apigppremium/src/main/java/br/compneusgppremium/api/controller/dto/ConfiguracaoMaquinaResponseDTO.java:107:5: A classe 'ConfiguracaoMaquinaResponseDTO' parece ter sido projetada para extensão (permite subclasses), mas o método 'getMatrizNome' não tem um javadoc que explica como fazer isso de forma segura. Se a classe não é projetada para extensão, considere fazer a classe 'ConfiguracaoMaquinaResponseDTO' ser final, tornar o método 'getMatrizNome' estático/final/abstrato/vazio ou adicione as anotações permitidas ao método. [DesignForExtension]
[WARN] /Users/my/Documents/www/GP/apigppremium/src/main/java/br/compneusgppremium/api/controller/dto/ConfiguracaoMaquinaResponseDTO.java:111:5: A classe 'ConfiguracaoMaquinaResponseDTO' parece ter sido projetada para extensão (permite subclasses), mas o método 'setMatrizNome' não tem um javadoc que explica como fazer isso de forma segura. Se a classe não é projetada para extensão, considere fazer a classe 'ConfiguracaoMaquinaResponseDTO' ser final, tornar o método 'setMatrizNome' estático/final/abstrato/vazio ou adicione as anotações permitidas ao método. [DesignForExtension]
[WARN] /Users/my/Documents/www/GP/apigppremium/src/main/java/br/compneusgppremium/api/controller/dto/ConfiguracaoMaquinaResponseDTO.java:111:31: O parâmetro matrizNome deve ser final. [FinalParameters]
[WARN] /Users/my/Documents/www/GP/apigppremium/src/main/java/br/compneusgppremium/api/controller/dto/ConfiguracaoMaquinaResponseDTO.java:115:5: A classe 'ConfiguracaoMaquinaResponseDTO' parece ter sido projetada para extensão (permite subclasses), mas o método 'getMaquinaId' não tem um javadoc que explica como fazer isso de forma segura. Se a classe não é projetada para extensão, considere fazer a classe 'ConfiguracaoMaquinaResponseDTO' ser final, tornar o método 'getMaquinaId' estático/final/abstrato/vazio ou adicione as anotações permitidas ao método. [DesignForExtension]
[WARN] /Users/my/Documents/www/GP/apigppremium/src/main/java/br/compneusgppremium/api/controller/dto/ConfiguracaoMaquinaResponseDTO.java:119:5: A classe 'ConfiguracaoMaquinaResponseDTO' parece ter sido projetada para extensão (permite subclasses), mas o método 'setMaquinaId' não tem um javadoc que explica como fazer isso de forma segura. Se a classe não é projetada para extensão, considere fazer a classe 'ConfiguracaoMaquinaResponseDTO' ser final, tornar o método 'setMaquinaId' estático/final/abstrato/vazio ou adicione as anotações permitidas ao método. [DesignForExtension]
[WARN] /Users/my/Documents/www/GP/apigppremium/src/main/java/br/compneusgppremium/api/controller/dto/ConfiguracaoMaquinaResponseDTO.java:119:30: O parâmetro maquinaId deve ser final. [FinalParameters]
[WARN] /Users/my/Documents/www/GP/apigppremium/src/main/java/br/compneusgppremium/api/controller/dto/ConfiguracaoMaquinaResponseDTO.java:123:5: A classe 'ConfiguracaoMaquinaResponseDTO' parece ter sido projetada para extensão (permite subclasses), mas o método 'getMaquinaNome' não tem um javadoc que explica como fazer isso de forma segura. Se a classe não é projetada para extensão, considere fazer a classe 'ConfiguracaoMaquinaResponseDTO' ser final, tornar o método 'getMaquinaNome' estático/final/abstrato/vazio ou adicione as anotações permitidas ao método. [DesignForExtension]
[WARN] /Users/my/Documents/www/GP/apigppremium/src/main/java/br/compneusgppremium/api/controller/dto/ConfiguracaoMaquinaResponseDTO.java:127:5: A classe 'ConfiguracaoMaquinaResponseDTO' parece ter sido projetada para extensão (permite subclasses), mas o método 'setMaquinaNome' não tem um javadoc que explica como fazer isso de forma segura. Se a classe não é projetada para extensão, considere fazer a classe 'ConfiguracaoMaquinaResponseDTO' ser final, tornar o método 'setMaquinaNome' estático/final/abstrato/vazio ou adicione as anotações permitidas ao método. [DesignForExtension]
[WARN] /Users/my/Documents/www/GP/apigppremium/src/main/java/br/compneusgppremium/api/controller/dto/ConfiguracaoMaquinaResponseDTO.java:127:32: O parâmetro maquinaNome deve ser final. [FinalParameters]
[WARN] /Users/my/Documents/www/GP/apigppremium/src/main/java/br/compneusgppremium/api/controller/dto/ConfiguracaoMaquinaResponseDTO.java:131:5: A classe 'ConfiguracaoMaquinaResponseDTO' parece ter sido projetada para extensão (permite subclasses), mas o método 'getDtCreate' não tem um javadoc que explica como fazer isso de forma segura. Se a classe não é projetada para extensão, considere fazer a classe 'ConfiguracaoMaquinaResponseDTO' ser final, tornar o método 'getDtCreate' estático/final/abstrato/vazio ou adicione as anotações permitidas ao método. [DesignForExtension]
[WARN] /Users/my/Documents/www/GP/apigppremium/src/main/java/br/compneusgppremium/api/controller/dto/ConfiguracaoMaquinaResponseDTO.java:135:5: A classe 'ConfiguracaoMaquinaResponseDTO' parece ter sido projetada para extensão (permite subclasses), mas o método 'setDtCreate' não tem um javadoc que explica como fazer isso de forma segura. Se a classe não é projetada para extensão, considere fazer a classe 'ConfiguracaoMaquinaResponseDTO' ser final, tornar o método 'setDtCreate' estático/final/abstrato/vazio ou adicione as anotações permitidas ao método. [DesignForExtension]
[WARN] /Users/my/Documents/www/GP/apigppremium/src/main/java/br/compneusgppremium/api/controller/dto/ConfiguracaoMaquinaResponseDTO.java:135:29: O parâmetro dtCreate deve ser final. [FinalParameters]
[WARN] /Users/my/Documents/www/GP/apigppremium/src/main/java/br/compneusgppremium/api/controller/dto/ConfiguracaoMaquinaResponseDTO.java:139:5: A classe 'ConfiguracaoMaquinaResponseDTO' parece ter sido projetada para extensão (permite subclasses), mas o método 'getDtUpdate' não tem um javadoc que explica como fazer isso de forma segura. Se a classe não é projetada para extensão, considere fazer a classe 'ConfiguracaoMaquinaResponseDTO' ser final, tornar o método 'getDtUpdate' estático/final/abstrato/vazio ou adicione as anotações permitidas ao método. [DesignForExtension]
[WARN] /Users/my/Documents/www/GP/apigppremium/src/main/java/br/compneusgppremium/api/controller/dto/ConfiguracaoMaquinaResponseDTO.java:143:5: A classe 'ConfiguracaoMaquinaResponseDTO' parece ter sido projetada para extensão (permite subclasses), mas o método 'setDtUpdate' não tem um javadoc que explica como fazer isso de forma segura. Se a classe não é projetada para extensão, considere fazer a classe 'ConfiguracaoMaquinaResponseDTO' ser final, tornar o método 'setDtUpdate' estático/final/abstrato/vazio ou adicione as anotações permitidas ao método. [DesignForExtension]
[WARN] /Users/my/Documents/www/GP/apigppremium/src/main/java/br/compneusgppremium/api/controller/dto/ConfiguracaoMaquinaResponseDTO.java:143:29: O parâmetro dtUpdate deve ser final. [FinalParameters]
[WARN] /Users/my/Documents/www/GP/apigppremium/src/main/java/br/compneusgppremium/api/controller/dto/ConfiguracaoMaquinaResponseDTO.java:147:5: A classe 'ConfiguracaoMaquinaResponseDTO' parece ter sido projetada para extensão (permite subclasses), mas o método 'getUsuarioId' não tem um javadoc que explica como fazer isso de forma segura. Se a classe não é projetada para extensão, considere fazer a classe 'ConfiguracaoMaquinaResponseDTO' ser final, tornar o método 'getUsuarioId' estático/final/abstrato/vazio ou adicione as anotações permitidas ao método. [DesignForExtension]
[WARN] /Users/my/Documents/www/GP/apigppremium/src/main/java/br/compneusgppremium/api/controller/dto/ConfiguracaoMaquinaResponseDTO.java:151:5: A classe 'ConfiguracaoMaquinaResponseDTO' parece ter sido projetada para extensão (permite subclasses), mas o método 'setUsuarioId' não tem um javadoc que explica como fazer isso de forma segura. Se a classe não é projetada para extensão, considere fazer a classe 'ConfiguracaoMaquinaResponseDTO' ser final, tornar o método 'setUsuarioId' estático/final/abstrato/vazio ou adicione as anotações permitidas ao método. [DesignForExtension]
[WARN] /Users/my/Documents/www/GP/apigppremium/src/main/java/br/compneusgppremium/api/controller/dto/ConfiguracaoMaquinaResponseDTO.java:151:30: O parâmetro usuarioId deve ser final. [FinalParameters]
[WARN] /Users/my/Documents/www/GP/apigppremium/src/main/java/br/compneusgppremium/api/controller/dto/TokenDto.java:17:21: O parâmetro token deve ser final. [FinalParameters]
[WARN] /Users/my/Documents/www/GP/apigppremium/src/main/java/br/compneusgppremium/api/controller/dto/TokenDto.java:17:35: O parâmetro tipo deve ser final. [FinalParameters]
[WARN] /Users/my/Documents/www/GP/apigppremium/src/main/java/br/compneusgppremium/api/controller/dto/TokenDto.java:17:48: O parâmetro status deve ser final. [FinalParameters]
[WARN] /Users/my/Documents/www/GP/apigppremium/src/main/java/br/compneusgppremium/api/controller/dto/TokenDto.java:23:5: A classe 'TokenDto' parece ter sido projetada para extensão (permite subclasses), mas o método 'getToken' não tem um javadoc que explica como fazer isso de forma segura. Se a classe não é projetada para extensão, considere fazer a classe 'TokenDto' ser final, tornar o método 'getToken' estático/final/abstrato/vazio ou adicione as anotações permitidas ao método. [DesignForExtension]
[WARN] /Users/my/Documents/www/GP/apigppremium/src/main/java/br/compneusgppremium/api/controller/dto/TokenDto.java:27:5: A classe 'TokenDto' parece ter sido projetada para extensão (permite subclasses), mas o método 'getTipo' não tem um javadoc que explica como fazer isso de forma segura. Se a classe não é projetada para extensão, considere fazer a classe 'TokenDto' ser final, tornar o método 'getTipo' estático/final/abstrato/vazio ou adicione as anotações permitidas ao método. [DesignForExtension]
[WARN] /Users/my/Documents/www/GP/apigppremium/src/main/java/br/compneusgppremium/api/controller/dto/TokenDto.java:31:5: A classe 'TokenDto' parece ter sido projetada para extensão (permite subclasses), mas o método 'getStatus' não tem um javadoc que explica como fazer isso de forma segura. Se a classe não é projetada para extensão, considere fazer a classe 'TokenDto' ser final, tornar o método 'getStatus' estático/final/abstrato/vazio ou adicione as anotações permitidas ao método. [DesignForExtension]
[WARN] /Users/my/Documents/www/GP/apigppremium/src/main/java/br/compneusgppremium/api/controller/dto/UsuarioResponsavelDTO.java:13:34: O parâmetro id deve ser final. [FinalParameters]
[WARN] /Users/my/Documents/www/GP/apigppremium/src/main/java/br/compneusgppremium/api/controller/dto/UsuarioResponsavelDTO.java:13:43: O parâmetro nome deve ser final. [FinalParameters]
[WARN] /Users/my/Documents/www/GP/apigppremium/src/main/java/br/compneusgppremium/api/controller/dto/UsuarioResponsavelDTO.java:18:5: A classe 'UsuarioResponsavelDTO' parece ter sido projetada para extensão (permite subclasses), mas o método 'getId' não tem um javadoc que explica como fazer isso de forma segura. Se a classe não é projetada para extensão, considere fazer a classe 'UsuarioResponsavelDTO' ser final, tornar o método 'getId' estático/final/abstrato/vazio ou adicione as anotações permitidas ao método. [DesignForExtension]
[WARN] /Users/my/Documents/www/GP/apigppremium/src/main/java/br/compneusgppremium/api/controller/dto/UsuarioResponsavelDTO.java:18:25: O '{' na coluna 25 deveria ser seguido de uma quebra de linha. [LeftCurly]
[WARN] /Users/my/Documents/www/GP/apigppremium/src/main/java/br/compneusgppremium/api/controller/dto/UsuarioResponsavelDTO.java:19:5: A classe 'UsuarioResponsavelDTO' parece ter sido projetada para extensão (permite subclasses), mas o método 'setId' não tem um javadoc que explica como fazer isso de forma segura. Se a classe não é projetada para extensão, considere fazer a classe 'UsuarioResponsavelDTO' ser final, tornar o método 'setId' estático/final/abstrato/vazio ou adicione as anotações permitidas ao método. [DesignForExtension]
[WARN] /Users/my/Documents/www/GP/apigppremium/src/main/java/br/compneusgppremium/api/controller/dto/UsuarioResponsavelDTO.java:19:23: O parâmetro id deve ser final. [FinalParameters]
[WARN] /Users/my/Documents/www/GP/apigppremium/src/main/java/br/compneusgppremium/api/controller/dto/UsuarioResponsavelDTO.java:19:32: O '{' na coluna 32 deveria ser seguido de uma quebra de linha. [LeftCurly]
[WARN] /Users/my/Documents/www/GP/apigppremium/src/main/java/br/compneusgppremium/api/controller/dto/UsuarioResponsavelDTO.java:21:5: A classe 'UsuarioResponsavelDTO' parece ter sido projetada para extensão (permite subclasses), mas o método 'getNome' não tem um javadoc que explica como fazer isso de forma segura. Se a classe não é projetada para extensão, considere fazer a classe 'UsuarioResponsavelDTO' ser final, tornar o método 'getNome' estático/final/abstrato/vazio ou adicione as anotações permitidas ao método. [DesignForExtension]
[WARN] /Users/my/Documents/www/GP/apigppremium/src/main/java/br/compneusgppremium/api/controller/dto/UsuarioResponsavelDTO.java:21:29: O '{' na coluna 29 deveria ser seguido de uma quebra de linha. [LeftCurly]
[WARN] /Users/my/Documents/www/GP/apigppremium/src/main/java/br/compneusgppremium/api/controller/dto/UsuarioResponsavelDTO.java:22:5: A classe 'UsuarioResponsavelDTO' parece ter sido projetada para extensão (permite subclasses), mas o método 'setNome' não tem um javadoc que explica como fazer isso de forma segura. Se a classe não é projetada para extensão, considere fazer a classe 'UsuarioResponsavelDTO' ser final, tornar o método 'setNome' estático/final/abstrato/vazio ou adicione as anotações permitidas ao método. [DesignForExtension]
[WARN] /Users/my/Documents/www/GP/apigppremium/src/main/java/br/compneusgppremium/api/controller/dto/UsuarioResponsavelDTO.java:22:25: O parâmetro nome deve ser final. [FinalParameters]
[WARN] /Users/my/Documents/www/GP/apigppremium/src/main/java/br/compneusgppremium/api/controller/dto/UsuarioResponsavelDTO.java:22:38: O '{' na coluna 38 deveria ser seguido de uma quebra de linha. [LeftCurly]
[WARN] /Users/my/Documents/www/GP/apigppremium/src/main/java/br/compneusgppremium/api/controller/dto/CustomUserDetails.java:13:30: O parâmetro usuario deve ser final. [FinalParameters]
[WARN] /Users/my/Documents/www/GP/apigppremium/src/main/java/br/compneusgppremium/api/controller/dto/CustomUserDetails.java:17:5: A classe 'CustomUserDetails' parece ter sido projetada para extensão (permite subclasses), mas o método 'getId' não tem um javadoc que explica como fazer isso de forma segura. Se a classe não é projetada para extensão, considere fazer a classe 'CustomUserDetails' ser final, tornar o método 'getId' estático/final/abstrato/vazio ou adicione as anotações permitidas ao método. [DesignForExtension]
[WARN] /Users/my/Documents/www/GP/apigppremium/src/main/java/br/compneusgppremium/api/controller/dto/CustomUserDetails.java:21:5: A classe 'CustomUserDetails' parece ter sido projetada para extensão (permite subclasses), mas o método 'getAuthorities' não tem um javadoc que explica como fazer isso de forma segura. Se a classe não é projetada para extensão, considere fazer a classe 'CustomUserDetails' ser final, tornar o método 'getAuthorities' estático/final/abstrato/vazio ou adicione as anotações permitidas ao método. [DesignForExtension]
[WARN] /Users/my/Documents/www/GP/apigppremium/src/main/java/br/compneusgppremium/api/controller/dto/CustomUserDetails.java:26:5: A classe 'CustomUserDetails' parece ter sido projetada para extensão (permite subclasses), mas o método 'getPassword' não tem um javadoc que explica como fazer isso de forma segura. Se a classe não é projetada para extensão, considere fazer a classe 'CustomUserDetails' ser final, tornar o método 'getPassword' estático/final/abstrato/vazio ou adicione as anotações permitidas ao método. [DesignForExtension]
[WARN] /Users/my/Documents/www/GP/apigppremium/src/main/java/br/compneusgppremium/api/controller/dto/CustomUserDetails.java:31:5: A classe 'CustomUserDetails' parece ter sido projetada para extensão (permite subclasses), mas o método 'getUsername' não tem um javadoc que explica como fazer isso de forma segura. Se a classe não é projetada para extensão, considere fazer a classe 'CustomUserDetails' ser final, tornar o método 'getUsername' estático/final/abstrato/vazio ou adicione as anotações permitidas ao método. [DesignForExtension]
[WARN] /Users/my/Documents/www/GP/apigppremium/src/main/java/br/compneusgppremium/api/controller/dto/CustomUserDetails.java:36:5: A classe 'CustomUserDetails' parece ter sido projetada para extensão (permite subclasses), mas o método 'isAccountNonExpired' não tem um javadoc que explica como fazer isso de forma segura. Se a classe não é projetada para extensão, considere fazer a classe 'CustomUserDetails' ser final, tornar o método 'isAccountNonExpired' estático/final/abstrato/vazio ou adicione as anotações permitidas ao método. [DesignForExtension]
[WARN] /Users/my/Documents/www/GP/apigppremium/src/main/java/br/compneusgppremium/api/controller/dto/CustomUserDetails.java:41:5: A classe 'CustomUserDetails' parece ter sido projetada para extensão (permite subclasses), mas o método 'isAccountNonLocked' não tem um javadoc que explica como fazer isso de forma segura. Se a classe não é projetada para extensão, considere fazer a classe 'CustomUserDetails' ser final, tornar o método 'isAccountNonLocked' estático/final/abstrato/vazio ou adicione as anotações permitidas ao método. [DesignForExtension]
[WARN] /Users/my/Documents/www/GP/apigppremium/src/main/java/br/compneusgppremium/api/controller/dto/CustomUserDetails.java:46:5: A classe 'CustomUserDetails' parece ter sido projetada para extensão (permite subclasses), mas o método 'isCredentialsNonExpired' não tem um javadoc que explica como fazer isso de forma segura. Se a classe não é projetada para extensão, considere fazer a classe 'CustomUserDetails' ser final, tornar o método 'isCredentialsNonExpired' estático/final/abstrato/vazio ou adicione as anotações permitidas ao método. [DesignForExtension]
[WARN] /Users/my/Documents/www/GP/apigppremium/src/main/java/br/compneusgppremium/api/controller/dto/CustomUserDetails.java:51:5: A classe 'CustomUserDetails' parece ter sido projetada para extensão (permite subclasses), mas o método 'isEnabled' não tem um javadoc que explica como fazer isso de forma segura. Se a classe não é projetada para extensão, considere fazer a classe 'CustomUserDetails' ser final, tornar o método 'isEnabled' estático/final/abstrato/vazio ou adicione as anotações permitidas ao método. [DesignForExtension]
[WARN] /Users/my/Documents/www/GP/apigppremium/src/main/java/br/compneusgppremium/api/controller/dto/ProducaoDTO.java:23:20: O nome 'medida_pneu_raspado' deve condizer com o padrão '^[a-z][a-zA-Z0-9]*$'. [MemberName]
[WARN] /Users/my/Documents/www/GP/apigppremium/src/main/java/br/compneusgppremium/api/controller/dto/ProducaoDTO.java:35:18: O nome 'dt_create' deve condizer com o padrão '^[a-z][a-zA-Z0-9]*$'. [MemberName]
[WARN] /Users/my/Documents/www/GP/apigppremium/src/main/java/br/compneusgppremium/api/controller/dto/ProducaoDTO.java:38:18: O nome 'dt_update' deve condizer com o padrão '^[a-z][a-zA-Z0-9]*$'. [MemberName]
[WARN] /Users/my/Documents/www/GP/apigppremium/src/main/java/br/compneusgppremium/api/controller/dto/ProducaoDTO.java:46:12: Existe mais do que 7 parâmetros (encontrado 8). [ParameterNumber]
[WARN] /Users/my/Documents/www/GP/apigppremium/src/main/java/br/compneusgppremium/api/controller/dto/ProducaoDTO.java:46:24: O parâmetro id deve ser final. [FinalParameters]
[WARN] /Users/my/Documents/www/GP/apigppremium/src/main/java/br/compneusgppremium/api/controller/dto/ProducaoDTO.java:46:36: O parâmetro carcaca deve ser final. [FinalParameters]
[WARN] /Users/my/Documents/www/GP/apigppremium/src/main/java/br/compneusgppremium/api/controller/dto/ProducaoDTO.java:46:58: O parâmetro medida_pneu_raspado deve ser final. [FinalParameters]
[WARN] /Users/my/Documents/www/GP/apigppremium/src/main/java/br/compneusgppremium/api/controller/dto/ProducaoDTO.java:46:65: O nome 'medida_pneu_raspado' deve condizer com o padrão '^[a-z][a-zA-Z0-9]*$'. [ParameterName]
[WARN] /Users/my/Documents/www/GP/apigppremium/src/main/java/br/compneusgppremium/api/controller/dto/ProducaoDTO.java:47:24: O parâmetro regra deve ser final. [FinalParameters]
[WARN] /Users/my/Documents/www/GP/apigppremium/src/main/java/br/compneusgppremium/api/controller/dto/ProducaoDTO.java:47:42: O parâmetro fotos deve ser final. [FinalParameters]
[WARN] /Users/my/Documents/www/GP/apigppremium/src/main/java/br/compneusgppremium/api/controller/dto/ProducaoDTO.java:47:56: O parâmetro dt_create deve ser final. [FinalParameters]
[WARN] /Users/my/Documents/www/GP/apigppremium/src/main/java/br/compneusgppremium/api/controller/dto/ProducaoDTO.java:47:61: O nome 'dt_create' deve condizer com o padrão '^[a-z][a-zA-Z0-9]*$'. [ParameterName]
[WARN] /Users/my/Documents/www/GP/apigppremium/src/main/java/br/compneusgppremium/api/controller/dto/ProducaoDTO.java:48:24: O parâmetro nome deve ser final. [FinalParameters]
[WARN] /Users/my/Documents/www/GP/apigppremium/src/main/java/br/compneusgppremium/api/controller/dto/ProducaoDTO.java:48:37: O parâmetro login deve ser final. [FinalParameters]
[WARN] /Users/my/Documents/www/GP/apigppremium/src/main/java/br/compneusgppremium/api/controller/dto/ProducaoDTO.java:59:41: O parâmetro p deve ser final. [FinalParameters]
[WARN] /Users/my/Documents/www/GP/apigppremium/src/main/java/br/compneusgppremium/api/controller/dto/ProducaoDTO.java:67:42: Evite condicionais inline. [AvoidInlineConditionals]
[WARN] /Users/my/Documents/www/GP/apigppremium/src/main/java/br/compneusgppremium/api/controller/dto/ProducaoDTO.java:68:42: Evite condicionais inline. [AvoidInlineConditionals]
[WARN] /Users/my/Documents/www/GP/apigppremium/src/main/java/br/compneusgppremium/api/controller/dto/ColaComStatusDTO.java:29:29: O parâmetro cola deve ser final. [FinalParameters]
[WARN] /Users/my/Documents/www/GP/apigppremium/src/main/java/br/compneusgppremium/api/controller/dto/ColaComStatusDTO.java:30:29: O parâmetro producao deve ser final. [FinalParameters]
[WARN] /Users/my/Documents/www/GP/apigppremium/src/main/java/br/compneusgppremium/api/controller/dto/ColaComStatusDTO.java:31:29: O parâmetro colaValida deve ser final. [FinalParameters]
[WARN] /Users/my/Documents/www/GP/apigppremium/src/main/java/br/compneusgppremium/api/controller/dto/ColaComStatusDTO.java:32:29: O parâmetro mensagem deve ser final. [FinalParameters]
[WARN] /Users/my/Documents/www/GP/apigppremium/src/main/java/br/compneusgppremium/api/controller/dto/ColaComStatusDTO.java:33:29: O parâmetro usuarioLogado deve ser final. [FinalParameters]
[WARN] /Users/my/Documents/www/GP/apigppremium/src/main/java/br/compneusgppremium/api/controller/dto/ColaComStatusDTO.java:43:5: A classe 'ColaComStatusDTO' parece ter sido projetada para extensão (permite subclasses), mas o método 'getCola' não tem um javadoc que explica como fazer isso de forma segura. Se a classe não é projetada para extensão, considere fazer a classe 'ColaComStatusDTO' ser final, tornar o método 'getCola' estático/final/abstrato/vazio ou adicione as anotações permitidas ao método. [DesignForExtension]
[WARN] /Users/my/Documents/www/GP/apigppremium/src/main/java/br/compneusgppremium/api/controller/dto/ColaComStatusDTO.java:43:32: O '{' na coluna 32 deveria ser seguido de uma quebra de linha. [LeftCurly]
[WARN] /Users/my/Documents/www/GP/apigppremium/src/main/java/br/compneusgppremium/api/controller/dto/ColaComStatusDTO.java:44:5: A classe 'ColaComStatusDTO' parece ter sido projetada para extensão (permite subclasses), mas o método 'setCola' não tem um javadoc que explica como fazer isso de forma segura. Se a classe não é projetada para extensão, considere fazer a classe 'ColaComStatusDTO' ser final, tornar o método 'setCola' estático/final/abstrato/vazio ou adicione as anotações permitidas ao método. [DesignForExtension]
[WARN] /Users/my/Documents/www/GP/apigppremium/src/main/java/br/compneusgppremium/api/controller/dto/ColaComStatusDTO.java:44:25: O parâmetro cola deve ser final. [FinalParameters]
[WARN] /Users/my/Documents/www/GP/apigppremium/src/main/java/br/compneusgppremium/api/controller/dto/ColaComStatusDTO.java:44:41: O '{' na coluna 41 deveria ser seguido de uma quebra de linha. [LeftCurly]
[WARN] /Users/my/Documents/www/GP/apigppremium/src/main/java/br/compneusgppremium/api/controller/dto/ColaComStatusDTO.java:46:5: A classe 'ColaComStatusDTO' parece ter sido projetada para extensão (permite subclasses), mas o método 'getProducao' não tem um javadoc que explica como fazer isso de forma segura. Se a classe não é projetada para extensão, considere fazer a classe 'ColaComStatusDTO' ser final, tornar o método 'getProducao' estático/final/abstrato/vazio ou adicione as anotações permitidas ao método. [DesignForExtension]
[WARN] /Users/my/Documents/www/GP/apigppremium/src/main/java/br/compneusgppremium/api/controller/dto/ColaComStatusDTO.java:46:40: O '{' na coluna 40 deveria ser seguido de uma quebra de linha. [LeftCurly]
[WARN] /Users/my/Documents/www/GP/apigppremium/src/main/java/br/compneusgppremium/api/controller/dto/ColaComStatusDTO.java:47:5: A classe 'ColaComStatusDTO' parece ter sido projetada para extensão (permite subclasses), mas o método 'setProducao' não tem um javadoc que explica como fazer isso de forma segura. Se a classe não é projetada para extensão, considere fazer a classe 'ColaComStatusDTO' ser final, tornar o método 'setProducao' estático/final/abstrato/vazio ou adicione as anotações permitidas ao método. [DesignForExtension]
[WARN] /Users/my/Documents/www/GP/apigppremium/src/main/java/br/compneusgppremium/api/controller/dto/ColaComStatusDTO.java:47:29: O parâmetro producao deve ser final. [FinalParameters]
[WARN] /Users/my/Documents/www/GP/apigppremium/src/main/java/br/compneusgppremium/api/controller/dto/ColaComStatusDTO.java:47:53: O '{' na coluna 53 deveria ser seguido de uma quebra de linha. [LeftCurly]
[WARN] /Users/my/Documents/www/GP/apigppremium/src/main/java/br/compneusgppremium/api/controller/dto/ColaComStatusDTO.java:49:5: A classe 'ColaComStatusDTO' parece ter sido projetada para extensão (permite subclasses), mas o método 'isColaValida' não tem um javadoc que explica como fazer isso de forma segura. Se a classe não é projetada para extensão, considere fazer a classe 'ColaComStatusDTO' ser final, tornar o método 'isColaValida' estático/final/abstrato/vazio ou adicione as anotações permitidas ao método. [DesignForExtension]
[WARN] /Users/my/Documents/www/GP/apigppremium/src/main/java/br/compneusgppremium/api/controller/dto/ColaComStatusDTO.java:49:35: O '{' na coluna 35 deveria ser seguido de uma quebra de linha. [LeftCurly]
[WARN] /Users/my/Documents/www/GP/apigppremium/src/main/java/br/compneusgppremium/api/controller/dto/ColaComStatusDTO.java:50:5: A classe 'ColaComStatusDTO' parece ter sido projetada para extensão (permite subclasses), mas o método 'setColaValida' não tem um javadoc que explica como fazer isso de forma segura. Se a classe não é projetada para extensão, considere fazer a classe 'ColaComStatusDTO' ser final, tornar o método 'setColaValida' estático/final/abstrato/vazio ou adicione as anotações permitidas ao método. [DesignForExtension]
[WARN] /Users/my/Documents/www/GP/apigppremium/src/main/java/br/compneusgppremium/api/controller/dto/ColaComStatusDTO.java:50:31: O parâmetro colaValida deve ser final. [FinalParameters]
[WARN] /Users/my/Documents/www/GP/apigppremium/src/main/java/br/compneusgppremium/api/controller/dto/ColaComStatusDTO.java:50:51: O '{' na coluna 51 deveria ser seguido de uma quebra de linha. [LeftCurly]
[WARN] /Users/my/Documents/www/GP/apigppremium/src/main/java/br/compneusgppremium/api/controller/dto/ColaComStatusDTO.java:52:5: A classe 'ColaComStatusDTO' parece ter sido projetada para extensão (permite subclasses), mas o método 'getMensagem' não tem um javadoc que explica como fazer isso de forma segura. Se a classe não é projetada para extensão, considere fazer a classe 'ColaComStatusDTO' ser final, tornar o método 'getMensagem' estático/final/abstrato/vazio ou adicione as anotações permitidas ao método. [DesignForExtension]
[WARN] /Users/my/Documents/www/GP/apigppremium/src/main/java/br/compneusgppremium/api/controller/dto/ColaComStatusDTO.java:52:33: O '{' na coluna 33 deveria ser seguido de uma quebra de linha. [LeftCurly]
[WARN] /Users/my/Documents/www/GP/apigppremium/src/main/java/br/compneusgppremium/api/controller/dto/ColaComStatusDTO.java:53:5: A classe 'ColaComStatusDTO' parece ter sido projetada para extensão (permite subclasses), mas o método 'setMensagem' não tem um javadoc que explica como fazer isso de forma segura. Se a classe não é projetada para extensão, considere fazer a classe 'ColaComStatusDTO' ser final, tornar o método 'setMensagem' estático/final/abstrato/vazio ou adicione as anotações permitidas ao método. [DesignForExtension]
[WARN] /Users/my/Documents/www/GP/apigppremium/src/main/java/br/compneusgppremium/api/controller/dto/ColaComStatusDTO.java:53:29: O parâmetro mensagem deve ser final. [FinalParameters]
[WARN] /Users/my/Documents/www/GP/apigppremium/src/main/java/br/compneusgppremium/api/controller/dto/ColaComStatusDTO.java:53:46: O '{' na coluna 46 deveria ser seguido de uma quebra de linha. [LeftCurly]
[WARN] /Users/my/Documents/www/GP/apigppremium/src/main/java/br/compneusgppremium/api/controller/dto/ColaComStatusDTO.java:55:5: A classe 'ColaComStatusDTO' parece ter sido projetada para extensão (permite subclasses), mas o método 'getCobertura' não tem um javadoc que explica como fazer isso de forma segura. Se a classe não é projetada para extensão, considere fazer a classe 'ColaComStatusDTO' ser final, tornar o método 'getCobertura' estático/final/abstrato/vazio ou adicione as anotações permitidas ao método. [DesignForExtension]
[WARN] /Users/my/Documents/www/GP/apigppremium/src/main/java/br/compneusgppremium/api/controller/dto/ColaComStatusDTO.java:55:42: O '{' na coluna 42 deveria ser seguido de uma quebra de linha. [LeftCurly]
[WARN] /Users/my/Documents/www/GP/apigppremium/src/main/java/br/compneusgppremium/api/controller/dto/ColaComStatusDTO.java:56:5: A classe 'ColaComStatusDTO' parece ter sido projetada para extensão (permite subclasses), mas o método 'setCobertura' não tem um javadoc que explica como fazer isso de forma segura. Se a classe não é projetada para extensão, considere fazer a classe 'ColaComStatusDTO' ser final, tornar o método 'setCobertura' estático/final/abstrato/vazio ou adicione as anotações permitidas ao método. [DesignForExtension]
[WARN] /Users/my/Documents/www/GP/apigppremium/src/main/java/br/compneusgppremium/api/controller/dto/ColaComStatusDTO.java:56:30: O parâmetro cobertura deve ser final. [FinalParameters]
[WARN] /Users/my/Documents/www/GP/apigppremium/src/main/java/br/compneusgppremium/api/controller/dto/ColaComStatusDTO.java:56:56: O '{' na coluna 56 deveria ser seguido de uma quebra de linha. [LeftCurly]
[WARN] /Users/my/Documents/www/GP/apigppremium/src/main/java/br/compneusgppremium/api/controller/dto/ColaComStatusDTO.java:58:5: A classe 'ColaComStatusDTO' parece ter sido projetada para extensão (permite subclasses), mas o método 'getUsuario' não tem um javadoc que explica como fazer isso de forma segura. Se a classe não é projetada para extensão, considere fazer a classe 'ColaComStatusDTO' ser final, tornar o método 'getUsuario' estático/final/abstrato/vazio ou adicione as anotações permitidas ao método. [DesignForExtension]
[WARN] /Users/my/Documents/www/GP/apigppremium/src/main/java/br/compneusgppremium/api/controller/dto/ColaComStatusDTO.java:58:38: O '{' na coluna 38 deveria ser seguido de uma quebra de linha. [LeftCurly]
[WARN] /Users/my/Documents/www/GP/apigppremium/src/main/java/br/compneusgppremium/api/controller/dto/ColaComStatusDTO.java:59:5: A classe 'ColaComStatusDTO' parece ter sido projetada para extensão (permite subclasses), mas o método 'setUsuario' não tem um javadoc que explica como fazer isso de forma segura. Se a classe não é projetada para extensão, considere fazer a classe 'ColaComStatusDTO' ser final, tornar o método 'setUsuario' estático/final/abstrato/vazio ou adicione as anotações permitidas ao método. [DesignForExtension]
[WARN] /Users/my/Documents/www/GP/apigppremium/src/main/java/br/compneusgppremium/api/controller/dto/ColaComStatusDTO.java:59:28: O parâmetro usuario deve ser final. [FinalParameters]
[WARN] /Users/my/Documents/www/GP/apigppremium/src/main/java/br/compneusgppremium/api/controller/dto/ColaComStatusDTO.java:59:50: O '{' na coluna 50 deveria ser seguido de uma quebra de linha. [LeftCurly]
[WARN] /Users/my/Documents/www/GP/apigppremium/src/main/java/br/compneusgppremium/api/controller/dto/ConfiguracaoMaquinaUpdateDTO.java:13:17: '100' é um número mágico. [MagicNumber]
[WARN] /Users/my/Documents/www/GP/apigppremium/src/main/java/br/compneusgppremium/api/controller/dto/ConfiguracaoMaquinaUpdateDTO.java:20: A linha contém mais do que 120 caracteres (foram encontrados 126). [LineLength]
[WARN] /Users/my/Documents/www/GP/apigppremium/src/main/java/br/compneusgppremium/api/controller/dto/ConfiguracaoMaquinaUpdateDTO.java:27:43: '{' não está seguido de espaço em branco. [WhitespaceAround]
[WARN] /Users/my/Documents/www/GP/apigppremium/src/main/java/br/compneusgppremium/api/controller/dto/ConfiguracaoMaquinaUpdateDTO.java:27:44: '}' não está precedido por espaço em branco. [WhitespaceAround]
[WARN] /Users/my/Documents/www/GP/apigppremium/src/main/java/br/compneusgppremium/api/controller/dto/ConfiguracaoMaquinaUpdateDTO.java:29:41: O parâmetro celularId deve ser final. [FinalParameters]
[WARN] /Users/my/Documents/www/GP/apigppremium/src/main/java/br/compneusgppremium/api/controller/dto/ConfiguracaoMaquinaUpdateDTO.java:29:59: O parâmetro descricao deve ser final. [FinalParameters]
[WARN] /Users/my/Documents/www/GP/apigppremium/src/main/java/br/compneusgppremium/api/controller/dto/ConfiguracaoMaquinaUpdateDTO.java:30:40: O parâmetro atributos deve ser final. [FinalParameters]
[WARN] /Users/my/Documents/www/GP/apigppremium/src/main/java/br/compneusgppremium/api/controller/dto/ConfiguracaoMaquinaUpdateDTO.java:30:58: O parâmetro matrizId deve ser final. [FinalParameters]
[WARN] /Users/my/Documents/www/GP/apigppremium/src/main/java/br/compneusgppremium/api/controller/dto/ConfiguracaoMaquinaUpdateDTO.java:38:5: A classe 'ConfiguracaoMaquinaUpdateDTO' parece ter sido projetada para extensão (permite subclasses), mas o método 'getCelularId' não tem um javadoc que explica como fazer isso de forma segura. Se a classe não é projetada para extensão, considere fazer a classe 'ConfiguracaoMaquinaUpdateDTO' ser final, tornar o método 'getCelularId' estático/final/abstrato/vazio ou adicione as anotações permitidas ao método. [DesignForExtension]
[WARN] /Users/my/Documents/www/GP/apigppremium/src/main/java/br/compneusgppremium/api/controller/dto/ConfiguracaoMaquinaUpdateDTO.java:42:5: A classe 'ConfiguracaoMaquinaUpdateDTO' parece ter sido projetada para extensão (permite subclasses), mas o método 'setCelularId' não tem um javadoc que explica como fazer isso de forma segura. Se a classe não é projetada para extensão, considere fazer a classe 'ConfiguracaoMaquinaUpdateDTO' ser final, tornar o método 'setCelularId' estático/final/abstrato/vazio ou adicione as anotações permitidas ao método. [DesignForExtension]
[WARN] /Users/my/Documents/www/GP/apigppremium/src/main/java/br/compneusgppremium/api/controller/dto/ConfiguracaoMaquinaUpdateDTO.java:42:30: O parâmetro celularId deve ser final. [FinalParameters]
[WARN] /Users/my/Documents/www/GP/apigppremium/src/main/java/br/compneusgppremium/api/controller/dto/ConfiguracaoMaquinaUpdateDTO.java:46:5: A classe 'ConfiguracaoMaquinaUpdateDTO' parece ter sido projetada para extensão (permite subclasses), mas o método 'getDescricao' não tem um javadoc que explica como fazer isso de forma segura. Se a classe não é projetada para extensão, considere fazer a classe 'ConfiguracaoMaquinaUpdateDTO' ser final, tornar o método 'getDescricao' estático/final/abstrato/vazio ou adicione as anotações permitidas ao método. [DesignForExtension]
[WARN] /Users/my/Documents/www/GP/apigppremium/src/main/java/br/compneusgppremium/api/controller/dto/ConfiguracaoMaquinaUpdateDTO.java:50:5: A classe 'ConfiguracaoMaquinaUpdateDTO' parece ter sido projetada para extensão (permite subclasses), mas o método 'setDescricao' não tem um javadoc que explica como fazer isso de forma segura. Se a classe não é projetada para extensão, considere fazer a classe 'ConfiguracaoMaquinaUpdateDTO' ser final, tornar o método 'setDescricao' estático/final/abstrato/vazio ou adicione as anotações permitidas ao método. [DesignForExtension]
[WARN] /Users/my/Documents/www/GP/apigppremium/src/main/java/br/compneusgppremium/api/controller/dto/ConfiguracaoMaquinaUpdateDTO.java:50:30: O parâmetro descricao deve ser final. [FinalParameters]
[WARN] /Users/my/Documents/www/GP/apigppremium/src/main/java/br/compneusgppremium/api/controller/dto/ConfiguracaoMaquinaUpdateDTO.java:54:5: A classe 'ConfiguracaoMaquinaUpdateDTO' parece ter sido projetada para extensão (permite subclasses), mas o método 'getAtributos' não tem um javadoc que explica como fazer isso de forma segura. Se a classe não é projetada para extensão, considere fazer a classe 'ConfiguracaoMaquinaUpdateDTO' ser final, tornar o método 'getAtributos' estático/final/abstrato/vazio ou adicione as anotações permitidas ao método. [DesignForExtension]
[WARN] /Users/my/Documents/www/GP/apigppremium/src/main/java/br/compneusgppremium/api/controller/dto/ConfiguracaoMaquinaUpdateDTO.java:58:5: A classe 'ConfiguracaoMaquinaUpdateDTO' parece ter sido projetada para extensão (permite subclasses), mas o método 'setAtributos' não tem um javadoc que explica como fazer isso de forma segura. Se a classe não é projetada para extensão, considere fazer a classe 'ConfiguracaoMaquinaUpdateDTO' ser final, tornar o método 'setAtributos' estático/final/abstrato/vazio ou adicione as anotações permitidas ao método. [DesignForExtension]
[WARN] /Users/my/Documents/www/GP/apigppremium/src/main/java/br/compneusgppremium/api/controller/dto/ConfiguracaoMaquinaUpdateDTO.java:58:30: O parâmetro atributos deve ser final. [FinalParameters]
[WARN] /Users/my/Documents/www/GP/apigppremium/src/main/java/br/compneusgppremium/api/controller/dto/ConfiguracaoMaquinaUpdateDTO.java:62:5: A classe 'ConfiguracaoMaquinaUpdateDTO' parece ter sido projetada para extensão (permite subclasses), mas o método 'getMatrizId' não tem um javadoc que explica como fazer isso de forma segura. Se a classe não é projetada para extensão, considere fazer a classe 'ConfiguracaoMaquinaUpdateDTO' ser final, tornar o método 'getMatrizId' estático/final/abstrato/vazio ou adicione as anotações permitidas ao método. [DesignForExtension]
[WARN] /Users/my/Documents/www/GP/apigppremium/src/main/java/br/compneusgppremium/api/controller/dto/ConfiguracaoMaquinaUpdateDTO.java:66:5: A classe 'ConfiguracaoMaquinaUpdateDTO' parece ter sido projetada para extensão (permite subclasses), mas o método 'setMatrizId' não tem um javadoc que explica como fazer isso de forma segura. Se a classe não é projetada para extensão, considere fazer a classe 'ConfiguracaoMaquinaUpdateDTO' ser final, tornar o método 'setMatrizId' estático/final/abstrato/vazio ou adicione as anotações permitidas ao método. [DesignForExtension]
[WARN] /Users/my/Documents/www/GP/apigppremium/src/main/java/br/compneusgppremium/api/controller/dto/ConfiguracaoMaquinaUpdateDTO.java:66:29: O parâmetro matrizId deve ser final. [FinalParameters]
[WARN] /Users/my/Documents/www/GP/apigppremium/src/main/java/br/compneusgppremium/api/controller/dto/UsuarioResumoDTO.java:23:5: A classe 'UsuarioResumoDTO' parece ter sido projetada para extensão (permite subclasses), mas o método 'getAuthorities' não tem um javadoc que explica como fazer isso de forma segura. Se a classe não é projetada para extensão, considere fazer a classe 'UsuarioResumoDTO' ser final, tornar o método 'getAuthorities' estático/final/abstrato/vazio ou adicione as anotações permitidas ao método. [DesignForExtension]
[WARN] /Users/my/Documents/www/GP/apigppremium/src/main/java/br/compneusgppremium/api/controller/dto/UsuarioResumoDTO.java:28:5: A classe 'UsuarioResumoDTO' parece ter sido projetada para extensão (permite subclasses), mas o método 'getPassword' não tem um javadoc que explica como fazer isso de forma segura. Se a classe não é projetada para extensão, considere fazer a classe 'UsuarioResumoDTO' ser final, tornar o método 'getPassword' estático/final/abstrato/vazio ou adicione as anotações permitidas ao método. [DesignForExtension]
[WARN] /Users/my/Documents/www/GP/apigppremium/src/main/java/br/compneusgppremium/api/controller/dto/UsuarioResumoDTO.java:33:5: A classe 'UsuarioResumoDTO' parece ter sido projetada para extensão (permite subclasses), mas o método 'getUsername' não tem um javadoc que explica como fazer isso de forma segura. Se a classe não é projetada para extensão, considere fazer a classe 'UsuarioResumoDTO' ser final, tornar o método 'getUsername' estático/final/abstrato/vazio ou adicione as anotações permitidas ao método. [DesignForExtension]
[WARN] /Users/my/Documents/www/GP/apigppremium/src/main/java/br/compneusgppremium/api/controller/dto/UsuarioResumoDTO.java:38:5: A classe 'UsuarioResumoDTO' parece ter sido projetada para extensão (permite subclasses), mas o método 'isAccountNonExpired' não tem um javadoc que explica como fazer isso de forma segura. Se a classe não é projetada para extensão, considere fazer a classe 'UsuarioResumoDTO' ser final, tornar o método 'isAccountNonExpired' estático/final/abstrato/vazio ou adicione as anotações permitidas ao método. [DesignForExtension]
[WARN] /Users/my/Documents/www/GP/apigppremium/src/main/java/br/compneusgppremium/api/controller/dto/UsuarioResumoDTO.java:43:5: A classe 'UsuarioResumoDTO' parece ter sido projetada para extensão (permite subclasses), mas o método 'isAccountNonLocked' não tem um javadoc que explica como fazer isso de forma segura. Se a classe não é projetada para extensão, considere fazer a classe 'UsuarioResumoDTO' ser final, tornar o método 'isAccountNonLocked' estático/final/abstrato/vazio ou adicione as anotações permitidas ao método. [DesignForExtension]
[WARN] /Users/my/Documents/www/GP/apigppremium/src/main/java/br/compneusgppremium/api/controller/dto/UsuarioResumoDTO.java:48:5: A classe 'UsuarioResumoDTO' parece ter sido projetada para extensão (permite subclasses), mas o método 'isCredentialsNonExpired' não tem um javadoc que explica como fazer isso de forma segura. Se a classe não é projetada para extensão, considere fazer a classe 'UsuarioResumoDTO' ser final, tornar o método 'isCredentialsNonExpired' estático/final/abstrato/vazio ou adicione as anotações permitidas ao método. [DesignForExtension]
[WARN] /Users/my/Documents/www/GP/apigppremium/src/main/java/br/compneusgppremium/api/controller/dto/UsuarioResumoDTO.java:53:5: A classe 'UsuarioResumoDTO' parece ter sido projetada para extensão (permite subclasses), mas o método 'isEnabled' não tem um javadoc que explica como fazer isso de forma segura. Se a classe não é projetada para extensão, considere fazer a classe 'UsuarioResumoDTO' ser final, tornar o método 'isEnabled' estático/final/abstrato/vazio ou adicione as anotações permitidas ao método. [DesignForExtension]
[WARN] /Users/my/Documents/www/GP/apigppremium/src/main/java/br/compneusgppremium/api/controller/dto/PneuVulcanizadoResponseDTO.java:36:41: '{' não está seguido de espaço em branco. [WhitespaceAround]
[WARN] /Users/my/Documents/www/GP/apigppremium/src/main/java/br/compneusgppremium/api/controller/dto/PneuVulcanizadoResponseDTO.java:36:42: '}' não está precedido por espaço em branco. [WhitespaceAround]
[WARN] /Users/my/Documents/www/GP/apigppremium/src/main/java/br/compneusgppremium/api/controller/dto/PneuVulcanizadoResponseDTO.java:38:39: O parâmetro id deve ser final. [FinalParameters]
[WARN] /Users/my/Documents/www/GP/apigppremium/src/main/java/br/compneusgppremium/api/controller/dto/PneuVulcanizadoResponseDTO.java:38:48: O parâmetro usuarioId deve ser final. [FinalParameters]
[WARN] /Users/my/Documents/www/GP/apigppremium/src/main/java/br/compneusgppremium/api/controller/dto/PneuVulcanizadoResponseDTO.java:38:64: O parâmetro usuarioNome deve ser final. [FinalParameters]
[WARN] /Users/my/Documents/www/GP/apigppremium/src/main/java/br/compneusgppremium/api/controller/dto/PneuVulcanizadoResponseDTO.java:39:38: O parâmetro producaoId deve ser final. [FinalParameters]
[WARN] /Users/my/Documents/www/GP/apigppremium/src/main/java/br/compneusgppremium/api/controller/dto/PneuVulcanizadoResponseDTO.java:39:58: O parâmetro status deve ser final. [FinalParameters]
[WARN] /Users/my/Documents/www/GP/apigppremium/src/main/java/br/compneusgppremium/api/controller/dto/PneuVulcanizadoResponseDTO.java:40:38: O parâmetro dtCreate deve ser final. [FinalParameters]
[WARN] /Users/my/Documents/www/GP/apigppremium/src/main/java/br/compneusgppremium/api/controller/dto/PneuVulcanizadoResponseDTO.java:40:53: O parâmetro dtUpdate deve ser final. [FinalParameters]
[WARN] /Users/my/Documents/www/GP/apigppremium/src/main/java/br/compneusgppremium/api/controller/dto/PneuVulcanizadoResponseDTO.java:51:5: A classe 'PneuVulcanizadoResponseDTO' parece ter sido projetada para extensão (permite subclasses), mas o método 'getId' não tem um javadoc que explica como fazer isso de forma segura. Se a classe não é projetada para extensão, considere fazer a classe 'PneuVulcanizadoResponseDTO' ser final, tornar o método 'getId' estático/final/abstrato/vazio ou adicione as anotações permitidas ao método. [DesignForExtension]
[WARN] /Users/my/Documents/www/GP/apigppremium/src/main/java/br/compneusgppremium/api/controller/dto/PneuVulcanizadoResponseDTO.java:55:5: A classe 'PneuVulcanizadoResponseDTO' parece ter sido projetada para extensão (permite subclasses), mas o método 'setId' não tem um javadoc que explica como fazer isso de forma segura. Se a classe não é projetada para extensão, considere fazer a classe 'PneuVulcanizadoResponseDTO' ser final, tornar o método 'setId' estático/final/abstrato/vazio ou adicione as anotações permitidas ao método. [DesignForExtension]
[WARN] /Users/my/Documents/www/GP/apigppremium/src/main/java/br/compneusgppremium/api/controller/dto/PneuVulcanizadoResponseDTO.java:55:23: O parâmetro id deve ser final. [FinalParameters]
[WARN] /Users/my/Documents/www/GP/apigppremium/src/main/java/br/compneusgppremium/api/controller/dto/PneuVulcanizadoResponseDTO.java:59:5: A classe 'PneuVulcanizadoResponseDTO' parece ter sido projetada para extensão (permite subclasses), mas o método 'getUsuarioId' não tem um javadoc que explica como fazer isso de forma segura. Se a classe não é projetada para extensão, considere fazer a classe 'PneuVulcanizadoResponseDTO' ser final, tornar o método 'getUsuarioId' estático/final/abstrato/vazio ou adicione as anotações permitidas ao método. [DesignForExtension]
[WARN] /Users/my/Documents/www/GP/apigppremium/src/main/java/br/compneusgppremium/api/controller/dto/PneuVulcanizadoResponseDTO.java:63:5: A classe 'PneuVulcanizadoResponseDTO' parece ter sido projetada para extensão (permite subclasses), mas o método 'setUsuarioId' não tem um javadoc que explica como fazer isso de forma segura. Se a classe não é projetada para extensão, considere fazer a classe 'PneuVulcanizadoResponseDTO' ser final, tornar o método 'setUsuarioId' estático/final/abstrato/vazio ou adicione as anotações permitidas ao método. [DesignForExtension]
[WARN] /Users/my/Documents/www/GP/apigppremium/src/main/java/br/compneusgppremium/api/controller/dto/PneuVulcanizadoResponseDTO.java:63:30: O parâmetro usuarioId deve ser final. [FinalParameters]
[WARN] /Users/my/Documents/www/GP/apigppremium/src/main/java/br/compneusgppremium/api/controller/dto/PneuVulcanizadoResponseDTO.java:67:5: A classe 'PneuVulcanizadoResponseDTO' parece ter sido projetada para extensão (permite subclasses), mas o método 'getUsuarioNome' não tem um javadoc que explica como fazer isso de forma segura. Se a classe não é projetada para extensão, considere fazer a classe 'PneuVulcanizadoResponseDTO' ser final, tornar o método 'getUsuarioNome' estático/final/abstrato/vazio ou adicione as anotações permitidas ao método. [DesignForExtension]
[WARN] /Users/my/Documents/www/GP/apigppremium/src/main/java/br/compneusgppremium/api/controller/dto/PneuVulcanizadoResponseDTO.java:71:5: A classe 'PneuVulcanizadoResponseDTO' parece ter sido projetada para extensão (permite subclasses), mas o método 'setUsuarioNome' não tem um javadoc que explica como fazer isso de forma segura. Se a classe não é projetada para extensão, considere fazer a classe 'PneuVulcanizadoResponseDTO' ser final, tornar o método 'setUsuarioNome' estático/final/abstrato/vazio ou adicione as anotações permitidas ao método. [DesignForExtension]
[WARN] /Users/my/Documents/www/GP/apigppremium/src/main/java/br/compneusgppremium/api/controller/dto/PneuVulcanizadoResponseDTO.java:71:32: O parâmetro usuarioNome deve ser final. [FinalParameters]
[WARN] /Users/my/Documents/www/GP/apigppremium/src/main/java/br/compneusgppremium/api/controller/dto/PneuVulcanizadoResponseDTO.java:75:5: A classe 'PneuVulcanizadoResponseDTO' parece ter sido projetada para extensão (permite subclasses), mas o método 'getProducaoId' não tem um javadoc que explica como fazer isso de forma segura. Se a classe não é projetada para extensão, considere fazer a classe 'PneuVulcanizadoResponseDTO' ser final, tornar o método 'getProducaoId' estático/final/abstrato/vazio ou adicione as anotações permitidas ao método. [DesignForExtension]
[WARN] /Users/my/Documents/www/GP/apigppremium/src/main/java/br/compneusgppremium/api/controller/dto/PneuVulcanizadoResponseDTO.java:79:5: A classe 'PneuVulcanizadoResponseDTO' parece ter sido projetada para extensão (permite subclasses), mas o método 'setProducaoId' não tem um javadoc que explica como fazer isso de forma segura. Se a classe não é projetada para extensão, considere fazer a classe 'PneuVulcanizadoResponseDTO' ser final, tornar o método 'setProducaoId' estático/final/abstrato/vazio ou adicione as anotações permitidas ao método. [DesignForExtension]
[WARN] /Users/my/Documents/www/GP/apigppremium/src/main/java/br/compneusgppremium/api/controller/dto/PneuVulcanizadoResponseDTO.java:79:31: O parâmetro producaoId deve ser final. [FinalParameters]
[WARN] /Users/my/Documents/www/GP/apigppremium/src/main/java/br/compneusgppremium/api/controller/dto/PneuVulcanizadoResponseDTO.java:83:5: A classe 'PneuVulcanizadoResponseDTO' parece ter sido projetada para extensão (permite subclasses), mas o método 'getStatus' não tem um javadoc que explica como fazer isso de forma segura. Se a classe não é projetada para extensão, considere fazer a classe 'PneuVulcanizadoResponseDTO' ser final, tornar o método 'getStatus' estático/final/abstrato/vazio ou adicione as anotações permitidas ao método. [DesignForExtension]
[WARN] /Users/my/Documents/www/GP/apigppremium/src/main/java/br/compneusgppremium/api/controller/dto/PneuVulcanizadoResponseDTO.java:87:5: A classe 'PneuVulcanizadoResponseDTO' parece ter sido projetada para extensão (permite subclasses), mas o método 'setStatus' não tem um javadoc que explica como fazer isso de forma segura. Se a classe não é projetada para extensão, considere fazer a classe 'PneuVulcanizadoResponseDTO' ser final, tornar o método 'setStatus' estático/final/abstrato/vazio ou adicione as anotações permitidas ao método. [DesignForExtension]
[WARN] /Users/my/Documents/www/GP/apigppremium/src/main/java/br/compneusgppremium/api/controller/dto/PneuVulcanizadoResponseDTO.java:87:27: O parâmetro status deve ser final. [FinalParameters]
[WARN] /Users/my/Documents/www/GP/apigppremium/src/main/java/br/compneusgppremium/api/controller/dto/PneuVulcanizadoResponseDTO.java:91:5: A classe 'PneuVulcanizadoResponseDTO' parece ter sido projetada para extensão (permite subclasses), mas o método 'getDtCreate' não tem um javadoc que explica como fazer isso de forma segura. Se a classe não é projetada para extensão, considere fazer a classe 'PneuVulcanizadoResponseDTO' ser final, tornar o método 'getDtCreate' estático/final/abstrato/vazio ou adicione as anotações permitidas ao método. [DesignForExtension]
[WARN] /Users/my/Documents/www/GP/apigppremium/src/main/java/br/compneusgppremium/api/controller/dto/PneuVulcanizadoResponseDTO.java:95:5: A classe 'PneuVulcanizadoResponseDTO' parece ter sido projetada para extensão (permite subclasses), mas o método 'setDtCreate' não tem um javadoc que explica como fazer isso de forma segura. Se a classe não é projetada para extensão, considere fazer a classe 'PneuVulcanizadoResponseDTO' ser final, tornar o método 'setDtCreate' estático/final/abstrato/vazio ou adicione as anotações permitidas ao método. [DesignForExtension]
[WARN] /Users/my/Documents/www/GP/apigppremium/src/main/java/br/compneusgppremium/api/controller/dto/PneuVulcanizadoResponseDTO.java:95:29: O parâmetro dtCreate deve ser final. [FinalParameters]
[WARN] /Users/my/Documents/www/GP/apigppremium/src/main/java/br/compneusgppremium/api/controller/dto/PneuVulcanizadoResponseDTO.java:99:5: A classe 'PneuVulcanizadoResponseDTO' parece ter sido projetada para extensão (permite subclasses), mas o método 'getDtUpdate' não tem um javadoc que explica como fazer isso de forma segura. Se a classe não é projetada para extensão, considere fazer a classe 'PneuVulcanizadoResponseDTO' ser final, tornar o método 'getDtUpdate' estático/final/abstrato/vazio ou adicione as anotações permitidas ao método. [DesignForExtension]
[WARN] /Users/my/Documents/www/GP/apigppremium/src/main/java/br/compneusgppremium/api/controller/dto/PneuVulcanizadoResponseDTO.java:103:5: A classe 'PneuVulcanizadoResponseDTO' parece ter sido projetada para extensão (permite subclasses), mas o método 'setDtUpdate' não tem um javadoc que explica como fazer isso de forma segura. Se a classe não é projetada para extensão, considere fazer a classe 'PneuVulcanizadoResponseDTO' ser final, tornar o método 'setDtUpdate' estático/final/abstrato/vazio ou adicione as anotações permitidas ao método. [DesignForExtension]
[WARN] /Users/my/Documents/www/GP/apigppremium/src/main/java/br/compneusgppremium/api/controller/dto/PneuVulcanizadoResponseDTO.java:103:29: O parâmetro dtUpdate deve ser final. [FinalParameters]
[WARN] /Users/my/Documents/www/GP/apigppremium/src/main/java/br/compneusgppremium/api/controller/dto/RespostaDto.java:2:8: Importação não utilizada - org.springframework.security.core.AuthenticationException. [UnusedImports]
[WARN] /Users/my/Documents/www/GP/apigppremium/src/main/java/br/compneusgppremium/api/controller/dto/RespostaDto.java:6:1: A linha contém um caractere de tabulação. [FileTabCharacter]
[WARN] /Users/my/Documents/www/GP/apigppremium/src/main/java/br/compneusgppremium/api/controller/dto/RespostaDto.java:7:1: A linha contém um caractere de tabulação. [FileTabCharacter]
[WARN] /Users/my/Documents/www/GP/apigppremium/src/main/java/br/compneusgppremium/api/controller/dto/RespostaDto.java:9:1: A linha contém um caractere de tabulação. [FileTabCharacter]
[WARN] /Users/my/Documents/www/GP/apigppremium/src/main/java/br/compneusgppremium/api/controller/dto/RespostaDto.java:9:28: O parâmetro mensagem deve ser final. [FinalParameters]
[WARN] /Users/my/Documents/www/GP/apigppremium/src/main/java/br/compneusgppremium/api/controller/dto/RespostaDto.java:9:45: O parâmetro error deve ser final. [FinalParameters]
[WARN] /Users/my/Documents/www/GP/apigppremium/src/main/java/br/compneusgppremium/api/controller/dto/RespostaDto.java:10:1: A linha contém um caractere de tabulação. [FileTabCharacter]
[WARN] /Users/my/Documents/www/GP/apigppremium/src/main/java/br/compneusgppremium/api/controller/dto/RespostaDto.java:11:1: A linha contém um caractere de tabulação. [FileTabCharacter]
[WARN] /Users/my/Documents/www/GP/apigppremium/src/main/java/br/compneusgppremium/api/controller/dto/RespostaDto.java:12:1: A linha contém um caractere de tabulação. [FileTabCharacter]
[WARN] /Users/my/Documents/www/GP/apigppremium/src/main/java/br/compneusgppremium/api/controller/dto/RespostaDto.java:14:1: A linha contém um caractere de tabulação. [FileTabCharacter]
[WARN] /Users/my/Documents/www/GP/apigppremium/src/main/java/br/compneusgppremium/api/controller/dto/RespostaDto.java:14:9: A classe 'RespostaDto' parece ter sido projetada para extensão (permite subclasses), mas o método 'getMensagem' não tem um javadoc que explica como fazer isso de forma segura. Se a classe não é projetada para extensão, considere fazer a classe 'RespostaDto' ser final, tornar o método 'getMensagem' estático/final/abstrato/vazio ou adicione as anotações permitidas ao método. [DesignForExtension]
[WARN] /Users/my/Documents/www/GP/apigppremium/src/main/java/br/compneusgppremium/api/controller/dto/RespostaDto.java:15:1: A linha contém um caractere de tabulação. [FileTabCharacter]
[WARN] /Users/my/Documents/www/GP/apigppremium/src/main/java/br/compneusgppremium/api/controller/dto/RespostaDto.java:16:1: A linha contém um caractere de tabulação. [FileTabCharacter]
[WARN] /Users/my/Documents/www/GP/apigppremium/src/main/java/br/compneusgppremium/api/controller/dto/RespostaDto.java:18:1: A linha contém um caractere de tabulação. [FileTabCharacter]
[WARN] /Users/my/Documents/www/GP/apigppremium/src/main/java/br/compneusgppremium/api/controller/dto/RespostaDto.java:18:9: A classe 'RespostaDto' parece ter sido projetada para extensão (permite subclasses), mas o método 'getError' não tem um javadoc que explica como fazer isso de forma segura. Se a classe não é projetada para extensão, considere fazer a classe 'RespostaDto' ser final, tornar o método 'getError' estático/final/abstrato/vazio ou adicione as anotações permitidas ao método. [DesignForExtension]
[WARN] /Users/my/Documents/www/GP/apigppremium/src/main/java/br/compneusgppremium/api/controller/dto/RespostaDto.java:19:1: A linha contém um caractere de tabulação. [FileTabCharacter]
[WARN] /Users/my/Documents/www/GP/apigppremium/src/main/java/br/compneusgppremium/api/controller/dto/RespostaDto.java:20:1: A linha contém um caractere de tabulação. [FileTabCharacter]
[WARN] /Users/my/Documents/www/GP/apigppremium/src/main/java/br/compneusgppremium/api/controller/dto/RegistroMaquinaCreateDTO.java:14:17: '100' é um número mágico. [MagicNumber]
[WARN] /Users/my/Documents/www/GP/apigppremium/src/main/java/br/compneusgppremium/api/controller/dto/RegistroMaquinaCreateDTO.java:18:17: '100' é um número mágico. [MagicNumber]
[WARN] /Users/my/Documents/www/GP/apigppremium/src/main/java/br/compneusgppremium/api/controller/dto/RegistroMaquinaCreateDTO.java:22:17: '250' é um número mágico. [MagicNumber]
[WARN] /Users/my/Documents/www/GP/apigppremium/src/main/java/br/compneusgppremium/api/controller/dto/RegistroMaquinaCreateDTO.java:23: A linha contém mais do que 120 caracteres (foram encontrados 123). [LineLength]
[WARN] /Users/my/Documents/www/GP/apigppremium/src/main/java/br/compneusgppremium/api/controller/dto/RegistroMaquinaResponseDTO.java:25: A linha contém mais do que 120 caracteres (foram encontrados 123). [LineLength]
[WARN] /Users/my/Documents/www/GP/apigppremium/src/main/java/br/compneusgppremium/api/controller/dto/PneuVulcanizadoUpdateDTO.java:15: A linha contém mais do que 120 caracteres (foram encontrados 138). [LineLength]
[WARN] /Users/my/Documents/www/GP/apigppremium/src/main/java/br/compneusgppremium/api/controller/dto/PneuVulcanizadoUpdateDTO.java:19:39: '{' não está seguido de espaço em branco. [WhitespaceAround]
[WARN] /Users/my/Documents/www/GP/apigppremium/src/main/java/br/compneusgppremium/api/controller/dto/PneuVulcanizadoUpdateDTO.java:19:40: '}' não está precedido por espaço em branco. [WhitespaceAround]
[WARN] /Users/my/Documents/www/GP/apigppremium/src/main/java/br/compneusgppremium/api/controller/dto/PneuVulcanizadoUpdateDTO.java:21:37: O parâmetro status deve ser final. [FinalParameters]
[WARN] /Users/my/Documents/www/GP/apigppremium/src/main/java/br/compneusgppremium/api/controller/dto/PneuVulcanizadoUpdateDTO.java:26:5: A classe 'PneuVulcanizadoUpdateDTO' parece ter sido projetada para extensão (permite subclasses), mas o método 'getStatus' não tem um javadoc que explica como fazer isso de forma segura. Se a classe não é projetada para extensão, considere fazer a classe 'PneuVulcanizadoUpdateDTO' ser final, tornar o método 'getStatus' estático/final/abstrato/vazio ou adicione as anotações permitidas ao método. [DesignForExtension]
[WARN] /Users/my/Documents/www/GP/apigppremium/src/main/java/br/compneusgppremium/api/controller/dto/PneuVulcanizadoUpdateDTO.java:30:5: A classe 'PneuVulcanizadoUpdateDTO' parece ter sido projetada para extensão (permite subclasses), mas o método 'setStatus' não tem um javadoc que explica como fazer isso de forma segura. Se a classe não é projetada para extensão, considere fazer a classe 'PneuVulcanizadoUpdateDTO' ser final, tornar o método 'setStatus' estático/final/abstrato/vazio ou adicione as anotações permitidas ao método. [DesignForExtension]
[WARN] /Users/my/Documents/www/GP/apigppremium/src/main/java/br/compneusgppremium/api/controller/dto/PneuVulcanizadoUpdateDTO.java:30:27: O parâmetro status deve ser final. [FinalParameters]
[WARN] /Users/my/Documents/www/GP/apigppremium/src/main/java/br/compneusgppremium/api/controller/form/LoginForm.java:11:1: A linha contém um caractere de tabulação. [FileTabCharacter]
[WARN] /Users/my/Documents/www/GP/apigppremium/src/main/java/br/compneusgppremium/api/controller/form/LoginForm.java:12:1: A linha contém um caractere de tabulação. [FileTabCharacter]
[WARN] /Users/my/Documents/www/GP/apigppremium/src/main/java/br/compneusgppremium/api/controller/form/LoginForm.java:13:1: A linha contém um caractere de tabulação. [FileTabCharacter]
[WARN] /Users/my/Documents/www/GP/apigppremium/src/main/java/br/compneusgppremium/api/controller/form/LoginForm.java:14:1: A linha contém um caractere de tabulação. [FileTabCharacter]
[WARN] /Users/my/Documents/www/GP/apigppremium/src/main/java/br/compneusgppremium/api/controller/form/LoginForm.java:15:1: A linha contém um caractere de tabulação. [FileTabCharacter]
[WARN] /Users/my/Documents/www/GP/apigppremium/src/main/java/br/compneusgppremium/api/controller/form/LoginForm.java:16:1: A linha contém um caractere de tabulação. [FileTabCharacter]
[WARN] /Users/my/Documents/www/GP/apigppremium/src/main/java/br/compneusgppremium/api/controller/form/LoginForm.java:17:1: A linha contém um caractere de tabulação. [FileTabCharacter]
[WARN] /Users/my/Documents/www/GP/apigppremium/src/main/java/br/compneusgppremium/api/controller/form/LoginForm.java:19:1: A linha contém um caractere de tabulação. [FileTabCharacter]
[WARN] /Users/my/Documents/www/GP/apigppremium/src/main/java/br/compneusgppremium/api/controller/form/LoginForm.java:19:9: A classe 'LoginForm' parece ter sido projetada para extensão (permite subclasses), mas o método 'getLogin' não tem um javadoc que explica como fazer isso de forma segura. Se a classe não é projetada para extensão, considere fazer a classe 'LoginForm' ser final, tornar o método 'getLogin' estático/final/abstrato/vazio ou adicione as anotações permitidas ao método. [DesignForExtension]
[WARN] /Users/my/Documents/www/GP/apigppremium/src/main/java/br/compneusgppremium/api/controller/form/LoginForm.java:20:1: A linha contém um caractere de tabulação. [FileTabCharacter]
[WARN] /Users/my/Documents/www/GP/apigppremium/src/main/java/br/compneusgppremium/api/controller/form/LoginForm.java:21:1: A linha contém um caractere de tabulação. [FileTabCharacter]
[WARN] /Users/my/Documents/www/GP/apigppremium/src/main/java/br/compneusgppremium/api/controller/form/LoginForm.java:23:1: A linha contém um caractere de tabulação. [FileTabCharacter]
[WARN] /Users/my/Documents/www/GP/apigppremium/src/main/java/br/compneusgppremium/api/controller/form/LoginForm.java:23:9: A classe 'LoginForm' parece ter sido projetada para extensão (permite subclasses), mas o método 'getSenha' não tem um javadoc que explica como fazer isso de forma segura. Se a classe não é projetada para extensão, considere fazer a classe 'LoginForm' ser final, tornar o método 'getSenha' estático/final/abstrato/vazio ou adicione as anotações permitidas ao método. [DesignForExtension]
[WARN] /Users/my/Documents/www/GP/apigppremium/src/main/java/br/compneusgppremium/api/controller/form/LoginForm.java:24:1: A linha contém um caractere de tabulação. [FileTabCharacter]
[WARN] /Users/my/Documents/www/GP/apigppremium/src/main/java/br/compneusgppremium/api/controller/form/LoginForm.java:25:1: A linha contém um caractere de tabulação. [FileTabCharacter]
[WARN] /Users/my/Documents/www/GP/apigppremium/src/main/java/br/compneusgppremium/api/controller/form/LoginForm.java:27:1: A linha contém um caractere de tabulação. [FileTabCharacter]
[WARN] /Users/my/Documents/www/GP/apigppremium/src/main/java/br/compneusgppremium/api/controller/form/LoginForm.java:27:9: A classe 'LoginForm' parece ter sido projetada para extensão (permite subclasses), mas o método 'setLogin' não tem um javadoc que explica como fazer isso de forma segura. Se a classe não é projetada para extensão, considere fazer a classe 'LoginForm' ser final, tornar o método 'setLogin' estático/final/abstrato/vazio ou adicione as anotações permitidas ao método. [DesignForExtension]
[WARN] /Users/my/Documents/www/GP/apigppremium/src/main/java/br/compneusgppremium/api/controller/form/LoginForm.java:27:30: O parâmetro email deve ser final. [FinalParameters]
[WARN] /Users/my/Documents/www/GP/apigppremium/src/main/java/br/compneusgppremium/api/controller/form/LoginForm.java:28:1: A linha contém um caractere de tabulação. [FileTabCharacter]
[WARN] /Users/my/Documents/www/GP/apigppremium/src/main/java/br/compneusgppremium/api/controller/form/LoginForm.java:29:1: A linha contém um caractere de tabulação. [FileTabCharacter]
[WARN] /Users/my/Documents/www/GP/apigppremium/src/main/java/br/compneusgppremium/api/controller/form/LoginForm.java:31:1: A linha contém um caractere de tabulação. [FileTabCharacter]
[WARN] /Users/my/Documents/www/GP/apigppremium/src/main/java/br/compneusgppremium/api/controller/form/LoginForm.java:31:9: A classe 'LoginForm' parece ter sido projetada para extensão (permite subclasses), mas o método 'setSenha' não tem um javadoc que explica como fazer isso de forma segura. Se a classe não é projetada para extensão, considere fazer a classe 'LoginForm' ser final, tornar o método 'setSenha' estático/final/abstrato/vazio ou adicione as anotações permitidas ao método. [DesignForExtension]
[WARN] /Users/my/Documents/www/GP/apigppremium/src/main/java/br/compneusgppremium/api/controller/form/LoginForm.java:31:30: O parâmetro senha deve ser final. [FinalParameters]
[WARN] /Users/my/Documents/www/GP/apigppremium/src/main/java/br/compneusgppremium/api/controller/form/LoginForm.java:32:1: A linha contém um caractere de tabulação. [FileTabCharacter]
[WARN] /Users/my/Documents/www/GP/apigppremium/src/main/java/br/compneusgppremium/api/controller/form/LoginForm.java:33:1: A linha contém um caractere de tabulação. [FileTabCharacter]
[WARN] /Users/my/Documents/www/GP/apigppremium/src/main/java/br/compneusgppremium/api/controller/form/LoginForm.java:35:1: A linha contém um caractere de tabulação. [FileTabCharacter]
[WARN] /Users/my/Documents/www/GP/apigppremium/src/main/java/br/compneusgppremium/api/controller/form/LoginForm.java:35:9: A classe 'LoginForm' parece ter sido projetada para extensão (permite subclasses), mas o método 'converter' não tem um javadoc que explica como fazer isso de forma segura. Se a classe não é projetada para extensão, considere fazer a classe 'LoginForm' ser final, tornar o método 'converter' estático/final/abstrato/vazio ou adicione as anotações permitidas ao método. [DesignForExtension]
[WARN] /Users/my/Documents/www/GP/apigppremium/src/main/java/br/compneusgppremium/api/controller/form/LoginForm.java:36:1: A linha contém um caractere de tabulação. [FileTabCharacter]
[WARN] /Users/my/Documents/www/GP/apigppremium/src/main/java/br/compneusgppremium/api/controller/form/LoginForm.java:37:1: A linha contém um caractere de tabulação. [FileTabCharacter]
[WARN] /Users/my/Documents/www/GP/apigppremium/src/main/java/br/compneusgppremium/api/controller/StatusController.java:9:5: A classe 'StatusController' parece ter sido projetada para extensão (permite subclasses), mas o método 'check' não tem um javadoc que explica como fazer isso de forma segura. Se a classe não é projetada para extensão, considere fazer a classe 'StatusController' ser final, tornar o método 'check' estático/final/abstrato/vazio ou adicione as anotações permitidas ao método. [DesignForExtension]
[WARN] /Users/my/Documents/www/GP/apigppremium/src/main/java/br/compneusgppremium/api/controller/StatusController.java:10:25: '(' está precedido por espaço em branco. [MethodParamPad]
[WARN] /Users/my/Documents/www/GP/apigppremium/src/main/java/br/compneusgppremium/api/controller/StatusController.java:10:27: '{' não está precedido por espaço em branco. [WhitespaceAround]
[WARN] /Users/my/Documents/www/GP/apigppremium/src/main/java/br/compneusgppremium/api/controller/MarcaController.java:4:8: Importação não utilizada - br.compneusgppremium.api.controller.model.PaisModel. [UnusedImports]
[WARN] /Users/my/Documents/www/GP/apigppremium/src/main/java/br/compneusgppremium/api/controller/MarcaController.java:14: A forma de importação '.*' deveria ser evitada - org.springframework.web.bind.annotation.*. [AvoidStarImport]
[WARN] /Users/my/Documents/www/GP/apigppremium/src/main/java/br/compneusgppremium/api/controller/MarcaController.java:27:5: A classe 'MarcaController' parece ter sido projetada para extensão (permite subclasses), mas o método 'findAll' não tem um javadoc que explica como fazer isso de forma segura. Se a classe não é projetada para extensão, considere fazer a classe 'MarcaController' ser final, tornar o método 'findAll' estático/final/abstrato/vazio ou adicione as anotações permitidas ao método. [DesignForExtension]
[WARN] /Users/my/Documents/www/GP/apigppremium/src/main/java/br/compneusgppremium/api/controller/MarcaController.java:40:5: A classe 'MarcaController' parece ter sido projetada para extensão (permite subclasses), mas o método 'consultar' não tem um javadoc que explica como fazer isso de forma segura. Se a classe não é projetada para extensão, considere fazer a classe 'MarcaController' ser final, tornar o método 'consultar' estático/final/abstrato/vazio ou adicione as anotações permitidas ao método. [DesignForExtension]
[WARN] /Users/my/Documents/www/GP/apigppremium/src/main/java/br/compneusgppremium/api/controller/MarcaController.java:46:37: O parâmetro id deve ser final. [FinalParameters]
[WARN] /Users/my/Documents/www/GP/apigppremium/src/main/java/br/compneusgppremium/api/controller/MarcaController.java:52:5: A classe 'MarcaController' parece ter sido projetada para extensão (permite subclasses), mas o método 'salvar' não tem um javadoc que explica como fazer isso de forma segura. Se a classe não é projetada para extensão, considere fazer a classe 'MarcaController' ser final, tornar o método 'salvar' estático/final/abstrato/vazio ou adicione as anotações permitidas ao método. [DesignForExtension]
[WARN] /Users/my/Documents/www/GP/apigppremium/src/main/java/br/compneusgppremium/api/controller/MarcaController.java:58:26: O parâmetro marca deve ser final. [FinalParameters]
[WARN] /Users/my/Documents/www/GP/apigppremium/src/main/java/br/compneusgppremium/api/controller/MarcaController.java:66:5: A classe 'MarcaController' parece ter sido projetada para extensão (permite subclasses), mas o método 'atualizar' não tem um javadoc que explica como fazer isso de forma segura. Se a classe não é projetada para extensão, considere fazer a classe 'MarcaController' ser final, tornar o método 'atualizar' estático/final/abstrato/vazio ou adicione as anotações permitidas ao método. [DesignForExtension]
[WARN] /Users/my/Documents/www/GP/apigppremium/src/main/java/br/compneusgppremium/api/controller/MarcaController.java:73: A linha contém mais do que 120 caracteres (foram encontrados 140). [LineLength]
[WARN] /Users/my/Documents/www/GP/apigppremium/src/main/java/br/compneusgppremium/api/controller/MarcaController.java:73:37: O parâmetro id deve ser final. [FinalParameters]
[WARN] /Users/my/Documents/www/GP/apigppremium/src/main/java/br/compneusgppremium/api/controller/MarcaController.java:73:109: O parâmetro marca deve ser final. [FinalParameters]
[WARN] /Users/my/Documents/www/GP/apigppremium/src/main/java/br/compneusgppremium/api/controller/MarcaController.java:82:5: A classe 'MarcaController' parece ter sido projetada para extensão (permite subclasses), mas o método 'delete' não tem um javadoc que explica como fazer isso de forma segura. Se a classe não é projetada para extensão, considere fazer a classe 'MarcaController' ser final, tornar o método 'delete' estático/final/abstrato/vazio ou adicione as anotações permitidas ao método. [DesignForExtension]
[WARN] /Users/my/Documents/www/GP/apigppremium/src/main/java/br/compneusgppremium/api/controller/MarcaController.java:88:37: O parâmetro id deve ser final. [FinalParameters]
[WARN] /Users/my/Documents/www/GP/apigppremium/src/main/java/br/compneusgppremium/api/controller/ValidaRegraController.java:7: A forma de importação '.*' deveria ser evitada - org.springframework.web.bind.annotation.*. [AvoidStarImport]
[WARN] /Users/my/Documents/www/GP/apigppremium/src/main/java/br/compneusgppremium/api/controller/ValidaRegraController.java:18:5: A classe 'ValidaRegraController' parece ter sido projetada para extensão (permite subclasses), mas o método 'findAll' não tem um javadoc que explica como fazer isso de forma segura. Se a classe não é projetada para extensão, considere fazer a classe 'ValidaRegraController' ser final, tornar o método 'findAll' estático/final/abstrato/vazio ou adicione as anotações permitidas ao método. [DesignForExtension]
[WARN] /Users/my/Documents/www/GP/apigppremium/src/main/java/br/compneusgppremium/api/controller/ValidaRegraController.java:26:5: A classe 'ValidaRegraController' parece ter sido projetada para extensão (permite subclasses), mas o método 'consultar' não tem um javadoc que explica como fazer isso de forma segura. Se a classe não é projetada para extensão, considere fazer a classe 'ValidaRegraController' ser final, tornar o método 'consultar' estático/final/abstrato/vazio ou adicione as anotações permitidas ao método. [DesignForExtension]
[WARN] /Users/my/Documents/www/GP/apigppremium/src/main/java/br/compneusgppremium/api/controller/ValidaRegraController.java:27:37: O parâmetro id deve ser final. [FinalParameters]
[WARN] /Users/my/Documents/www/GP/apigppremium/src/main/java/br/compneusgppremium/api/controller/ValidaRegraController.java:33:5: A classe 'ValidaRegraController' parece ter sido projetada para extensão (permite subclasses), mas o método 'salvar' não tem um javadoc que explica como fazer isso de forma segura. Se a classe não é projetada para extensão, considere fazer a classe 'ValidaRegraController' ser final, tornar o método 'salvar' estático/final/abstrato/vazio ou adicione as anotações permitidas ao método. [DesignForExtension]
[WARN] /Users/my/Documents/www/GP/apigppremium/src/main/java/br/compneusgppremium/api/controller/ValidaRegraController.java:34:26: O parâmetro validaRegra deve ser final. [FinalParameters]
[WARN] /Users/my/Documents/www/GP/apigppremium/src/main/java/br/compneusgppremium/api/controller/EspessuramentoController.java:7: A forma de importação '.*' deveria ser evitada - org.springframework.web.bind.annotation.*. [AvoidStarImport]
[WARN] /Users/my/Documents/www/GP/apigppremium/src/main/java/br/compneusgppremium/api/controller/EspessuramentoController.java:18:5: A classe 'EspessuramentoController' parece ter sido projetada para extensão (permite subclasses), mas o método 'findAll' não tem um javadoc que explica como fazer isso de forma segura. Se a classe não é projetada para extensão, considere fazer a classe 'EspessuramentoController' ser final, tornar o método 'findAll' estático/final/abstrato/vazio ou adicione as anotações permitidas ao método. [DesignForExtension]
[WARN] /Users/my/Documents/www/GP/apigppremium/src/main/java/br/compneusgppremium/api/controller/EspessuramentoController.java:26:5: A classe 'EspessuramentoController' parece ter sido projetada para extensão (permite subclasses), mas o método 'consultar' não tem um javadoc que explica como fazer isso de forma segura. Se a classe não é projetada para extensão, considere fazer a classe 'EspessuramentoController' ser final, tornar o método 'consultar' estático/final/abstrato/vazio ou adicione as anotações permitidas ao método. [DesignForExtension]
[WARN] /Users/my/Documents/www/GP/apigppremium/src/main/java/br/compneusgppremium/api/controller/EspessuramentoController.java:27:37: O parâmetro id deve ser final. [FinalParameters]
[WARN] /Users/my/Documents/www/GP/apigppremium/src/main/java/br/compneusgppremium/api/controller/EspessuramentoController.java:33:5: A classe 'EspessuramentoController' parece ter sido projetada para extensão (permite subclasses), mas o método 'salvar' não tem um javadoc que explica como fazer isso de forma segura. Se a classe não é projetada para extensão, considere fazer a classe 'EspessuramentoController' ser final, tornar o método 'salvar' estático/final/abstrato/vazio ou adicione as anotações permitidas ao método. [DesignForExtension]
[WARN] /Users/my/Documents/www/GP/apigppremium/src/main/java/br/compneusgppremium/api/controller/EspessuramentoController.java:34:26: O parâmetro obj deve ser final. [FinalParameters]
[WARN] /Users/my/Documents/www/GP/apigppremium/src/main/java/br/compneusgppremium/api/controller/EspessuramentoController.java:41:5: A classe 'EspessuramentoController' parece ter sido projetada para extensão (permite subclasses), mas o método 'atualizar' não tem um javadoc que explica como fazer isso de forma segura. Se a classe não é projetada para extensão, considere fazer a classe 'EspessuramentoController' ser final, tornar o método 'atualizar' estático/final/abstrato/vazio ou adicione as anotações permitidas ao método. [DesignForExtension]
[WARN] /Users/my/Documents/www/GP/apigppremium/src/main/java/br/compneusgppremium/api/controller/EspessuramentoController.java:42:37: O parâmetro id deve ser final. [FinalParameters]
[WARN] /Users/my/Documents/www/GP/apigppremium/src/main/java/br/compneusgppremium/api/controller/EspessuramentoController.java:42:69: O parâmetro espessuramento deve ser final. [FinalParameters]
[WARN] /Users/my/Documents/www/GP/apigppremium/src/main/java/br/compneusgppremium/api/controller/EspessuramentoController.java:51:5: A classe 'EspessuramentoController' parece ter sido projetada para extensão (permite subclasses), mas o método 'delete' não tem um javadoc que explica como fazer isso de forma segura. Se a classe não é projetada para extensão, considere fazer a classe 'EspessuramentoController' ser final, tornar o método 'delete' estático/final/abstrato/vazio ou adicione as anotações permitidas ao método. [DesignForExtension]
[WARN] /Users/my/Documents/www/GP/apigppremium/src/main/java/br/compneusgppremium/api/controller/EspessuramentoController.java:52:37: O parâmetro id deve ser final. [FinalParameters]
[WARN] /Users/my/Documents/www/GP/apigppremium/src/main/java/br/compneusgppremium/api/controller/ColaController.java:3:8: Importação não utilizada - br.compneusgppremium.api.controller.dto.ColaComStatusDTO. [UnusedImports]
[WARN] /Users/my/Documents/www/GP/apigppremium/src/main/java/br/compneusgppremium/api/controller/ColaController.java:7: A forma de importação '.*' deveria ser evitada - br.compneusgppremium.api.repository.*. [AvoidStarImport]
[WARN] /Users/my/Documents/www/GP/apigppremium/src/main/java/br/compneusgppremium/api/controller/ColaController.java:19: A forma de importação '.*' deveria ser evitada - org.springframework.web.bind.annotation.*. [AvoidStarImport]
[WARN] /Users/my/Documents/www/GP/apigppremium/src/main/java/br/compneusgppremium/api/controller/ColaController.java:48:5: A classe 'ColaController' parece ter sido projetada para extensão (permite subclasses), mas o método 'salvar' não tem um javadoc que explica como fazer isso de forma segura. Se a classe não é projetada para extensão, considere fazer a classe 'ColaController' ser final, tornar o método 'salvar' estático/final/abstrato/vazio ou adicione as anotações permitidas ao método. [DesignForExtension]
[WARN] /Users/my/Documents/www/GP/apigppremium/src/main/java/br/compneusgppremium/api/controller/ColaController.java:56:37: O parâmetro cola deve ser final. [FinalParameters]
[WARN] /Users/my/Documents/www/GP/apigppremium/src/main/java/br/compneusgppremium/api/controller/ColaController.java:90: A linha contém mais do que 120 caracteres (foram encontrados 126). [LineLength]
[WARN] /Users/my/Documents/www/GP/apigppremium/src/main/java/br/compneusgppremium/api/controller/ColaController.java:90:5: A classe 'ColaController' parece ter sido projetada para extensão (permite subclasses), mas o método 'listar' não tem um javadoc que explica como fazer isso de forma segura. Se a classe não é projetada para extensão, considere fazer a classe 'ColaController' ser final, tornar o método 'listar' estático/final/abstrato/vazio ou adicione as anotações permitidas ao método. [DesignForExtension]
[WARN] /Users/my/Documents/www/GP/apigppremium/src/main/java/br/compneusgppremium/api/controller/ColaController.java:124: A linha contém mais do que 120 caracteres (foram encontrados 122). [LineLength]
[WARN] /Users/my/Documents/www/GP/apigppremium/src/main/java/br/compneusgppremium/api/controller/ColaController.java:124:5: A classe 'ColaController' parece ter sido projetada para extensão (permite subclasses), mas o método 'atualizar' não tem um javadoc que explica como fazer isso de forma segura. Se a classe não é projetada para extensão, considere fazer a classe 'ColaController' ser final, tornar o método 'atualizar' estático/final/abstrato/vazio ou adicione as anotações permitidas ao método. [DesignForExtension]
[WARN] /Users/my/Documents/www/GP/apigppremium/src/main/java/br/compneusgppremium/api/controller/ColaController.java:133: A linha contém mais do que 120 caracteres (foram encontrados 144). [LineLength]
[WARN] /Users/my/Documents/www/GP/apigppremium/src/main/java/br/compneusgppremium/api/controller/ColaController.java:133:40: O parâmetro id deve ser final. [FinalParameters]
[WARN] /Users/my/Documents/www/GP/apigppremium/src/main/java/br/compneusgppremium/api/controller/ColaController.java:133:111: O parâmetro novaCola deve ser final. [FinalParameters]
[WARN] /Users/my/Documents/www/GP/apigppremium/src/main/java/br/compneusgppremium/api/controller/ColaController.java:196: A linha contém mais do que 120 caracteres (foram encontrados 128). [LineLength]
[WARN] /Users/my/Documents/www/GP/apigppremium/src/main/java/br/compneusgppremium/api/controller/ColaController.java:199: A linha contém mais do que 120 caracteres (foram encontrados 149). [LineLength]
[WARN] /Users/my/Documents/www/GP/apigppremium/src/main/java/br/compneusgppremium/api/controller/ColaController.java:199:5: A classe 'ColaController' parece ter sido projetada para extensão (permite subclasses), mas o método 'buscarPorEtiqueta' não tem um javadoc que explica como fazer isso de forma segura. Se a classe não é projetada para extensão, considere fazer a classe 'ColaController' ser final, tornar o método 'buscarPorEtiqueta' estático/final/abstrato/vazio ou adicione as anotações permitidas ao método. [DesignForExtension]
[WARN] /Users/my/Documents/www/GP/apigppremium/src/main/java/br/compneusgppremium/api/controller/ColaController.java:207: A linha contém mais do que 120 caracteres (foram encontrados 140). [LineLength]
[WARN] /Users/my/Documents/www/GP/apigppremium/src/main/java/br/compneusgppremium/api/controller/ColaController.java:207:48: O parâmetro etiqueta deve ser final. [FinalParameters]
[WARN] /Users/my/Documents/www/GP/apigppremium/src/main/java/br/compneusgppremium/api/controller/ColaController.java:217: A linha contém mais do que 120 caracteres (foram encontrados 124). [LineLength]
[WARN] /Users/my/Documents/www/GP/apigppremium/src/main/java/br/compneusgppremium/api/controller/ColaController.java:230: A linha contém mais do que 120 caracteres (foram encontrados 132). [LineLength]
[WARN] /Users/my/Documents/www/GP/apigppremium/src/main/java/br/compneusgppremium/api/controller/ColaController.java:233: A linha contém mais do que 120 caracteres (foram encontrados 137). [LineLength]
[WARN] /Users/my/Documents/www/GP/apigppremium/src/main/java/br/compneusgppremium/api/controller/ProducaoController.java:4: A forma de importação '.*' deveria ser evitada - br.compneusgppremium.api.controller.model.*. [AvoidStarImport]
[WARN] /Users/my/Documents/www/GP/apigppremium/src/main/java/br/compneusgppremium/api/controller/ProducaoController.java:21: A forma de importação '.*' deveria ser evitada - org.springframework.web.bind.annotation.*. [AvoidStarImport]
[WARN] /Users/my/Documents/www/GP/apigppremium/src/main/java/br/compneusgppremium/api/controller/ProducaoController.java:26: A forma de importação '.*' deveria ser evitada - java.util.*. [AvoidStarImport]
[WARN] /Users/my/Documents/www/GP/apigppremium/src/main/java/br/compneusgppremium/api/controller/ProducaoController.java:28:15: Importação não utilizada - org.apache.logging.log4j.util.Strings.isNotBlank. [UnusedImports]
[WARN] /Users/my/Documents/www/GP/apigppremium/src/main/java/br/compneusgppremium/api/controller/ProducaoController.java:48:19: A variável 'entityManager' deveria ser privada e ter métodos acessores. [VisibilityModifier]
[WARN] /Users/my/Documents/www/GP/apigppremium/src/main/java/br/compneusgppremium/api/controller/ProducaoController.java:50:5: A classe 'ProducaoController' parece ter sido projetada para extensão (permite subclasses), mas o método 'findAll' não tem um javadoc que explica como fazer isso de forma segura. Se a classe não é projetada para extensão, considere fazer a classe 'ProducaoController' ser final, tornar o método 'findAll' estático/final/abstrato/vazio ou adicione as anotações permitidas ao método. [DesignForExtension]
[WARN] /Users/my/Documents/www/GP/apigppremium/src/main/java/br/compneusgppremium/api/controller/ProducaoController.java:72:32: '100' é um número mágico. [MagicNumber]
[WARN] /Users/my/Documents/www/GP/apigppremium/src/main/java/br/compneusgppremium/api/controller/ProducaoController.java:84:46: Evite condicionais inline. [AvoidInlineConditionals]
[WARN] /Users/my/Documents/www/GP/apigppremium/src/main/java/br/compneusgppremium/api/controller/ProducaoController.java:85:46: Evite condicionais inline. [AvoidInlineConditionals]
[WARN] /Users/my/Documents/www/GP/apigppremium/src/main/java/br/compneusgppremium/api/controller/ProducaoController.java:92:5: A classe 'ProducaoController' parece ter sido projetada para extensão (permite subclasses), mas o método 'consultar' não tem um javadoc que explica como fazer isso de forma segura. Se a classe não é projetada para extensão, considere fazer a classe 'ProducaoController' ser final, tornar o método 'consultar' estático/final/abstrato/vazio ou adicione as anotações permitidas ao método. [DesignForExtension]
[WARN] /Users/my/Documents/www/GP/apigppremium/src/main/java/br/compneusgppremium/api/controller/ProducaoController.java:116:9: O parâmetro id deve ser final. [FinalParameters]
[WARN] /Users/my/Documents/www/GP/apigppremium/src/main/java/br/compneusgppremium/api/controller/ProducaoController.java:129:54: Evite condicionais inline. [AvoidInlineConditionals]
[WARN] /Users/my/Documents/www/GP/apigppremium/src/main/java/br/compneusgppremium/api/controller/ProducaoController.java:130:54: Evite condicionais inline. [AvoidInlineConditionals]
[WARN] /Users/my/Documents/www/GP/apigppremium/src/main/java/br/compneusgppremium/api/controller/ProducaoController.java:137:5: A classe 'ProducaoController' parece ter sido projetada para extensão (permite subclasses), mas o método 'salvar' não tem um javadoc que explica como fazer isso de forma segura. Se a classe não é projetada para extensão, considere fazer a classe 'ProducaoController' ser final, tornar o método 'salvar' estático/final/abstrato/vazio ou adicione as anotações permitidas ao método. [DesignForExtension]
[WARN] /Users/my/Documents/www/GP/apigppremium/src/main/java/br/compneusgppremium/api/controller/ProducaoController.java:165:9: O parâmetro producao deve ser final. [FinalParameters]
[WARN] /Users/my/Documents/www/GP/apigppremium/src/main/java/br/compneusgppremium/api/controller/ProducaoController.java:202:43: Evite condicionais inline. [AvoidInlineConditionals]
[WARN] /Users/my/Documents/www/GP/apigppremium/src/main/java/br/compneusgppremium/api/controller/ProducaoController.java:207:5: A classe 'ProducaoController' parece ter sido projetada para extensão (permite subclasses), mas o método 'atualizar' não tem um javadoc que explica como fazer isso de forma segura. Se a classe não é projetada para extensão, considere fazer a classe 'ProducaoController' ser final, tornar o método 'atualizar' estático/final/abstrato/vazio ou adicione as anotações permitidas ao método. [DesignForExtension]
[WARN] /Users/my/Documents/www/GP/apigppremium/src/main/java/br/compneusgppremium/api/controller/ProducaoController.java:231:9: O parâmetro id deve ser final. [FinalParameters]
[WARN] /Users/my/Documents/www/GP/apigppremium/src/main/java/br/compneusgppremium/api/controller/ProducaoController.java:233:9: O parâmetro producao deve ser final. [FinalParameters]
[WARN] /Users/my/Documents/www/GP/apigppremium/src/main/java/br/compneusgppremium/api/controller/ProducaoController.java:246:5: A classe 'ProducaoController' parece ter sido projetada para extensão (permite subclasses), mas o método 'delete' não tem um javadoc que explica como fazer isso de forma segura. Se a classe não é projetada para extensão, considere fazer a classe 'ProducaoController' ser final, tornar o método 'delete' estático/final/abstrato/vazio ou adicione as anotações permitidas ao método. [DesignForExtension]
[WARN] /Users/my/Documents/www/GP/apigppremium/src/main/java/br/compneusgppremium/api/controller/ProducaoController.java:266:9: O parâmetro id deve ser final. [FinalParameters]
[WARN] /Users/my/Documents/www/GP/apigppremium/src/main/java/br/compneusgppremium/api/controller/ProducaoController.java:282:5: A classe 'ProducaoController' parece ter sido projetada para extensão (permite subclasses), mas o método 'consultarProducao' não tem um javadoc que explica como fazer isso de forma segura. Se a classe não é projetada para extensão, considere fazer a classe 'ProducaoController' ser final, tornar o método 'consultarProducao' estático/final/abstrato/vazio ou adicione as anotações permitidas ao método. [DesignForExtension]
[WARN] /Users/my/Documents/www/GP/apigppremium/src/main/java/br/compneusgppremium/api/controller/ProducaoController.java:285: A linha contém mais do que 120 caracteres (foram encontrados 126). [LineLength]
[WARN] /Users/my/Documents/www/GP/apigppremium/src/main/java/br/compneusgppremium/api/controller/ProducaoController.java:306:9: O parâmetro modeloId deve ser final. [FinalParameters]
[WARN] /Users/my/Documents/www/GP/apigppremium/src/main/java/br/compneusgppremium/api/controller/ProducaoController.java:308:9: O parâmetro marcaId deve ser final. [FinalParameters]
[WARN] /Users/my/Documents/www/GP/apigppremium/src/main/java/br/compneusgppremium/api/controller/ProducaoController.java:310:9: O parâmetro medidaId deve ser final. [FinalParameters]
[WARN] /Users/my/Documents/www/GP/apigppremium/src/main/java/br/compneusgppremium/api/controller/ProducaoController.java:312:9: O parâmetro paisId deve ser final. [FinalParameters]
[WARN] /Users/my/Documents/www/GP/apigppremium/src/main/java/br/compneusgppremium/api/controller/ProducaoController.java:314:9: O parâmetro numeroEtiqueta deve ser final. [FinalParameters]
[WARN] /Users/my/Documents/www/GP/apigppremium/src/main/java/br/compneusgppremium/api/controller/ProducaoController.java:369:50: Evite condicionais inline. [AvoidInlineConditionals]
[WARN] /Users/my/Documents/www/GP/apigppremium/src/main/java/br/compneusgppremium/api/controller/ProducaoController.java:370:50: Evite condicionais inline. [AvoidInlineConditionals]
[WARN] /Users/my/Documents/www/GP/apigppremium/src/main/java/br/compneusgppremium/api/controller/ProducaoController.java:384:40: O parâmetro valor deve ser final. [FinalParameters]
[WARN] /Users/my/Documents/www/GP/apigppremium/src/main/java/br/compneusgppremium/api/controller/FileUploadController.java:5:8: Importação não utilizada - java.nio.file.Path. [UnusedImports]
[WARN] /Users/my/Documents/www/GP/apigppremium/src/main/java/br/compneusgppremium/api/controller/FileUploadController.java:14:8: Importação não utilizada - br.compneusgppremium.api.util.ApiError. [UnusedImports]
[WARN] /Users/my/Documents/www/GP/apigppremium/src/main/java/br/compneusgppremium/api/controller/FileUploadController.java:35:25: A variável 'storageService' deveria ser privada e ter métodos acessores. [VisibilityModifier]
[WARN] /Users/my/Documents/www/GP/apigppremium/src/main/java/br/compneusgppremium/api/controller/FileUploadController.java:40:5: A classe 'FileUploadController' parece ter sido projetada para extensão (permite subclasses), mas o método 'uploadFiles' não tem um javadoc que explica como fazer isso de forma segura. Se a classe não é projetada para extensão, considere fazer a classe 'FileUploadController' ser final, tornar o método 'uploadFiles' estático/final/abstrato/vazio ou adicione as anotações permitidas ao método. [DesignForExtension]
[WARN] /Users/my/Documents/www/GP/apigppremium/src/main/java/br/compneusgppremium/api/controller/FileUploadController.java:41:31: O parâmetro title deve ser final. [FinalParameters]
[WARN] /Users/my/Documents/www/GP/apigppremium/src/main/java/br/compneusgppremium/api/controller/FileUploadController.java:41:68: O parâmetro files deve ser final. [FinalParameters]
[WARN] /Users/my/Documents/www/GP/apigppremium/src/main/java/br/compneusgppremium/api/controller/FileUploadController.java:53: A estrutura 'if' deve utilizar '{}'s. [NeedBraces]
[WARN] /Users/my/Documents/www/GP/apigppremium/src/main/java/br/compneusgppremium/api/controller/FileUploadController.java:60: A linha contém mais do que 120 caracteres (foram encontrados 125). [LineLength]
[WARN] /Users/my/Documents/www/GP/apigppremium/src/main/java/br/compneusgppremium/api/controller/FileUploadController.java:86:3: A linha contém um caractere de tabulação. [FileTabCharacter]
[WARN] /Users/my/Documents/www/GP/apigppremium/src/main/java/br/compneusgppremium/api/controller/FileUploadController.java:87:3: A linha contém um caractere de tabulação. [FileTabCharacter]
[WARN] /Users/my/Documents/www/GP/apigppremium/src/main/java/br/compneusgppremium/api/controller/FileUploadController.java:88:3: A linha contém um caractere de tabulação. [FileTabCharacter]
[WARN] /Users/my/Documents/www/GP/apigppremium/src/main/java/br/compneusgppremium/api/controller/FileUploadController.java:89:3: A linha contém um caractere de tabulação. [FileTabCharacter]
[WARN] /Users/my/Documents/www/GP/apigppremium/src/main/java/br/compneusgppremium/api/controller/FileUploadController.java:90:3: A linha contém um caractere de tabulação. [FileTabCharacter]
[WARN] /Users/my/Documents/www/GP/apigppremium/src/main/java/br/compneusgppremium/api/controller/FileUploadController.java:91: A linha contém mais do que 120 caracteres (foram encontrados 140). [LineLength]
[WARN] /Users/my/Documents/www/GP/apigppremium/src/main/java/br/compneusgppremium/api/controller/FileUploadController.java:91:3: A linha contém um caractere de tabulação. [FileTabCharacter]
[WARN] /Users/my/Documents/www/GP/apigppremium/src/main/java/br/compneusgppremium/api/controller/FileUploadController.java:93:3: A linha contém um caractere de tabulação. [FileTabCharacter]
[WARN] /Users/my/Documents/www/GP/apigppremium/src/main/java/br/compneusgppremium/api/controller/FileUploadController.java:94:3: A linha contém um caractere de tabulação. [FileTabCharacter]
[WARN] /Users/my/Documents/www/GP/apigppremium/src/main/java/br/compneusgppremium/api/controller/FileUploadController.java:96:3: A linha contém um caractere de tabulação. [FileTabCharacter]
[WARN] /Users/my/Documents/www/GP/apigppremium/src/main/java/br/compneusgppremium/api/controller/FileUploadController.java:97:3: A linha contém um caractere de tabulação. [FileTabCharacter]
[WARN] /Users/my/Documents/www/GP/apigppremium/src/main/java/br/compneusgppremium/api/controller/FileUploadController.java:99:5: A classe 'FileUploadController' parece ter sido projetada para extensão (permite subclasses), mas o método 'getFile' não tem um javadoc que explica como fazer isso de forma segura. Se a classe não é projetada para extensão, considere fazer a classe 'FileUploadController' ser final, tornar o método 'getFile' estático/final/abstrato/vazio ou adicione as anotações permitidas ao método. [DesignForExtension]
[WARN] /Users/my/Documents/www/GP/apigppremium/src/main/java/br/compneusgppremium/api/controller/FileUploadController.java:100:45: O parâmetro filename deve ser final. [FinalParameters]
[WARN] /Users/my/Documents/www/GP/apigppremium/src/main/java/br/compneusgppremium/api/controller/FileUploadController.java:103: A linha contém mais do que 120 caracteres (foram encontrados 123). [LineLength]
[WARN] /Users/my/Documents/www/GP/apigppremium/src/main/java/br/compneusgppremium/api/controller/AntiquebraController.java:4:8: Importação não utilizada - br.compneusgppremium.api.controller.model.PaisModel. [UnusedImports]
[WARN] /Users/my/Documents/www/GP/apigppremium/src/main/java/br/compneusgppremium/api/controller/AntiquebraController.java:8: A forma de importação '.*' deveria ser evitada - org.springframework.web.bind.annotation.*. [AvoidStarImport]
[WARN] /Users/my/Documents/www/GP/apigppremium/src/main/java/br/compneusgppremium/api/controller/AntiquebraController.java:19:5: A classe 'AntiquebraController' parece ter sido projetada para extensão (permite subclasses), mas o método 'findAll' não tem um javadoc que explica como fazer isso de forma segura. Se a classe não é projetada para extensão, considere fazer a classe 'AntiquebraController' ser final, tornar o método 'findAll' estático/final/abstrato/vazio ou adicione as anotações permitidas ao método. [DesignForExtension]
[WARN] /Users/my/Documents/www/GP/apigppremium/src/main/java/br/compneusgppremium/api/controller/AntiquebraController.java:27:5: A classe 'AntiquebraController' parece ter sido projetada para extensão (permite subclasses), mas o método 'consultar' não tem um javadoc que explica como fazer isso de forma segura. Se a classe não é projetada para extensão, considere fazer a classe 'AntiquebraController' ser final, tornar o método 'consultar' estático/final/abstrato/vazio ou adicione as anotações permitidas ao método. [DesignForExtension]
[WARN] /Users/my/Documents/www/GP/apigppremium/src/main/java/br/compneusgppremium/api/controller/AntiquebraController.java:28:37: O parâmetro id deve ser final. [FinalParameters]
[WARN] /Users/my/Documents/www/GP/apigppremium/src/main/java/br/compneusgppremium/api/controller/AntiquebraController.java:34:5: A classe 'AntiquebraController' parece ter sido projetada para extensão (permite subclasses), mas o método 'salvar' não tem um javadoc que explica como fazer isso de forma segura. Se a classe não é projetada para extensão, considere fazer a classe 'AntiquebraController' ser final, tornar o método 'salvar' estático/final/abstrato/vazio ou adicione as anotações permitidas ao método. [DesignForExtension]
[WARN] /Users/my/Documents/www/GP/apigppremium/src/main/java/br/compneusgppremium/api/controller/AntiquebraController.java:35:26: O parâmetro obj deve ser final. [FinalParameters]
[WARN] /Users/my/Documents/www/GP/apigppremium/src/main/java/br/compneusgppremium/api/controller/AntiquebraController.java:42:5: A classe 'AntiquebraController' parece ter sido projetada para extensão (permite subclasses), mas o método 'atualizar' não tem um javadoc que explica como fazer isso de forma segura. Se a classe não é projetada para extensão, considere fazer a classe 'AntiquebraController' ser final, tornar o método 'atualizar' estático/final/abstrato/vazio ou adicione as anotações permitidas ao método. [DesignForExtension]
[WARN] /Users/my/Documents/www/GP/apigppremium/src/main/java/br/compneusgppremium/api/controller/AntiquebraController.java:43:37: O parâmetro id deve ser final. [FinalParameters]
[WARN] /Users/my/Documents/www/GP/apigppremium/src/main/java/br/compneusgppremium/api/controller/AntiquebraController.java:43:69: O parâmetro antiquebra deve ser final. [FinalParameters]
[WARN] /Users/my/Documents/www/GP/apigppremium/src/main/java/br/compneusgppremium/api/controller/AntiquebraController.java:52:5: A classe 'AntiquebraController' parece ter sido projetada para extensão (permite subclasses), mas o método 'delete' não tem um javadoc que explica como fazer isso de forma segura. Se a classe não é projetada para extensão, considere fazer a classe 'AntiquebraController' ser final, tornar o método 'delete' estático/final/abstrato/vazio ou adicione as anotações permitidas ao método. [DesignForExtension]
[WARN] /Users/my/Documents/www/GP/apigppremium/src/main/java/br/compneusgppremium/api/controller/AntiquebraController.java:53:37: O parâmetro id deve ser final. [FinalParameters]
[WARN] /Users/my/Documents/www/GP/apigppremium/src/main/java/br/compneusgppremium/api/controller/DownloadsController.java:4: A forma de importação '.*' deveria ser evitada - org.apache.poi.ss.usermodel.*. [AvoidStarImport]
[WARN] /Users/my/Documents/www/GP/apigppremium/src/main/java/br/compneusgppremium/api/controller/DownloadsController.java:28:5: A classe 'DownloadsController' parece ter sido projetada para extensão (permite subclasses), mas o método 'downloadProducao' não tem um javadoc que explica como fazer isso de forma segura. Se a classe não é projetada para extensão, considere fazer a classe 'DownloadsController' ser final, tornar o método 'downloadProducao' estático/final/abstrato/vazio ou adicione as anotações permitidas ao método. [DesignForExtension]
[WARN] /Users/my/Documents/www/GP/apigppremium/src/main/java/br/compneusgppremium/api/controller/DownloadsController.java:30:13: O parâmetro dataInicio deve ser final. [FinalParameters]
[WARN] /Users/my/Documents/www/GP/apigppremium/src/main/java/br/compneusgppremium/api/controller/DownloadsController.java:31:13: O parâmetro dataFim deve ser final. [FinalParameters]
[WARN] /Users/my/Documents/www/GP/apigppremium/src/main/java/br/compneusgppremium/api/controller/DownloadsController.java:66:29: '500' é um número mágico. [MagicNumber]
[WARN] /Users/my/Documents/www/GP/apigppremium/src/main/java/br/compneusgppremium/api/controller/DownloadsController.java:107:32: '3' é um número mágico. [MagicNumber]
[WARN] /Users/my/Documents/www/GP/apigppremium/src/main/java/br/compneusgppremium/api/controller/DownloadsController.java:108:32: '4' é um número mágico. [MagicNumber]
[WARN] /Users/my/Documents/www/GP/apigppremium/src/main/java/br/compneusgppremium/api/controller/DownloadsController.java:109: A linha contém mais do que 120 caracteres (foram encontrados 157). [LineLength]
[WARN] /Users/my/Documents/www/GP/apigppremium/src/main/java/br/compneusgppremium/api/controller/DownloadsController.java:109:32: '5' é um número mágico. [MagicNumber]
[WARN] /Users/my/Documents/www/GP/apigppremium/src/main/java/br/compneusgppremium/api/controller/DownloadsController.java:110: A linha contém mais do que 120 caracteres (foram encontrados 151). [LineLength]
[WARN] /Users/my/Documents/www/GP/apigppremium/src/main/java/br/compneusgppremium/api/controller/DownloadsController.java:110:32: '6' é um número mágico. [MagicNumber]
[WARN] /Users/my/Documents/www/GP/apigppremium/src/main/java/br/compneusgppremium/api/controller/DownloadsController.java:111:32: '7' é um número mágico. [MagicNumber]
[WARN] /Users/my/Documents/www/GP/apigppremium/src/main/java/br/compneusgppremium/api/controller/DownloadsController.java:112:32: '8' é um número mágico. [MagicNumber]
[WARN] /Users/my/Documents/www/GP/apigppremium/src/main/java/br/compneusgppremium/api/controller/DownloadsController.java:113:32: '9' é um número mágico. [MagicNumber]
[WARN] /Users/my/Documents/www/GP/apigppremium/src/main/java/br/compneusgppremium/api/controller/DownloadsController.java:114:32: '10' é um número mágico. [MagicNumber]
[WARN] /Users/my/Documents/www/GP/apigppremium/src/main/java/br/compneusgppremium/api/controller/DownloadsController.java:115:32: '11' é um número mágico. [MagicNumber]
[WARN] /Users/my/Documents/www/GP/apigppremium/src/main/java/br/compneusgppremium/api/controller/DownloadsController.java:116:32: '12' é um número mágico. [MagicNumber]
[WARN] /Users/my/Documents/www/GP/apigppremium/src/main/java/br/compneusgppremium/api/controller/DownloadsController.java:117:32: '13' é um número mágico. [MagicNumber]
[WARN] /Users/my/Documents/www/GP/apigppremium/src/main/java/br/compneusgppremium/api/controller/DownloadsController.java:118:32: '14' é um número mágico. [MagicNumber]
[WARN] /Users/my/Documents/www/GP/apigppremium/src/main/java/br/compneusgppremium/api/controller/CamelbackController.java:4:8: Importação não utilizada - br.compneusgppremium.api.controller.model.MedidaModel. [UnusedImports]
[WARN] /Users/my/Documents/www/GP/apigppremium/src/main/java/br/compneusgppremium/api/controller/CamelbackController.java:5:8: Importação não utilizada - br.compneusgppremium.api.controller.model.PaisModel. [UnusedImports]
[WARN] /Users/my/Documents/www/GP/apigppremium/src/main/java/br/compneusgppremium/api/controller/CamelbackController.java:9: A forma de importação '.*' deveria ser evitada - org.springframework.web.bind.annotation.*. [AvoidStarImport]
[WARN] /Users/my/Documents/www/GP/apigppremium/src/main/java/br/compneusgppremium/api/controller/CamelbackController.java:20:5: A classe 'CamelbackController' parece ter sido projetada para extensão (permite subclasses), mas o método 'findAll' não tem um javadoc que explica como fazer isso de forma segura. Se a classe não é projetada para extensão, considere fazer a classe 'CamelbackController' ser final, tornar o método 'findAll' estático/final/abstrato/vazio ou adicione as anotações permitidas ao método. [DesignForExtension]
[WARN] /Users/my/Documents/www/GP/apigppremium/src/main/java/br/compneusgppremium/api/controller/CamelbackController.java:28:5: A classe 'CamelbackController' parece ter sido projetada para extensão (permite subclasses), mas o método 'consultar' não tem um javadoc que explica como fazer isso de forma segura. Se a classe não é projetada para extensão, considere fazer a classe 'CamelbackController' ser final, tornar o método 'consultar' estático/final/abstrato/vazio ou adicione as anotações permitidas ao método. [DesignForExtension]
[WARN] /Users/my/Documents/www/GP/apigppremium/src/main/java/br/compneusgppremium/api/controller/CamelbackController.java:29:37: O parâmetro id deve ser final. [FinalParameters]
[WARN] /Users/my/Documents/www/GP/apigppremium/src/main/java/br/compneusgppremium/api/controller/CamelbackController.java:34:5: A classe 'CamelbackController' parece ter sido projetada para extensão (permite subclasses), mas o método 'salvar' não tem um javadoc que explica como fazer isso de forma segura. Se a classe não é projetada para extensão, considere fazer a classe 'CamelbackController' ser final, tornar o método 'salvar' estático/final/abstrato/vazio ou adicione as anotações permitidas ao método. [DesignForExtension]
[WARN] /Users/my/Documents/www/GP/apigppremium/src/main/java/br/compneusgppremium/api/controller/CamelbackController.java:35:26: O parâmetro obj deve ser final. [FinalParameters]
[WARN] /Users/my/Documents/www/GP/apigppremium/src/main/java/br/compneusgppremium/api/controller/CamelbackController.java:42:5: A classe 'CamelbackController' parece ter sido projetada para extensão (permite subclasses), mas o método 'atualizar' não tem um javadoc que explica como fazer isso de forma segura. Se a classe não é projetada para extensão, considere fazer a classe 'CamelbackController' ser final, tornar o método 'atualizar' estático/final/abstrato/vazio ou adicione as anotações permitidas ao método. [DesignForExtension]
[WARN] /Users/my/Documents/www/GP/apigppremium/src/main/java/br/compneusgppremium/api/controller/CamelbackController.java:43:37: O parâmetro id deve ser final. [FinalParameters]
[WARN] /Users/my/Documents/www/GP/apigppremium/src/main/java/br/compneusgppremium/api/controller/CamelbackController.java:43:69: O parâmetro camelback deve ser final. [FinalParameters]
[WARN] /Users/my/Documents/www/GP/apigppremium/src/main/java/br/compneusgppremium/api/controller/CamelbackController.java:43:107: ')' está precedido por espaço em branco. [ParenPad]
[WARN] /Users/my/Documents/www/GP/apigppremium/src/main/java/br/compneusgppremium/api/controller/CamelbackController.java:52:5: A classe 'CamelbackController' parece ter sido projetada para extensão (permite subclasses), mas o método 'delete' não tem um javadoc que explica como fazer isso de forma segura. Se a classe não é projetada para extensão, considere fazer a classe 'CamelbackController' ser final, tornar o método 'delete' estático/final/abstrato/vazio ou adicione as anotações permitidas ao método. [DesignForExtension]
[WARN] /Users/my/Documents/www/GP/apigppremium/src/main/java/br/compneusgppremium/api/controller/CamelbackController.java:53:37: O parâmetro id deve ser final. [FinalParameters]
[WARN] /Users/my/Documents/www/GP/apigppremium/src/main/java/br/compneusgppremium/api/controller/AutenticacaoController.java:3:8: Importação não utilizada - br.compneusgppremium.api.controller.dto.RespostaDto. [UnusedImports]
[WARN] /Users/my/Documents/www/GP/apigppremium/src/main/java/br/compneusgppremium/api/controller/AutenticacaoController.java:21: A forma de importação '.*' deveria ser evitada - org.springframework.web.bind.annotation.*. [AvoidStarImport]
[WARN] /Users/my/Documents/www/GP/apigppremium/src/main/java/br/compneusgppremium/api/controller/AutenticacaoController.java:29:1: A linha contém um caractere de tabulação. [FileTabCharacter]
[WARN] /Users/my/Documents/www/GP/apigppremium/src/main/java/br/compneusgppremium/api/controller/AutenticacaoController.java:30:1: A linha contém um caractere de tabulação. [FileTabCharacter]
[WARN] /Users/my/Documents/www/GP/apigppremium/src/main/java/br/compneusgppremium/api/controller/AutenticacaoController.java:31:1: A linha contém um caractere de tabulação. [FileTabCharacter]
[WARN] /Users/my/Documents/www/GP/apigppremium/src/main/java/br/compneusgppremium/api/controller/AutenticacaoController.java:32:1: A linha contém um caractere de tabulação. [FileTabCharacter]
[WARN] /Users/my/Documents/www/GP/apigppremium/src/main/java/br/compneusgppremium/api/controller/AutenticacaoController.java:33:1: A linha contém um caractere de tabulação. [FileTabCharacter]
[WARN] /Users/my/Documents/www/GP/apigppremium/src/main/java/br/compneusgppremium/api/controller/AutenticacaoController.java:34:1: A linha contém um caractere de tabulação. [FileTabCharacter]
[WARN] /Users/my/Documents/www/GP/apigppremium/src/main/java/br/compneusgppremium/api/controller/AutenticacaoController.java:36:1: A linha contém um caractere de tabulação. [FileTabCharacter]
[WARN] /Users/my/Documents/www/GP/apigppremium/src/main/java/br/compneusgppremium/api/controller/AutenticacaoController.java:36:9: A classe 'AutenticacaoController' parece ter sido projetada para extensão (permite subclasses), mas o método 'autenticar' não tem um javadoc que explica como fazer isso de forma segura. Se a classe não é projetada para extensão, considere fazer a classe 'AutenticacaoController' ser final, tornar o método 'autenticar' estático/final/abstrato/vazio ou adicione as anotações permitidas ao método. [DesignForExtension]
[WARN] /Users/my/Documents/www/GP/apigppremium/src/main/java/br/compneusgppremium/api/controller/AutenticacaoController.java:37:1: A linha contém um caractere de tabulação. [FileTabCharacter]
[WARN] /Users/my/Documents/www/GP/apigppremium/src/main/java/br/compneusgppremium/api/controller/AutenticacaoController.java:38:1: A linha contém um caractere de tabulação. [FileTabCharacter]
[WARN] /Users/my/Documents/www/GP/apigppremium/src/main/java/br/compneusgppremium/api/controller/AutenticacaoController.java:39: A linha contém mais do que 120 caracteres (foram encontrados 125). [LineLength]
[WARN] /Users/my/Documents/www/GP/apigppremium/src/main/java/br/compneusgppremium/api/controller/AutenticacaoController.java:39:1: A linha contém um caractere de tabulação. [FileTabCharacter]
[WARN] /Users/my/Documents/www/GP/apigppremium/src/main/java/br/compneusgppremium/api/controller/AutenticacaoController.java:40:1: A linha contém um caractere de tabulação. [FileTabCharacter]
[WARN] /Users/my/Documents/www/GP/apigppremium/src/main/java/br/compneusgppremium/api/controller/AutenticacaoController.java:41:1: A linha contém um caractere de tabulação. [FileTabCharacter]
[WARN] /Users/my/Documents/www/GP/apigppremium/src/main/java/br/compneusgppremium/api/controller/AutenticacaoController.java:42:1: A linha contém um caractere de tabulação. [FileTabCharacter]
[WARN] /Users/my/Documents/www/GP/apigppremium/src/main/java/br/compneusgppremium/api/controller/AutenticacaoController.java:43:1: A linha contém um caractere de tabulação. [FileTabCharacter]
[WARN] /Users/my/Documents/www/GP/apigppremium/src/main/java/br/compneusgppremium/api/controller/AutenticacaoController.java:44:1: A linha contém um caractere de tabulação. [FileTabCharacter]
[WARN] /Users/my/Documents/www/GP/apigppremium/src/main/java/br/compneusgppremium/api/controller/AutenticacaoController.java:45:1: A linha contém um caractere de tabulação. [FileTabCharacter]
[WARN] /Users/my/Documents/www/GP/apigppremium/src/main/java/br/compneusgppremium/api/controller/AutenticacaoController.java:46:1: A linha contém um caractere de tabulação. [FileTabCharacter]
[WARN] /Users/my/Documents/www/GP/apigppremium/src/main/java/br/compneusgppremium/api/controller/AutenticacaoController.java:47:1: A linha contém um caractere de tabulação. [FileTabCharacter]
[WARN] /Users/my/Documents/www/GP/apigppremium/src/main/java/br/compneusgppremium/api/controller/AutenticacaoController.java:48:1: A linha contém um caractere de tabulação. [FileTabCharacter]
[WARN] /Users/my/Documents/www/GP/apigppremium/src/main/java/br/compneusgppremium/api/controller/AutenticacaoController.java:49:1: A linha contém um caractere de tabulação. [FileTabCharacter]
[WARN] /Users/my/Documents/www/GP/apigppremium/src/main/java/br/compneusgppremium/api/controller/AutenticacaoController.java:50: A linha contém mais do que 120 caracteres (foram encontrados 158). [LineLength]
[WARN] /Users/my/Documents/www/GP/apigppremium/src/main/java/br/compneusgppremium/api/controller/AutenticacaoController.java:50:1: A linha contém um caractere de tabulação. [FileTabCharacter]
[WARN] /Users/my/Documents/www/GP/apigppremium/src/main/java/br/compneusgppremium/api/controller/AutenticacaoController.java:51:1: A linha contém um caractere de tabulação. [FileTabCharacter]
[WARN] /Users/my/Documents/www/GP/apigppremium/src/main/java/br/compneusgppremium/api/controller/AutenticacaoController.java:52:1: A linha contém um caractere de tabulação. [FileTabCharacter]
[WARN] /Users/my/Documents/www/GP/apigppremium/src/main/java/br/compneusgppremium/api/controller/AutenticacaoController.java:53:1: A linha contém um caractere de tabulação. [FileTabCharacter]
[WARN] /Users/my/Documents/www/GP/apigppremium/src/main/java/br/compneusgppremium/api/controller/AutenticacaoController.java:54:1: A linha contém um caractere de tabulação. [FileTabCharacter]
[WARN] /Users/my/Documents/www/GP/apigppremium/src/main/java/br/compneusgppremium/api/controller/AutenticacaoController.java:55:1: A linha contém um caractere de tabulação. [FileTabCharacter]
[WARN] /Users/my/Documents/www/GP/apigppremium/src/main/java/br/compneusgppremium/api/controller/AutenticacaoController.java:56:1: A linha contém um caractere de tabulação. [FileTabCharacter]
[WARN] /Users/my/Documents/www/GP/apigppremium/src/main/java/br/compneusgppremium/api/controller/AutenticacaoController.java:57:1: A linha contém um caractere de tabulação. [FileTabCharacter]
[WARN] /Users/my/Documents/www/GP/apigppremium/src/main/java/br/compneusgppremium/api/controller/AutenticacaoController.java:58:1: A linha contém um caractere de tabulação. [FileTabCharacter]
[WARN] /Users/my/Documents/www/GP/apigppremium/src/main/java/br/compneusgppremium/api/controller/AutenticacaoController.java:59:1: A linha contém um caractere de tabulação. [FileTabCharacter]
[WARN] /Users/my/Documents/www/GP/apigppremium/src/main/java/br/compneusgppremium/api/controller/AutenticacaoController.java:60:1: A linha contém um caractere de tabulação. [FileTabCharacter]
[WARN] /Users/my/Documents/www/GP/apigppremium/src/main/java/br/compneusgppremium/api/controller/AutenticacaoController.java:61:1: A linha contém um caractere de tabulação. [FileTabCharacter]
[WARN] /Users/my/Documents/www/GP/apigppremium/src/main/java/br/compneusgppremium/api/controller/AutenticacaoController.java:62:1: A linha contém um caractere de tabulação. [FileTabCharacter]
[WARN] /Users/my/Documents/www/GP/apigppremium/src/main/java/br/compneusgppremium/api/controller/AutenticacaoController.java:63:1: A linha contém um caractere de tabulação. [FileTabCharacter]
[WARN] /Users/my/Documents/www/GP/apigppremium/src/main/java/br/compneusgppremium/api/controller/AutenticacaoController.java:64:1: A linha contém um caractere de tabulação. [FileTabCharacter]
[WARN] /Users/my/Documents/www/GP/apigppremium/src/main/java/br/compneusgppremium/api/controller/AutenticacaoController.java:65:1: A linha contém um caractere de tabulação. [FileTabCharacter]
[WARN] /Users/my/Documents/www/GP/apigppremium/src/main/java/br/compneusgppremium/api/controller/AutenticacaoController.java:66:1: A linha contém um caractere de tabulação. [FileTabCharacter]
[WARN] /Users/my/Documents/www/GP/apigppremium/src/main/java/br/compneusgppremium/api/controller/AutenticacaoController.java:67:1: A linha contém um caractere de tabulação. [FileTabCharacter]
[WARN] /Users/my/Documents/www/GP/apigppremium/src/main/java/br/compneusgppremium/api/controller/AutenticacaoController.java:68:1: A linha contém um caractere de tabulação. [FileTabCharacter]
[WARN] /Users/my/Documents/www/GP/apigppremium/src/main/java/br/compneusgppremium/api/controller/AutenticacaoController.java:69:1: A linha contém um caractere de tabulação. [FileTabCharacter]
[WARN] /Users/my/Documents/www/GP/apigppremium/src/main/java/br/compneusgppremium/api/controller/AutenticacaoController.java:70:1: A linha contém um caractere de tabulação. [FileTabCharacter]
[WARN] /Users/my/Documents/www/GP/apigppremium/src/main/java/br/compneusgppremium/api/controller/AutenticacaoController.java:71:1: A linha contém um caractere de tabulação. [FileTabCharacter]
[WARN] /Users/my/Documents/www/GP/apigppremium/src/main/java/br/compneusgppremium/api/controller/AutenticacaoController.java:72: A linha contém mais do que 120 caracteres (foram encontrados 127). [LineLength]
[WARN] /Users/my/Documents/www/GP/apigppremium/src/main/java/br/compneusgppremium/api/controller/AutenticacaoController.java:72:1: A linha contém um caractere de tabulação. [FileTabCharacter]
[WARN] /Users/my/Documents/www/GP/apigppremium/src/main/java/br/compneusgppremium/api/controller/AutenticacaoController.java:73:1: A linha contém um caractere de tabulação. [FileTabCharacter]
[WARN] /Users/my/Documents/www/GP/apigppremium/src/main/java/br/compneusgppremium/api/controller/AutenticacaoController.java:74:1: A linha contém um caractere de tabulação. [FileTabCharacter]
[WARN] /Users/my/Documents/www/GP/apigppremium/src/main/java/br/compneusgppremium/api/controller/AutenticacaoController.java:75:1: A linha contém um caractere de tabulação. [FileTabCharacter]
[WARN] /Users/my/Documents/www/GP/apigppremium/src/main/java/br/compneusgppremium/api/controller/AutenticacaoController.java:76:1: A linha contém um caractere de tabulação. [FileTabCharacter]
[WARN] /Users/my/Documents/www/GP/apigppremium/src/main/java/br/compneusgppremium/api/controller/AutenticacaoController.java:77:1: A linha contém um caractere de tabulação. [FileTabCharacter]
[WARN] /Users/my/Documents/www/GP/apigppremium/src/main/java/br/compneusgppremium/api/controller/AutenticacaoController.java:77:42: O parâmetro form deve ser final. [FinalParameters]
[WARN] /Users/my/Documents/www/GP/apigppremium/src/main/java/br/compneusgppremium/api/controller/AutenticacaoController.java:78:1: A linha contém um caractere de tabulação. [FileTabCharacter]
[WARN] /Users/my/Documents/www/GP/apigppremium/src/main/java/br/compneusgppremium/api/controller/AutenticacaoController.java:79:1: A linha contém um caractere de tabulação. [FileTabCharacter]
[WARN] /Users/my/Documents/www/GP/apigppremium/src/main/java/br/compneusgppremium/api/controller/AutenticacaoController.java:80:1: A linha contém um caractere de tabulação. [FileTabCharacter]
[WARN] /Users/my/Documents/www/GP/apigppremium/src/main/java/br/compneusgppremium/api/controller/AutenticacaoController.java:81:1: A linha contém um caractere de tabulação. [FileTabCharacter]
[WARN] /Users/my/Documents/www/GP/apigppremium/src/main/java/br/compneusgppremium/api/controller/AutenticacaoController.java:82:1: A linha contém um caractere de tabulação. [FileTabCharacter]
[WARN] /Users/my/Documents/www/GP/apigppremium/src/main/java/br/compneusgppremium/api/controller/AutenticacaoController.java:83:1: A linha contém um caractere de tabulação. [FileTabCharacter]
[WARN] /Users/my/Documents/www/GP/apigppremium/src/main/java/br/compneusgppremium/api/controller/AutenticacaoController.java:84:1: A linha contém um caractere de tabulação. [FileTabCharacter]
[WARN] /Users/my/Documents/www/GP/apigppremium/src/main/java/br/compneusgppremium/api/controller/AutenticacaoController.java:85:1: A linha contém um caractere de tabulação. [FileTabCharacter]
[WARN] /Users/my/Documents/www/GP/apigppremium/src/main/java/br/compneusgppremium/api/controller/AutenticacaoController.java:86:1: A linha contém um caractere de tabulação. [FileTabCharacter]
[WARN] /Users/my/Documents/www/GP/apigppremium/src/main/java/br/compneusgppremium/api/controller/AutenticacaoController.java:87:1: A linha contém um caractere de tabulação. [FileTabCharacter]
[WARN] /Users/my/Documents/www/GP/apigppremium/src/main/java/br/compneusgppremium/api/controller/AutenticacaoController.java:88:1: A linha contém um caractere de tabulação. [FileTabCharacter]
[WARN] /Users/my/Documents/www/GP/apigppremium/src/main/java/br/compneusgppremium/api/controller/RegistroMaquinaController.java:3: A forma de importação '.*' deveria ser evitada - br.compneusgppremium.api.controller.dto.*. [AvoidStarImport]
[WARN] /Users/my/Documents/www/GP/apigppremium/src/main/java/br/compneusgppremium/api/controller/RegistroMaquinaController.java:4: A forma de importação '.*' deveria ser evitada - br.compneusgppremium.api.controller.model.*. [AvoidStarImport]
[WARN] /Users/my/Documents/www/GP/apigppremium/src/main/java/br/compneusgppremium/api/controller/RegistroMaquinaController.java:5: A forma de importação '.*' deveria ser evitada - br.compneusgppremium.api.repository.*. [AvoidStarImport]
[WARN] /Users/my/Documents/www/GP/apigppremium/src/main/java/br/compneusgppremium/api/controller/RegistroMaquinaController.java:8:8: Importação não utilizada - org.springframework.security.access.prepost.PreAuthorize. [UnusedImports]
[WARN] /Users/my/Documents/www/GP/apigppremium/src/main/java/br/compneusgppremium/api/controller/RegistroMaquinaController.java:19: A forma de importação '.*' deveria ser evitada - org.springframework.web.bind.annotation.*. [AvoidStarImport]
[WARN] /Users/my/Documents/www/GP/apigppremium/src/main/java/br/compneusgppremium/api/controller/RegistroMaquinaController.java:23:8: Importação não utilizada - java.time.LocalDateTime. [UnusedImports]
[WARN] /Users/my/Documents/www/GP/apigppremium/src/main/java/br/compneusgppremium/api/controller/RegistroMaquinaController.java:45:5: A classe 'RegistroMaquinaController' parece ter sido projetada para extensão (permite subclasses), mas o método 'listarMaquinas' não tem um javadoc que explica como fazer isso de forma segura. Se a classe não é projetada para extensão, considere fazer a classe 'RegistroMaquinaController' ser final, tornar o método 'listarMaquinas' estático/final/abstrato/vazio ou adicione as anotações permitidas ao método. [DesignForExtension]
[WARN] /Users/my/Documents/www/GP/apigppremium/src/main/java/br/compneusgppremium/api/controller/RegistroMaquinaController.java:63:5: A classe 'RegistroMaquinaController' parece ter sido projetada para extensão (permite subclasses), mas o método 'buscarPorId' não tem um javadoc que explica como fazer isso de forma segura. Se a classe não é projetada para extensão, considere fazer a classe 'RegistroMaquinaController' ser final, tornar o método 'buscarPorId' estático/final/abstrato/vazio ou adicione as anotações permitidas ao método. [DesignForExtension]
[WARN] /Users/my/Documents/www/GP/apigppremium/src/main/java/br/compneusgppremium/api/controller/RegistroMaquinaController.java:71:13: O parâmetro id deve ser final. [FinalParameters]
[WARN] /Users/my/Documents/www/GP/apigppremium/src/main/java/br/compneusgppremium/api/controller/RegistroMaquinaController.java:84:5: A classe 'RegistroMaquinaController' parece ter sido projetada para extensão (permite subclasses), mas o método 'buscarPorNome' não tem um javadoc que explica como fazer isso de forma segura. Se a classe não é projetada para extensão, considere fazer a classe 'RegistroMaquinaController' ser final, tornar o método 'buscarPorNome' estático/final/abstrato/vazio ou adicione as anotações permitidas ao método. [DesignForExtension]
[WARN] /Users/my/Documents/www/GP/apigppremium/src/main/java/br/compneusgppremium/api/controller/RegistroMaquinaController.java:92:13: O parâmetro nome deve ser final. [FinalParameters]
[WARN] /Users/my/Documents/www/GP/apigppremium/src/main/java/br/compneusgppremium/api/controller/RegistroMaquinaController.java:105:5: A classe 'RegistroMaquinaController' parece ter sido projetada para extensão (permite subclasses), mas o método 'registrarMaquina' não tem um javadoc que explica como fazer isso de forma segura. Se a classe não é projetada para extensão, considere fazer a classe 'RegistroMaquinaController' ser final, tornar o método 'registrarMaquina' estático/final/abstrato/vazio ou adicione as anotações permitidas ao método. [DesignForExtension]
[WARN] /Users/my/Documents/www/GP/apigppremium/src/main/java/br/compneusgppremium/api/controller/RegistroMaquinaController.java:113:47: O parâmetro dto deve ser final. [FinalParameters]
[WARN] /Users/my/Documents/www/GP/apigppremium/src/main/java/br/compneusgppremium/api/controller/RegistroMaquinaController.java:139:73: '||' deveria estar numa nova linha. [OperatorWrap]
[WARN] /Users/my/Documents/www/GP/apigppremium/src/main/java/br/compneusgppremium/api/controller/RegistroMaquinaController.java:144: A linha contém mais do que 120 caracteres (foram encontrados 124). [LineLength]
[WARN] /Users/my/Documents/www/GP/apigppremium/src/main/java/br/compneusgppremium/api/controller/RegistroMaquinaController.java:157:5: A classe 'RegistroMaquinaController' parece ter sido projetada para extensão (permite subclasses), mas o método 'atualizarMaquina' não tem um javadoc que explica como fazer isso de forma segura. Se a classe não é projetada para extensão, considere fazer a classe 'RegistroMaquinaController' ser final, tornar o método 'atualizarMaquina' estático/final/abstrato/vazio ou adicione as anotações permitidas ao método. [DesignForExtension]
[WARN] /Users/my/Documents/www/GP/apigppremium/src/main/java/br/compneusgppremium/api/controller/RegistroMaquinaController.java:167:13: O parâmetro id deve ser final. [FinalParameters]
[WARN] /Users/my/Documents/www/GP/apigppremium/src/main/java/br/compneusgppremium/api/controller/RegistroMaquinaController.java:168:13: O parâmetro dto deve ser final. [FinalParameters]
[WARN] /Users/my/Documents/www/GP/apigppremium/src/main/java/br/compneusgppremium/api/controller/RegistroMaquinaController.java:192: A linha contém mais do que 120 caracteres (foram encontrados 237). [LineLength]
[WARN] /Users/my/Documents/www/GP/apigppremium/src/main/java/br/compneusgppremium/api/controller/RegistroMaquinaController.java:203:73: '||' deveria estar numa nova linha. [OperatorWrap]
[WARN] /Users/my/Documents/www/GP/apigppremium/src/main/java/br/compneusgppremium/api/controller/RegistroMaquinaController.java:207: A linha contém mais do que 120 caracteres (foram encontrados 278). [LineLength]
[WARN] /Users/my/Documents/www/GP/apigppremium/src/main/java/br/compneusgppremium/api/controller/RegistroMaquinaController.java:221:5: A classe 'RegistroMaquinaController' parece ter sido projetada para extensão (permite subclasses), mas o método 'deletarMaquina' não tem um javadoc que explica como fazer isso de forma segura. Se a classe não é projetada para extensão, considere fazer a classe 'RegistroMaquinaController' ser final, tornar o método 'deletarMaquina' estático/final/abstrato/vazio ou adicione as anotações permitidas ao método. [DesignForExtension]
[WARN] /Users/my/Documents/www/GP/apigppremium/src/main/java/br/compneusgppremium/api/controller/RegistroMaquinaController.java:230:13: O parâmetro id deve ser final. [FinalParameters]
[WARN] /Users/my/Documents/www/GP/apigppremium/src/main/java/br/compneusgppremium/api/controller/RegistroMaquinaController.java:250:5: A classe 'RegistroMaquinaController' parece ter sido projetada para extensão (permite subclasses), mas o método 'listarMaquinasAtivas' não tem um javadoc que explica como fazer isso de forma segura. Se a classe não é projetada para extensão, considere fazer a classe 'RegistroMaquinaController' ser final, tornar o método 'listarMaquinasAtivas' estático/final/abstrato/vazio ou adicione as anotações permitidas ao método. [DesignForExtension]
[WARN] /Users/my/Documents/www/GP/apigppremium/src/main/java/br/compneusgppremium/api/controller/RegistroMaquinaController.java:269:5: A classe 'RegistroMaquinaController' parece ter sido projetada para extensão (permite subclasses), mas o método 'alterarStatus' não tem um javadoc que explica como fazer isso de forma segura. Se a classe não é projetada para extensão, considere fazer a classe 'RegistroMaquinaController' ser final, tornar o método 'alterarStatus' estático/final/abstrato/vazio ou adicione as anotações permitidas ao método. [DesignForExtension]
[WARN] /Users/my/Documents/www/GP/apigppremium/src/main/java/br/compneusgppremium/api/controller/RegistroMaquinaController.java:279:13: O parâmetro id deve ser final. [FinalParameters]
[WARN] /Users/my/Documents/www/GP/apigppremium/src/main/java/br/compneusgppremium/api/controller/RegistroMaquinaController.java:280:13: O parâmetro status deve ser final. [FinalParameters]
[WARN] /Users/my/Documents/www/GP/apigppremium/src/main/java/br/compneusgppremium/api/controller/RegistroMaquinaController.java:295: A linha contém mais do que 120 caracteres (foram encontrados 142). [LineLength]
[WARN] /Users/my/Documents/www/GP/apigppremium/src/main/java/br/compneusgppremium/api/controller/RegistroMaquinaController.java:299:5: A classe 'RegistroMaquinaController' parece ter sido projetada para extensão (permite subclasses), mas o método 'colocarEmManutencao' não tem um javadoc que explica como fazer isso de forma segura. Se a classe não é projetada para extensão, considere fazer a classe 'RegistroMaquinaController' ser final, tornar o método 'colocarEmManutencao' estático/final/abstrato/vazio ou adicione as anotações permitidas ao método. [DesignForExtension]
[WARN] /Users/my/Documents/www/GP/apigppremium/src/main/java/br/compneusgppremium/api/controller/RegistroMaquinaController.java:308:13: O parâmetro id deve ser final. [FinalParameters]
[WARN] /Users/my/Documents/www/GP/apigppremium/src/main/java/br/compneusgppremium/api/controller/RegistroMaquinaController.java:323: A linha contém mais do que 120 caracteres (foram encontrados 146). [LineLength]
[WARN] /Users/my/Documents/www/GP/apigppremium/src/main/java/br/compneusgppremium/api/controller/RegistroMaquinaController.java:327:5: A classe 'RegistroMaquinaController' parece ter sido projetada para extensão (permite subclasses), mas o método 'ativarMaquina' não tem um javadoc que explica como fazer isso de forma segura. Se a classe não é projetada para extensão, considere fazer a classe 'RegistroMaquinaController' ser final, tornar o método 'ativarMaquina' estático/final/abstrato/vazio ou adicione as anotações permitidas ao método. [DesignForExtension]
[WARN] /Users/my/Documents/www/GP/apigppremium/src/main/java/br/compneusgppremium/api/controller/RegistroMaquinaController.java:336:13: O parâmetro id deve ser final. [FinalParameters]
[WARN] /Users/my/Documents/www/GP/apigppremium/src/main/java/br/compneusgppremium/api/controller/RegistroMaquinaController.java:351: A linha contém mais do que 120 caracteres (foram encontrados 131). [LineLength]
[WARN] /Users/my/Documents/www/GP/apigppremium/src/main/java/br/compneusgppremium/api/controller/RegistroMaquinaController.java:355:5: A classe 'RegistroMaquinaController' parece ter sido projetada para extensão (permite subclasses), mas o método 'inativarMaquina' não tem um javadoc que explica como fazer isso de forma segura. Se a classe não é projetada para extensão, considere fazer a classe 'RegistroMaquinaController' ser final, tornar o método 'inativarMaquina' estático/final/abstrato/vazio ou adicione as anotações permitidas ao método. [DesignForExtension]
[WARN] /Users/my/Documents/www/GP/apigppremium/src/main/java/br/compneusgppremium/api/controller/RegistroMaquinaController.java:364:13: O parâmetro id deve ser final. [FinalParameters]
[WARN] /Users/my/Documents/www/GP/apigppremium/src/main/java/br/compneusgppremium/api/controller/RegistroMaquinaController.java:379: A linha contém mais do que 120 caracteres (foram encontrados 133). [LineLength]
[WARN] /Users/my/Documents/www/GP/apigppremium/src/main/java/br/compneusgppremium/api/controller/RegistroMaquinaController.java:383: A linha contém mais do que 120 caracteres (foram encontrados 123). [LineLength]
[WARN] /Users/my/Documents/www/GP/apigppremium/src/main/java/br/compneusgppremium/api/controller/RegistroMaquinaController.java:383:5: A classe 'RegistroMaquinaController' parece ter sido projetada para extensão (permite subclasses), mas o método 'listarMaquinasEmManutencao' não tem um javadoc que explica como fazer isso de forma segura. Se a classe não é projetada para extensão, considere fazer a classe 'RegistroMaquinaController' ser final, tornar o método 'listarMaquinasEmManutencao' estático/final/abstrato/vazio ou adicione as anotações permitidas ao método. [DesignForExtension]
[WARN] /Users/my/Documents/www/GP/apigppremium/src/main/java/br/compneusgppremium/api/controller/RegistroMaquinaController.java:403:61: O parâmetro model deve ser final. [FinalParameters]
[WARN] /Users/my/Documents/www/GP/apigppremium/src/main/java/br/compneusgppremium/api/controller/RegistroMaquinaController.java:419:44: O parâmetro e deve ser final. [FinalParameters]
[WARN] /Users/my/Documents/www/GP/apigppremium/src/main/java/br/compneusgppremium/api/controller/RegistroMaquinaController.java:430:39: Evite condicionais inline. [AvoidInlineConditionals]
[WARN] /Users/my/Documents/www/GP/apigppremium/src/main/java/br/compneusgppremium/api/controller/ImageController.java:6: A forma de importação '.*' deveria ser evitada - org.springframework.web.bind.annotation.*. [AvoidStarImport]
[WARN] /Users/my/Documents/www/GP/apigppremium/src/main/java/br/compneusgppremium/api/controller/ImageController.java:19:5: A classe 'ImageController' parece ter sido projetada para extensão (permite subclasses), mas o método 'uploadImage' não tem um javadoc que explica como fazer isso de forma segura. Se a classe não é projetada para extensão, considere fazer a classe 'ImageController' ser final, tornar o método 'uploadImage' estático/final/abstrato/vazio ou adicione as anotações permitidas ao método. [DesignForExtension]
[WARN] /Users/my/Documents/www/GP/apigppremium/src/main/java/br/compneusgppremium/api/controller/ImageController.java:20:42: O parâmetro file deve ser final. [FinalParameters]
[WARN] /Users/my/Documents/www/GP/apigppremium/src/main/java/br/compneusgppremium/api/controller/ImageController.java:21:5: O '{' na coluna 5 deveria estar na linha anterior. [LeftCurly]
[WARN] /Users/my/Documents/www/GP/apigppremium/src/main/java/br/compneusgppremium/api/controller/ImageController.java:22:28: '{' não está precedido por espaço em branco. [WhitespaceAround]
[WARN] /Users/my/Documents/www/GP/apigppremium/src/main/java/br/compneusgppremium/api/controller/ImageController.java:34:11: 'catch' não está seguido de espaço em branco. [WhitespaceAround]
[WARN] /Users/my/Documents/www/GP/apigppremium/src/main/java/br/compneusgppremium/api/controller/CoberturaController.java:23: A forma de importação '.*' deveria ser evitada - org.springframework.web.bind.annotation.*. [AvoidStarImport]
[WARN] /Users/my/Documents/www/GP/apigppremium/src/main/java/br/compneusgppremium/api/controller/CoberturaController.java:26:8: Importação não utilizada - java.util.Date. [UnusedImports]
[WARN] /Users/my/Documents/www/GP/apigppremium/src/main/java/br/compneusgppremium/api/controller/CoberturaController.java:51:5: A classe 'CoberturaController' parece ter sido projetada para extensão (permite subclasses), mas o método 'salvar' não tem um javadoc que explica como fazer isso de forma segura. Se a classe não é projetada para extensão, considere fazer a classe 'CoberturaController' ser final, tornar o método 'salvar' estático/final/abstrato/vazio ou adicione as anotações permitidas ao método. [DesignForExtension]
[WARN] /Users/my/Documents/www/GP/apigppremium/src/main/java/br/compneusgppremium/api/controller/CoberturaController.java:58:37: O parâmetro cobertura deve ser final. [FinalParameters]
[WARN] /Users/my/Documents/www/GP/apigppremium/src/main/java/br/compneusgppremium/api/controller/CoberturaController.java:77:66: '||' deveria estar numa nova linha. [OperatorWrap]
[WARN] /Users/my/Documents/www/GP/apigppremium/src/main/java/br/compneusgppremium/api/controller/CoberturaController.java:78:36: '||' deveria estar numa nova linha. [OperatorWrap]
[WARN] /Users/my/Documents/www/GP/apigppremium/src/main/java/br/compneusgppremium/api/controller/CoberturaController.java:79:40: '120' é um número mágico. [MagicNumber]
[WARN] /Users/my/Documents/www/GP/apigppremium/src/main/java/br/compneusgppremium/api/controller/CoberturaController.java:100:43: Evite condicionais inline. [AvoidInlineConditionals]
[WARN] /Users/my/Documents/www/GP/apigppremium/src/main/java/br/compneusgppremium/api/controller/CoberturaController.java:106: A linha contém mais do que 120 caracteres (foram encontrados 126). [LineLength]
[WARN] /Users/my/Documents/www/GP/apigppremium/src/main/java/br/compneusgppremium/api/controller/CoberturaController.java:106:5: A classe 'CoberturaController' parece ter sido projetada para extensão (permite subclasses), mas o método 'listar' não tem um javadoc que explica como fazer isso de forma segura. Se a classe não é projetada para extensão, considere fazer a classe 'CoberturaController' ser final, tornar o método 'listar' estático/final/abstrato/vazio ou adicione as anotações permitidas ao método. [DesignForExtension]
[WARN] /Users/my/Documents/www/GP/apigppremium/src/main/java/br/compneusgppremium/api/controller/CoberturaController.java:123:5: A classe 'CoberturaController' parece ter sido projetada para extensão (permite subclasses), mas o método 'buscarPorId' não tem um javadoc que explica como fazer isso de forma segura. Se a classe não é projetada para extensão, considere fazer a classe 'CoberturaController' ser final, tornar o método 'buscarPorId' estático/final/abstrato/vazio ou adicione as anotações permitidas ao método. [DesignForExtension]
[WARN] /Users/my/Documents/www/GP/apigppremium/src/main/java/br/compneusgppremium/api/controller/CoberturaController.java:129: A linha contém mais do que 120 caracteres (foram encontrados 123). [LineLength]
[WARN] /Users/my/Documents/www/GP/apigppremium/src/main/java/br/compneusgppremium/api/controller/CoberturaController.java:129:47: O parâmetro id deve ser final. [FinalParameters]
[WARN] /Users/my/Documents/www/GP/apigppremium/src/main/java/br/compneusgppremium/api/controller/CoberturaController.java:135:5: A classe 'CoberturaController' parece ter sido projetada para extensão (permite subclasses), mas o método 'atualizar' não tem um javadoc que explica como fazer isso de forma segura. Se a classe não é projetada para extensão, considere fazer a classe 'CoberturaController' ser final, tornar o método 'atualizar' estático/final/abstrato/vazio ou adicione as anotações permitidas ao método. [DesignForExtension]
[WARN] /Users/my/Documents/www/GP/apigppremium/src/main/java/br/compneusgppremium/api/controller/CoberturaController.java:141: A linha contém mais do que 120 caracteres (foram encontrados 164). [LineLength]
[WARN] /Users/my/Documents/www/GP/apigppremium/src/main/java/br/compneusgppremium/api/controller/CoberturaController.java:141:45: O parâmetro id deve ser final. [FinalParameters]
[WARN] /Users/my/Documents/www/GP/apigppremium/src/main/java/br/compneusgppremium/api/controller/CoberturaController.java:141:121: O parâmetro novaCobertura deve ser final. [FinalParameters]
[WARN] /Users/my/Documents/www/GP/apigppremium/src/main/java/br/compneusgppremium/api/controller/CoberturaController.java:151:5: A classe 'CoberturaController' parece ter sido projetada para extensão (permite subclasses), mas o método 'deletar' não tem um javadoc que explica como fazer isso de forma segura. Se a classe não é projetada para extensão, considere fazer a classe 'CoberturaController' ser final, tornar o método 'deletar' estático/final/abstrato/vazio ou adicione as anotações permitidas ao método. [DesignForExtension]
[WARN] /Users/my/Documents/www/GP/apigppremium/src/main/java/br/compneusgppremium/api/controller/CoberturaController.java:157:43: O parâmetro id deve ser final. [FinalParameters]
[WARN] /Users/my/Documents/www/GP/apigppremium/src/main/java/br/compneusgppremium/api/controller/CoberturaController.java:164: A linha contém mais do que 120 caracteres (foram encontrados 122). [LineLength]
[WARN] /Users/my/Documents/www/GP/apigppremium/src/main/java/br/compneusgppremium/api/controller/CoberturaController.java:164:5: A classe 'CoberturaController' parece ter sido projetada para extensão (permite subclasses), mas o método 'buscarPorCola' não tem um javadoc que explica como fazer isso de forma segura. Se a classe não é projetada para extensão, considere fazer a classe 'CoberturaController' ser final, tornar o método 'buscarPorCola' estático/final/abstrato/vazio ou adicione as anotações permitidas ao método. [DesignForExtension]
[WARN] /Users/my/Documents/www/GP/apigppremium/src/main/java/br/compneusgppremium/api/controller/CoberturaController.java:171: A linha contém mais do que 120 caracteres (foram encontrados 128). [LineLength]
[WARN] /Users/my/Documents/www/GP/apigppremium/src/main/java/br/compneusgppremium/api/controller/CoberturaController.java:171:49: O parâmetro colaId deve ser final. [FinalParameters]
[WARN] /Users/my/Documents/www/GP/apigppremium/src/main/java/br/compneusgppremium/api/controller/CoberturaController.java:179: A linha contém mais do que 120 caracteres (foram encontrados 122). [LineLength]
[WARN] /Users/my/Documents/www/GP/apigppremium/src/main/java/br/compneusgppremium/api/controller/CoberturaController.java:183: A linha contém mais do que 120 caracteres (foram encontrados 150). [LineLength]
[WARN] /Users/my/Documents/www/GP/apigppremium/src/main/java/br/compneusgppremium/api/controller/CoberturaController.java:183:5: A classe 'CoberturaController' parece ter sido projetada para extensão (permite subclasses), mas o método 'buscarPorEtiqueta' não tem um javadoc que explica como fazer isso de forma segura. Se a classe não é projetada para extensão, considere fazer a classe 'CoberturaController' ser final, tornar o método 'buscarPorEtiqueta' estático/final/abstrato/vazio ou adicione as anotações permitidas ao método. [DesignForExtension]
[WARN] /Users/my/Documents/www/GP/apigppremium/src/main/java/br/compneusgppremium/api/controller/CoberturaController.java:190: A linha contém mais do que 120 caracteres (foram encontrados 145). [LineLength]
[WARN] /Users/my/Documents/www/GP/apigppremium/src/main/java/br/compneusgppremium/api/controller/CoberturaController.java:190:53: O parâmetro etiqueta deve ser final. [FinalParameters]
[WARN] /Users/my/Documents/www/GP/apigppremium/src/main/java/br/compneusgppremium/api/controller/CoberturaController.java:221:57: '20' é um número mágico. [MagicNumber]
[WARN] /Users/my/Documents/www/GP/apigppremium/src/main/java/br/compneusgppremium/api/controller/CoberturaController.java:222:57: '120' é um número mágico. [MagicNumber]
[WARN] /Users/my/Documents/www/GP/apigppremium/src/main/java/br/compneusgppremium/api/controller/CoberturaController.java:227:53: '20' é um número mágico. [MagicNumber]
[WARN] /Users/my/Documents/www/GP/apigppremium/src/main/java/br/compneusgppremium/api/controller/CoberturaController.java:228: A linha contém mais do que 120 caracteres (foram encontrados 138). [LineLength]
[WARN] /Users/my/Documents/www/GP/apigppremium/src/main/java/br/compneusgppremium/api/controller/CoberturaController.java:229:60: '120' é um número mágico. [MagicNumber]
[WARN] /Users/my/Documents/www/GP/apigppremium/src/main/java/br/compneusgppremium/api/controller/CoberturaController.java:230: A linha contém mais do que 120 caracteres (foram encontrados 161). [LineLength]
[WARN] /Users/my/Documents/www/GP/apigppremium/src/main/java/br/compneusgppremium/api/controller/CoberturaController.java:258: A linha contém mais do que 120 caracteres (foram encontrados 126). [LineLength]
[WARN] /Users/my/Documents/www/GP/apigppremium/src/main/java/br/compneusgppremium/api/controller/TipoClassificacaoController.java:7: A forma de importação '.*' deveria ser evitada - org.springframework.web.bind.annotation.*. [AvoidStarImport]
[WARN] /Users/my/Documents/www/GP/apigppremium/src/main/java/br/compneusgppremium/api/controller/TipoClassificacaoController.java:18:5: A classe 'TipoClassificacaoController' parece ter sido projetada para extensão (permite subclasses), mas o método 'findAll' não tem um javadoc que explica como fazer isso de forma segura. Se a classe não é projetada para extensão, considere fazer a classe 'TipoClassificacaoController' ser final, tornar o método 'findAll' estático/final/abstrato/vazio ou adicione as anotações permitidas ao método. [DesignForExtension]
[WARN] /Users/my/Documents/www/GP/apigppremium/src/main/java/br/compneusgppremium/api/controller/TipoClassificacaoController.java:26:5: A classe 'TipoClassificacaoController' parece ter sido projetada para extensão (permite subclasses), mas o método 'consultar' não tem um javadoc que explica como fazer isso de forma segura. Se a classe não é projetada para extensão, considere fazer a classe 'TipoClassificacaoController' ser final, tornar o método 'consultar' estático/final/abstrato/vazio ou adicione as anotações permitidas ao método. [DesignForExtension]
[WARN] /Users/my/Documents/www/GP/apigppremium/src/main/java/br/compneusgppremium/api/controller/TipoClassificacaoController.java:27:37: O parâmetro id deve ser final. [FinalParameters]
[WARN] /Users/my/Documents/www/GP/apigppremium/src/main/java/br/compneusgppremium/api/controller/TipoClassificacaoController.java:33:5: A classe 'TipoClassificacaoController' parece ter sido projetada para extensão (permite subclasses), mas o método 'salvar' não tem um javadoc que explica como fazer isso de forma segura. Se a classe não é projetada para extensão, considere fazer a classe 'TipoClassificacaoController' ser final, tornar o método 'salvar' estático/final/abstrato/vazio ou adicione as anotações permitidas ao método. [DesignForExtension]
[WARN] /Users/my/Documents/www/GP/apigppremium/src/main/java/br/compneusgppremium/api/controller/TipoClassificacaoController.java:34:26: O parâmetro value deve ser final. [FinalParameters]
[WARN] /Users/my/Documents/www/GP/apigppremium/src/main/java/br/compneusgppremium/api/controller/TipoClassificacaoController.java:42:5: A classe 'TipoClassificacaoController' parece ter sido projetada para extensão (permite subclasses), mas o método 'atualizar' não tem um javadoc que explica como fazer isso de forma segura. Se a classe não é projetada para extensão, considere fazer a classe 'TipoClassificacaoController' ser final, tornar o método 'atualizar' estático/final/abstrato/vazio ou adicione as anotações permitidas ao método. [DesignForExtension]
[WARN] /Users/my/Documents/www/GP/apigppremium/src/main/java/br/compneusgppremium/api/controller/TipoClassificacaoController.java:43:37: O parâmetro id deve ser final. [FinalParameters]
[WARN] /Users/my/Documents/www/GP/apigppremium/src/main/java/br/compneusgppremium/api/controller/TipoClassificacaoController.java:43:69: O parâmetro value deve ser final. [FinalParameters]
[WARN] /Users/my/Documents/www/GP/apigppremium/src/main/java/br/compneusgppremium/api/controller/TipoClassificacaoController.java:52:5: A classe 'TipoClassificacaoController' parece ter sido projetada para extensão (permite subclasses), mas o método 'delete' não tem um javadoc que explica como fazer isso de forma segura. Se a classe não é projetada para extensão, considere fazer a classe 'TipoClassificacaoController' ser final, tornar o método 'delete' estático/final/abstrato/vazio ou adicione as anotações permitidas ao método. [DesignForExtension]
[WARN] /Users/my/Documents/www/GP/apigppremium/src/main/java/br/compneusgppremium/api/controller/TipoClassificacaoController.java:53:37: O parâmetro id deve ser final. [FinalParameters]
[WARN] /Users/my/Documents/www/GP/apigppremium/src/main/java/br/compneusgppremium/api/controller/CarcacaController.java:18: A forma de importação '.*' deveria ser evitada - org.springframework.web.bind.annotation.*. [AvoidStarImport]
[WARN] /Users/my/Documents/www/GP/apigppremium/src/main/java/br/compneusgppremium/api/controller/CarcacaController.java:43:19: A variável 'entityManager' deveria ser privada e ter métodos acessores. [VisibilityModifier]
[WARN] /Users/my/Documents/www/GP/apigppremium/src/main/java/br/compneusgppremium/api/controller/CarcacaController.java:45: A linha contém mais do que 120 caracteres (foram encontrados 132). [LineLength]
[WARN] /Users/my/Documents/www/GP/apigppremium/src/main/java/br/compneusgppremium/api/controller/CarcacaController.java:45:5: A classe 'CarcacaController' parece ter sido projetada para extensão (permite subclasses), mas o método 'findAll' não tem um javadoc que explica como fazer isso de forma segura. Se a classe não é projetada para extensão, considere fazer a classe 'CarcacaController' ser final, tornar o método 'findAll' estático/final/abstrato/vazio ou adicione as anotações permitidas ao método. [DesignForExtension]
[WARN] /Users/my/Documents/www/GP/apigppremium/src/main/java/br/compneusgppremium/api/controller/CarcacaController.java:55:43: '50' é um número mágico. [MagicNumber]
[WARN] /Users/my/Documents/www/GP/apigppremium/src/main/java/br/compneusgppremium/api/controller/CarcacaController.java:61:5: A classe 'CarcacaController' parece ter sido projetada para extensão (permite subclasses), mas o método 'consultar' não tem um javadoc que explica como fazer isso de forma segura. Se a classe não é projetada para extensão, considere fazer a classe 'CarcacaController' ser final, tornar o método 'consultar' estático/final/abstrato/vazio ou adicione as anotações permitidas ao método. [DesignForExtension]
[WARN] /Users/my/Documents/www/GP/apigppremium/src/main/java/br/compneusgppremium/api/controller/CarcacaController.java:67:37: O parâmetro id deve ser final. [FinalParameters]
[WARN] /Users/my/Documents/www/GP/apigppremium/src/main/java/br/compneusgppremium/api/controller/CarcacaController.java:73: A linha contém mais do que 120 caracteres (foram encontrados 137). [LineLength]
[WARN] /Users/my/Documents/www/GP/apigppremium/src/main/java/br/compneusgppremium/api/controller/CarcacaController.java:73:5: A classe 'CarcacaController' parece ter sido projetada para extensão (permite subclasses), mas o método 'atualizar' não tem um javadoc que explica como fazer isso de forma segura. Se a classe não é projetada para extensão, considere fazer a classe 'CarcacaController' ser final, tornar o método 'atualizar' estático/final/abstrato/vazio ou adicione as anotações permitidas ao método. [DesignForExtension]
[WARN] /Users/my/Documents/www/GP/apigppremium/src/main/java/br/compneusgppremium/api/controller/CarcacaController.java:81: A linha contém mais do que 120 caracteres (foram encontrados 138). [LineLength]
[WARN] /Users/my/Documents/www/GP/apigppremium/src/main/java/br/compneusgppremium/api/controller/CarcacaController.java:81:29: O parâmetro id deve ser final. [FinalParameters]
[WARN] /Users/my/Documents/www/GP/apigppremium/src/main/java/br/compneusgppremium/api/controller/CarcacaController.java:81:103: O parâmetro carcaca deve ser final. [FinalParameters]
[WARN] /Users/my/Documents/www/GP/apigppremium/src/main/java/br/compneusgppremium/api/controller/CarcacaController.java:83:107: '+' deveria estar numa nova linha. [OperatorWrap]
[WARN] /Users/my/Documents/www/GP/apigppremium/src/main/java/br/compneusgppremium/api/controller/CarcacaController.java:84:68: '+' deveria estar numa nova linha. [OperatorWrap]
[WARN] /Users/my/Documents/www/GP/apigppremium/src/main/java/br/compneusgppremium/api/controller/CarcacaController.java:95: A linha contém mais do que 120 caracteres (foram encontrados 140). [LineLength]
[WARN] /Users/my/Documents/www/GP/apigppremium/src/main/java/br/compneusgppremium/api/controller/CarcacaController.java:95:104: Evite condicionais inline. [AvoidInlineConditionals]
[WARN] /Users/my/Documents/www/GP/apigppremium/src/main/java/br/compneusgppremium/api/controller/CarcacaController.java:111: A linha contém mais do que 120 caracteres (foram encontrados 143). [LineLength]
[WARN] /Users/my/Documents/www/GP/apigppremium/src/main/java/br/compneusgppremium/api/controller/CarcacaController.java:111:5: A classe 'CarcacaController' parece ter sido projetada para extensão (permite subclasses), mas o método 'salvar' não tem um javadoc que explica como fazer isso de forma segura. Se a classe não é projetada para extensão, considere fazer a classe 'CarcacaController' ser final, tornar o método 'salvar' estático/final/abstrato/vazio ou adicione as anotações permitidas ao método. [DesignForExtension]
[WARN] /Users/my/Documents/www/GP/apigppremium/src/main/java/br/compneusgppremium/api/controller/CarcacaController.java:118:26: O parâmetro carcaca deve ser final. [FinalParameters]
[WARN] /Users/my/Documents/www/GP/apigppremium/src/main/java/br/compneusgppremium/api/controller/CarcacaController.java:122:107: '+' deveria estar numa nova linha. [OperatorWrap]
[WARN] /Users/my/Documents/www/GP/apigppremium/src/main/java/br/compneusgppremium/api/controller/CarcacaController.java:123:68: '+' deveria estar numa nova linha. [OperatorWrap]
[WARN] /Users/my/Documents/www/GP/apigppremium/src/main/java/br/compneusgppremium/api/controller/CarcacaController.java:134: A linha contém mais do que 120 caracteres (foram encontrados 140). [LineLength]
[WARN] /Users/my/Documents/www/GP/apigppremium/src/main/java/br/compneusgppremium/api/controller/CarcacaController.java:134:104: Evite condicionais inline. [AvoidInlineConditionals]
[WARN] /Users/my/Documents/www/GP/apigppremium/src/main/java/br/compneusgppremium/api/controller/CarcacaController.java:156:5: A classe 'CarcacaController' parece ter sido projetada para extensão (permite subclasses), mas o método 'delete' não tem um javadoc que explica como fazer isso de forma segura. Se a classe não é projetada para extensão, considere fazer a classe 'CarcacaController' ser final, tornar o método 'delete' estático/final/abstrato/vazio ou adicione as anotações permitidas ao método. [DesignForExtension]
[WARN] /Users/my/Documents/www/GP/apigppremium/src/main/java/br/compneusgppremium/api/controller/CarcacaController.java:163:26: O parâmetro id deve ser final. [FinalParameters]
[WARN] /Users/my/Documents/www/GP/apigppremium/src/main/java/br/compneusgppremium/api/controller/CarcacaController.java:172: A linha contém mais do que 120 caracteres (foram encontrados 198). [LineLength]
[WARN] /Users/my/Documents/www/GP/apigppremium/src/main/java/br/compneusgppremium/api/controller/CarcacaController.java:172:149: Evite condicionais inline. [AvoidInlineConditionals]
[WARN] /Users/my/Documents/www/GP/apigppremium/src/main/java/br/compneusgppremium/api/controller/CarcacaController.java:177:5: A classe 'CarcacaController' parece ter sido projetada para extensão (permite subclasses), mas o método 'consultarPneu' não tem um javadoc que explica como fazer isso de forma segura. Se a classe não é projetada para extensão, considere fazer a classe 'CarcacaController' ser final, tornar o método 'consultarPneu' estático/final/abstrato/vazio ou adicione as anotações permitidas ao método. [DesignForExtension]
[WARN] /Users/my/Documents/www/GP/apigppremium/src/main/java/br/compneusgppremium/api/controller/CarcacaController.java:178:33: O parâmetro etiqueta deve ser final. [FinalParameters]
[WARN] /Users/my/Documents/www/GP/apigppremium/src/main/java/br/compneusgppremium/api/controller/CarcacaController.java:188: A linha contém mais do que 120 caracteres (foram encontrados 210). [LineLength]
[WARN] /Users/my/Documents/www/GP/apigppremium/src/main/java/br/compneusgppremium/api/controller/CarcacaController.java:188:161: Evite condicionais inline. [AvoidInlineConditionals]
[WARN] /Users/my/Documents/www/GP/apigppremium/src/main/java/br/compneusgppremium/api/controller/CarcacaController.java:193:5: A classe 'CarcacaController' parece ter sido projetada para extensão (permite subclasses), mas o método 'exibirImagem' não tem um javadoc que explica como fazer isso de forma segura. Se a classe não é projetada para extensão, considere fazer a classe 'CarcacaController' ser final, tornar o método 'exibirImagem' estático/final/abstrato/vazio ou adicione as anotações permitidas ao método. [DesignForExtension]
[WARN] /Users/my/Documents/www/GP/apigppremium/src/main/java/br/compneusgppremium/api/controller/CarcacaController.java:201:32: O parâmetro caminho deve ser final. [FinalParameters]
[WARN] /Users/my/Documents/www/GP/apigppremium/src/main/java/br/compneusgppremium/api/controller/CarcacaController.java:202: A linha contém mais do que 120 caracteres (foram encontrados 133). [LineLength]
[WARN] /Users/my/Documents/www/GP/apigppremium/src/main/java/br/compneusgppremium/api/controller/CarcacaController.java:202:31: O parâmetro idImg deve ser final. [FinalParameters]
[WARN] /Users/my/Documents/www/GP/apigppremium/src/main/java/br/compneusgppremium/api/controller/CarcacaController.java:226: A linha contém mais do que 120 caracteres (foram encontrados 141). [LineLength]
[WARN] /Users/my/Documents/www/GP/apigppremium/src/main/java/br/compneusgppremium/api/controller/model/CoberturaModel.java:6: A forma de importação '.*' deveria ser evitada - javax.persistence.*. [AvoidStarImport]
[WARN] /Users/my/Documents/www/GP/apigppremium/src/main/java/br/compneusgppremium/api/controller/model/TipoClassificacaoModel.java:5: A forma de importação '.*' deveria ser evitada - javax.persistence.*. [AvoidStarImport]
[WARN] /Users/my/Documents/www/GP/apigppremium/src/main/java/br/compneusgppremium/api/controller/model/PaisModel.java:6: A forma de importação '.*' deveria ser evitada - javax.persistence.*. [AvoidStarImport]
[WARN] /Users/my/Documents/www/GP/apigppremium/src/main/java/br/compneusgppremium/api/controller/model/UsuarioModel.java:10: A forma de importação '.*' deveria ser evitada - javax.persistence.*. [AvoidStarImport]
[WARN] /Users/my/Documents/www/GP/apigppremium/src/main/java/br/compneusgppremium/api/controller/model/UsuarioModel.java:50:5: A classe 'UsuarioModel' parece ter sido projetada para extensão (permite subclasses), mas o método 'getAuthorities' não tem um javadoc que explica como fazer isso de forma segura. Se a classe não é projetada para extensão, considere fazer a classe 'UsuarioModel' ser final, tornar o método 'getAuthorities' estático/final/abstrato/vazio ou adicione as anotações permitidas ao método. [DesignForExtension]
[WARN] /Users/my/Documents/www/GP/apigppremium/src/main/java/br/compneusgppremium/api/controller/model/UsuarioModel.java:56:5: A classe 'UsuarioModel' parece ter sido projetada para extensão (permite subclasses), mas o método 'getPassword' não tem um javadoc que explica como fazer isso de forma segura. Se a classe não é projetada para extensão, considere fazer a classe 'UsuarioModel' ser final, tornar o método 'getPassword' estático/final/abstrato/vazio ou adicione as anotações permitidas ao método. [DesignForExtension]
[WARN] /Users/my/Documents/www/GP/apigppremium/src/main/java/br/compneusgppremium/api/controller/model/UsuarioModel.java:62:5: A classe 'UsuarioModel' parece ter sido projetada para extensão (permite subclasses), mas o método 'setPassword' não tem um javadoc que explica como fazer isso de forma segura. Se a classe não é projetada para extensão, considere fazer a classe 'UsuarioModel' ser final, tornar o método 'setPassword' estático/final/abstrato/vazio ou adicione as anotações permitidas ao método. [DesignForExtension]
[WARN] /Users/my/Documents/www/GP/apigppremium/src/main/java/br/compneusgppremium/api/controller/model/UsuarioModel.java:62:29: O parâmetro password deve ser final. [FinalParameters]
[WARN] /Users/my/Documents/www/GP/apigppremium/src/main/java/br/compneusgppremium/api/controller/model/UsuarioModel.java:66:5: A classe 'UsuarioModel' parece ter sido projetada para extensão (permite subclasses), mas o método 'getUsername' não tem um javadoc que explica como fazer isso de forma segura. Se a classe não é projetada para extensão, considere fazer a classe 'UsuarioModel' ser final, tornar o método 'getUsername' estático/final/abstrato/vazio ou adicione as anotações permitidas ao método. [DesignForExtension]
[WARN] /Users/my/Documents/www/GP/apigppremium/src/main/java/br/compneusgppremium/api/controller/model/UsuarioModel.java:72:5: A classe 'UsuarioModel' parece ter sido projetada para extensão (permite subclasses), mas o método 'isAccountNonExpired' não tem um javadoc que explica como fazer isso de forma segura. Se a classe não é projetada para extensão, considere fazer a classe 'UsuarioModel' ser final, tornar o método 'isAccountNonExpired' estático/final/abstrato/vazio ou adicione as anotações permitidas ao método. [DesignForExtension]
[WARN] /Users/my/Documents/www/GP/apigppremium/src/main/java/br/compneusgppremium/api/controller/model/UsuarioModel.java:78:5: A classe 'UsuarioModel' parece ter sido projetada para extensão (permite subclasses), mas o método 'isAccountNonLocked' não tem um javadoc que explica como fazer isso de forma segura. Se a classe não é projetada para extensão, considere fazer a classe 'UsuarioModel' ser final, tornar o método 'isAccountNonLocked' estático/final/abstrato/vazio ou adicione as anotações permitidas ao método. [DesignForExtension]
[WARN] /Users/my/Documents/www/GP/apigppremium/src/main/java/br/compneusgppremium/api/controller/model/UsuarioModel.java:84:5: A classe 'UsuarioModel' parece ter sido projetada para extensão (permite subclasses), mas o método 'isCredentialsNonExpired' não tem um javadoc que explica como fazer isso de forma segura. Se a classe não é projetada para extensão, considere fazer a classe 'UsuarioModel' ser final, tornar o método 'isCredentialsNonExpired' estático/final/abstrato/vazio ou adicione as anotações permitidas ao método. [DesignForExtension]
[WARN] /Users/my/Documents/www/GP/apigppremium/src/main/java/br/compneusgppremium/api/controller/model/UsuarioModel.java:90:5: A classe 'UsuarioModel' parece ter sido projetada para extensão (permite subclasses), mas o método 'isEnabled' não tem um javadoc que explica como fazer isso de forma segura. Se a classe não é projetada para extensão, considere fazer a classe 'UsuarioModel' ser final, tornar o método 'isEnabled' estático/final/abstrato/vazio ou adicione as anotações permitidas ao método. [DesignForExtension]
[WARN] /Users/my/Documents/www/GP/apigppremium/src/main/java/br/compneusgppremium/api/controller/model/UsuarioModel.java:98:5: A classe 'UsuarioModel' parece ter sido projetada para extensão (permite subclasses), mas o método 'equals' não tem um javadoc que explica como fazer isso de forma segura. Se a classe não é projetada para extensão, considere fazer a classe 'UsuarioModel' ser final, tornar o método 'equals' estático/final/abstrato/vazio ou adicione as anotações permitidas ao método. [DesignForExtension]
[WARN] /Users/my/Documents/www/GP/apigppremium/src/main/java/br/compneusgppremium/api/controller/model/UsuarioModel.java:99:27: O parâmetro o deve ser final. [FinalParameters]
[WARN] /Users/my/Documents/www/GP/apigppremium/src/main/java/br/compneusgppremium/api/controller/model/UsuarioModel.java:100: A estrutura 'if' deve utilizar '{}'s. [NeedBraces]
[WARN] /Users/my/Documents/www/GP/apigppremium/src/main/java/br/compneusgppremium/api/controller/model/UsuarioModel.java:101: A estrutura 'if' deve utilizar '{}'s. [NeedBraces]
[WARN] /Users/my/Documents/www/GP/apigppremium/src/main/java/br/compneusgppremium/api/controller/model/UsuarioModel.java:106:5: A classe 'UsuarioModel' parece ter sido projetada para extensão (permite subclasses), mas o método 'hashCode' não tem um javadoc que explica como fazer isso de forma segura. Se a classe não é projetada para extensão, considere fazer a classe 'UsuarioModel' ser final, tornar o método 'hashCode' estático/final/abstrato/vazio ou adicione as anotações permitidas ao método. [DesignForExtension]
[WARN] /Users/my/Documents/www/GP/apigppremium/src/main/java/br/compneusgppremium/api/controller/model/ModeloModel.java:5: A forma de importação '.*' deveria ser evitada - javax.persistence.*. [AvoidStarImport]
[WARN] /Users/my/Documents/www/GP/apigppremium/src/main/java/br/compneusgppremium/api/controller/model/ConfiguracaoMaquinaModel.java:8: A forma de importação '.*' deveria ser evitada - javax.persistence.*. [AvoidStarImport]
[WARN] /Users/my/Documents/www/GP/apigppremium/src/main/java/br/compneusgppremium/api/controller/model/ConfiguracaoMaquinaModel.java:27:61: '100' é um número mágico. [MagicNumber]
[WARN] /Users/my/Documents/www/GP/apigppremium/src/main/java/br/compneusgppremium/api/controller/model/ConfiguracaoMaquinaModel.java:31:42: '150' é um número mágico. [MagicNumber]
[WARN] /Users/my/Documents/www/GP/apigppremium/src/main/java/br/compneusgppremium/api/controller/model/ConfiguracaoMaquinaModel.java:68:5: A classe 'ConfiguracaoMaquinaModel' parece ter sido projetada para extensão (permite subclasses), mas o método 'onCreate' não tem um javadoc que explica como fazer isso de forma segura. Se a classe não é projetada para extensão, considere fazer a classe 'ConfiguracaoMaquinaModel' ser final, tornar o método 'onCreate' estático/final/abstrato/vazio ou adicione as anotações permitidas ao método. [DesignForExtension]
[WARN] /Users/my/Documents/www/GP/apigppremium/src/main/java/br/compneusgppremium/api/controller/model/ConfiguracaoMaquinaModel.java:73:5: A classe 'ConfiguracaoMaquinaModel' parece ter sido projetada para extensão (permite subclasses), mas o método 'onUpdate' não tem um javadoc que explica como fazer isso de forma segura. Se a classe não é projetada para extensão, considere fazer a classe 'ConfiguracaoMaquinaModel' ser final, tornar o método 'onUpdate' estático/final/abstrato/vazio ou adicione as anotações permitidas ao método. [DesignForExtension]
[WARN] /Users/my/Documents/www/GP/apigppremium/src/main/java/br/compneusgppremium/api/controller/model/CarcacaModel.java:7: A forma de importação '.*' deveria ser evitada - javax.persistence.*. [AvoidStarImport]
[WARN] /Users/my/Documents/www/GP/apigppremium/src/main/java/br/compneusgppremium/api/controller/model/CarcacaModel.java:9:8: Importação não utilizada - org.springframework.stereotype.Service. [UnusedImports]
[WARN] /Users/my/Documents/www/GP/apigppremium/src/main/java/br/compneusgppremium/api/controller/model/CarcacaModel.java:25:20: O nome 'numero_etiqueta' deve condizer com o padrão '^[a-z][a-zA-Z0-9]*$'. [MemberName]
[WARN] /Users/my/Documents/www/GP/apigppremium/src/main/java/br/compneusgppremium/api/controller/model/CarcacaModel.java:46:24: A variável 'medida' deveria ser privada e ter métodos acessores. [VisibilityModifier]
[WARN] /Users/my/Documents/www/GP/apigppremium/src/main/java/br/compneusgppremium/api/controller/model/CarcacaModel.java:50:22: A variável 'pais' deveria ser privada e ter métodos acessores. [VisibilityModifier]
[WARN] /Users/my/Documents/www/GP/apigppremium/src/main/java/br/compneusgppremium/api/controller/model/CarcacaModel.java:55:19: A variável 'fotos' deveria ser privada e ter métodos acessores. [VisibilityModifier]
[WARN] /Users/my/Documents/www/GP/apigppremium/src/main/java/br/compneusgppremium/api/controller/model/CarcacaModel.java:59:31: A variável 'status_carcaca' deveria ser privada e ter métodos acessores. [VisibilityModifier]
[WARN] /Users/my/Documents/www/GP/apigppremium/src/main/java/br/compneusgppremium/api/controller/model/CarcacaModel.java:59:31: O nome 'status_carcaca' deve condizer com o padrão '^[a-z][a-zA-Z0-9]*$'. [MemberName]
[WARN] /Users/my/Documents/www/GP/apigppremium/src/main/java/br/compneusgppremium/api/controller/model/CarcacaModel.java:63:18: O nome 'dt_create' deve condizer com o padrão '^[a-z][a-zA-Z0-9]*$'. [MemberName]
[WARN] /Users/my/Documents/www/GP/apigppremium/src/main/java/br/compneusgppremium/api/controller/model/CarcacaModel.java:67:18: O nome 'dt_update' deve condizer com o padrão '^[a-z][a-zA-Z0-9]*$'. [MemberName]
[WARN] /Users/my/Documents/www/GP/apigppremium/src/main/java/br/compneusgppremium/api/controller/model/MarcaModel.java:5: A forma de importação '.*' deveria ser evitada - javax.persistence.*. [AvoidStarImport]
[WARN] /Users/my/Documents/www/GP/apigppremium/src/main/java/br/compneusgppremium/api/controller/model/MarcaModel.java:14:20: A variável 'id' deveria ser privada e ter métodos acessores. [VisibilityModifier]
[WARN] /Users/my/Documents/www/GP/apigppremium/src/main/java/br/compneusgppremium/api/controller/model/MarcaModel.java:18:19: A variável 'descricao' deveria ser privada e ter métodos acessores. [VisibilityModifier]
[WARN] /Users/my/Documents/www/GP/apigppremium/src/main/java/br/compneusgppremium/api/controller/model/TipoConfiguracao.java:28:22: O parâmetro descricao deve ser final. [FinalParameters]
[WARN] /Users/my/Documents/www/GP/apigppremium/src/main/java/br/compneusgppremium/api/controller/model/CarcacaRejeitadaModel.java:3:8: Importação não utilizada - br.compneusgppremium.api.util.JpaConverterJson. [UnusedImports]
[WARN] /Users/my/Documents/www/GP/apigppremium/src/main/java/br/compneusgppremium/api/controller/model/CarcacaRejeitadaModel.java:7: A forma de importação '.*' deveria ser evitada - javax.persistence.*. [AvoidStarImport]
[WARN] /Users/my/Documents/www/GP/apigppremium/src/main/java/br/compneusgppremium/api/controller/model/CarcacaRejeitadaModel.java:23:24: A variável 'medida' deveria ser privada e ter métodos acessores. [VisibilityModifier]
[WARN] /Users/my/Documents/www/GP/apigppremium/src/main/java/br/compneusgppremium/api/controller/model/CarcacaRejeitadaModel.java:26:22: A variável 'pais' deveria ser privada e ter métodos acessores. [VisibilityModifier]
[WARN] /Users/my/Documents/www/GP/apigppremium/src/main/java/br/compneusgppremium/api/controller/model/CarcacaRejeitadaModel.java:35:18: O nome 'dt_create' deve condizer com o padrão '^[a-z][a-zA-Z0-9]*$'. [MemberName]
[WARN] /Users/my/Documents/www/GP/apigppremium/src/main/java/br/compneusgppremium/api/controller/model/CarcacaRejeitadaModel.java:38:18: O nome 'dt_update' deve condizer com o padrão '^[a-z][a-zA-Z0-9]*$'. [MemberName]
[WARN] /Users/my/Documents/www/GP/apigppremium/src/main/java/br/compneusgppremium/api/controller/model/QualidadeModel.java:8: A forma de importação '.*' deveria ser evitada - javax.persistence.*. [AvoidStarImport]
[WARN] /Users/my/Documents/www/GP/apigppremium/src/main/java/br/compneusgppremium/api/controller/model/QualidadeModel.java:32:19: A variável 'fotos' deveria ser privada e ter métodos acessores. [VisibilityModifier]
[WARN] /Users/my/Documents/www/GP/apigppremium/src/main/java/br/compneusgppremium/api/controller/model/QualidadeModel.java:36:33: O nome 'tipo_observacao' deve condizer com o padrão '^[a-z][a-zA-Z0-9]*$'. [MemberName]
[WARN] /Users/my/Documents/www/GP/apigppremium/src/main/java/br/compneusgppremium/api/controller/model/QualidadeModel.java:40:18: O nome 'dt_create' deve condizer com o padrão '^[a-z][a-zA-Z0-9]*$'. [MemberName]
[WARN] /Users/my/Documents/www/GP/apigppremium/src/main/java/br/compneusgppremium/api/controller/model/PneuVulcanizadoModel.java:8: A forma de importação '.*' deveria ser evitada - javax.persistence.*. [AvoidStarImport]
[WARN] /Users/my/Documents/www/GP/apigppremium/src/main/java/br/compneusgppremium/api/controller/model/PneuVulcanizadoModel.java:60:5: A classe 'PneuVulcanizadoModel' parece ter sido projetada para extensão (permite subclasses), mas o método 'onCreate' não tem um javadoc que explica como fazer isso de forma segura. Se a classe não é projetada para extensão, considere fazer a classe 'PneuVulcanizadoModel' ser final, tornar o método 'onCreate' estático/final/abstrato/vazio ou adicione as anotações permitidas ao método. [DesignForExtension]
[WARN] /Users/my/Documents/www/GP/apigppremium/src/main/java/br/compneusgppremium/api/controller/model/PneuVulcanizadoModel.java:68:5: A classe 'PneuVulcanizadoModel' parece ter sido projetada para extensão (permite subclasses), mas o método 'onUpdate' não tem um javadoc que explica como fazer isso de forma segura. Se a classe não é projetada para extensão, considere fazer a classe 'PneuVulcanizadoModel' ser final, tornar o método 'onUpdate' estático/final/abstrato/vazio ou adicione as anotações permitidas ao método. [DesignForExtension]
[WARN] /Users/my/Documents/www/GP/apigppremium/src/main/java/br/compneusgppremium/api/controller/model/PneuVulcanizadoModel.java:74:5: A classe 'PneuVulcanizadoModel' parece ter sido projetada para extensão (permite subclasses), mas o método 'softDelete' não tem um javadoc que explica como fazer isso de forma segura. Se a classe não é projetada para extensão, considere fazer a classe 'PneuVulcanizadoModel' ser final, tornar o método 'softDelete' estático/final/abstrato/vazio ou adicione as anotações permitidas ao método. [DesignForExtension]
[WARN] /Users/my/Documents/www/GP/apigppremium/src/main/java/br/compneusgppremium/api/controller/model/PneuVulcanizadoModel.java:78:5: A classe 'PneuVulcanizadoModel' parece ter sido projetada para extensão (permite subclasses), mas o método 'isDeleted' não tem um javadoc que explica como fazer isso de forma segura. Se a classe não é projetada para extensão, considere fazer a classe 'PneuVulcanizadoModel' ser final, tornar o método 'isDeleted' estático/final/abstrato/vazio ou adicione as anotações permitidas ao método. [DesignForExtension]
[WARN] /Users/my/Documents/www/GP/apigppremium/src/main/java/br/compneusgppremium/api/controller/model/PneuVulcanizadoModel.java:82:5: A classe 'PneuVulcanizadoModel' parece ter sido projetada para extensão (permite subclasses), mas o método 'finalizar' não tem um javadoc que explica como fazer isso de forma segura. Se a classe não é projetada para extensão, considere fazer a classe 'PneuVulcanizadoModel' ser final, tornar o método 'finalizar' estático/final/abstrato/vazio ou adicione as anotações permitidas ao método. [DesignForExtension]
[WARN] /Users/my/Documents/www/GP/apigppremium/src/main/java/br/compneusgppremium/api/controller/model/PneuVulcanizadoModel.java:87:5: A classe 'PneuVulcanizadoModel' parece ter sido projetada para extensão (permite subclasses), mas o método 'isFinalizado' não tem um javadoc que explica como fazer isso de forma segura. Se a classe não é projetada para extensão, considere fazer a classe 'PneuVulcanizadoModel' ser final, tornar o método 'isFinalizado' estático/final/abstrato/vazio ou adicione as anotações permitidas ao método. [DesignForExtension]
[WARN] /Users/my/Documents/www/GP/apigppremium/src/main/java/br/compneusgppremium/api/controller/model/PneuVulcanizadoModel.java:91:5: A classe 'PneuVulcanizadoModel' parece ter sido projetada para extensão (permite subclasses), mas o método 'isIniciado' não tem um javadoc que explica como fazer isso de forma segura. Se a classe não é projetada para extensão, considere fazer a classe 'PneuVulcanizadoModel' ser final, tornar o método 'isIniciado' estático/final/abstrato/vazio ou adicione as anotações permitidas ao método. [DesignForExtension]
[WARN] /Users/my/Documents/www/GP/apigppremium/src/main/java/br/compneusgppremium/api/controller/model/PneuVulcanizadoModel.java:104:28: O parâmetro descricao deve ser final. [FinalParameters]
[WARN] /Users/my/Documents/www/GP/apigppremium/src/main/java/br/compneusgppremium/api/controller/model/ValidaRegraModel.java:6: A forma de importação '.*' deveria ser evitada - javax.persistence.*. [AvoidStarImport]
[WARN] /Users/my/Documents/www/GP/apigppremium/src/main/java/br/compneusgppremium/api/controller/model/ValidaRegraModel.java:29:34: O nome 'tipo_valida_regra' deve condizer com o padrão '^[a-z][a-zA-Z0-9]*$'. [MemberName]
[WARN] /Users/my/Documents/www/GP/apigppremium/src/main/java/br/compneusgppremium/api/controller/model/ProducaoModel.java:4:8: Importação não utilizada - com.fasterxml.jackson.annotation.JsonIgnore. [UnusedImports]
[WARN] /Users/my/Documents/www/GP/apigppremium/src/main/java/br/compneusgppremium/api/controller/model/ProducaoModel.java:8: A forma de importação '.*' deveria ser evitada - javax.persistence.*. [AvoidStarImport]
[WARN] /Users/my/Documents/www/GP/apigppremium/src/main/java/br/compneusgppremium/api/controller/model/ProducaoModel.java:27:20: O nome 'medida_pneu_raspado' deve condizer com o padrão '^[a-z][a-zA-Z0-9]*$'. [MemberName]
[WARN] /Users/my/Documents/www/GP/apigppremium/src/main/java/br/compneusgppremium/api/controller/model/ProducaoModel.java:32:19: A variável 'dados' deveria ser privada e ter métodos acessores. [VisibilityModifier]
[WARN] /Users/my/Documents/www/GP/apigppremium/src/main/java/br/compneusgppremium/api/controller/model/ProducaoModel.java:41:19: A variável 'fotos' deveria ser privada e ter métodos acessores. [VisibilityModifier]
[WARN] /Users/my/Documents/www/GP/apigppremium/src/main/java/br/compneusgppremium/api/controller/model/ProducaoModel.java:45:18: O nome 'dt_create' deve condizer com o padrão '^[a-z][a-zA-Z0-9]*$'. [MemberName]
[WARN] /Users/my/Documents/www/GP/apigppremium/src/main/java/br/compneusgppremium/api/controller/model/ProducaoModel.java:49:18: O nome 'dt_update' deve condizer com o padrão '^[a-z][a-zA-Z0-9]*$'. [MemberName]
[WARN] /Users/my/Documents/www/GP/apigppremium/src/main/java/br/compneusgppremium/api/controller/model/PerfilModel.java:6: A forma de importação '.*' deveria ser evitada - javax.persistence.*. [AvoidStarImport]
[WARN] /Users/my/Documents/www/GP/apigppremium/src/main/java/br/compneusgppremium/api/controller/model/PerfilModel.java:17:5: A classe 'PerfilModel' parece ter sido projetada para extensão (permite subclasses), mas o método 'getId' não tem um javadoc que explica como fazer isso de forma segura. Se a classe não é projetada para extensão, considere fazer a classe 'PerfilModel' ser final, tornar o método 'getId' estático/final/abstrato/vazio ou adicione as anotações permitidas ao método. [DesignForExtension]
[WARN] /Users/my/Documents/www/GP/apigppremium/src/main/java/br/compneusgppremium/api/controller/model/PerfilModel.java:21:5: A classe 'PerfilModel' parece ter sido projetada para extensão (permite subclasses), mas o método 'setId' não tem um javadoc que explica como fazer isso de forma segura. Se a classe não é projetada para extensão, considere fazer a classe 'PerfilModel' ser final, tornar o método 'setId' estático/final/abstrato/vazio ou adicione as anotações permitidas ao método. [DesignForExtension]
[WARN] /Users/my/Documents/www/GP/apigppremium/src/main/java/br/compneusgppremium/api/controller/model/PerfilModel.java:21:23: O parâmetro id deve ser final. [FinalParameters]
[WARN] /Users/my/Documents/www/GP/apigppremium/src/main/java/br/compneusgppremium/api/controller/model/PerfilModel.java:25:5: A classe 'PerfilModel' parece ter sido projetada para extensão (permite subclasses), mas o método 'getDescricao' não tem um javadoc que explica como fazer isso de forma segura. Se a classe não é projetada para extensão, considere fazer a classe 'PerfilModel' ser final, tornar o método 'getDescricao' estático/final/abstrato/vazio ou adicione as anotações permitidas ao método. [DesignForExtension]
[WARN] /Users/my/Documents/www/GP/apigppremium/src/main/java/br/compneusgppremium/api/controller/model/PerfilModel.java:29:5: A classe 'PerfilModel' parece ter sido projetada para extensão (permite subclasses), mas o método 'setDescricao' não tem um javadoc que explica como fazer isso de forma segura. Se a classe não é projetada para extensão, considere fazer a classe 'PerfilModel' ser final, tornar o método 'setDescricao' estático/final/abstrato/vazio ou adicione as anotações permitidas ao método. [DesignForExtension]
[WARN] /Users/my/Documents/www/GP/apigppremium/src/main/java/br/compneusgppremium/api/controller/model/PerfilModel.java:29:30: O parâmetro descricao deve ser final. [FinalParameters]
[WARN] /Users/my/Documents/www/GP/apigppremium/src/main/java/br/compneusgppremium/api/controller/model/PerfilModel.java:33:5: A classe 'PerfilModel' parece ter sido projetada para extensão (permite subclasses), mas o método 'getAuthority' não tem um javadoc que explica como fazer isso de forma segura. Se a classe não é projetada para extensão, considere fazer a classe 'PerfilModel' ser final, tornar o método 'getAuthority' estático/final/abstrato/vazio ou adicione as anotações permitidas ao método. [DesignForExtension]
[WARN] /Users/my/Documents/www/GP/apigppremium/src/main/java/br/compneusgppremium/api/controller/model/ColaModel.java:6: A forma de importação '.*' deveria ser evitada - javax.persistence.*. [AvoidStarImport]
[WARN] /Users/my/Documents/www/GP/apigppremium/src/main/java/br/compneusgppremium/api/controller/model/TipoObservacaoModel.java:5: A forma de importação '.*' deveria ser evitada - javax.persistence.*. [AvoidStarImport]
[WARN] /Users/my/Documents/www/GP/apigppremium/src/main/java/br/compneusgppremium/api/controller/model/TipoObservacaoModel.java:15:36: O nome 'tipo_classificacao' deve condizer com o padrão '^[a-z][a-zA-Z0-9]*$'. [MemberName]
[WARN] /Users/my/Documents/www/GP/apigppremium/src/main/java/br/compneusgppremium/api/controller/model/RegistroMaquinaModel.java:8: A forma de importação '.*' deveria ser evitada - javax.persistence.*. [AvoidStarImport]
[WARN] /Users/my/Documents/www/GP/apigppremium/src/main/java/br/compneusgppremium/api/controller/model/RegistroMaquinaModel.java:23:55: '100' é um número mágico. [MagicNumber]
[WARN] /Users/my/Documents/www/GP/apigppremium/src/main/java/br/compneusgppremium/api/controller/model/RegistroMaquinaModel.java:27:60: '100' é um número mágico. [MagicNumber]
[WARN] /Users/my/Documents/www/GP/apigppremium/src/main/java/br/compneusgppremium/api/controller/model/RegistroMaquinaModel.java:36:22: '250' é um número mágico. [MagicNumber]
[WARN] /Users/my/Documents/www/GP/apigppremium/src/main/java/br/compneusgppremium/api/controller/model/RegistroMaquinaModel.java:37: A linha contém mais do que 120 caracteres (foram encontrados 123). [LineLength]
[WARN] /Users/my/Documents/www/GP/apigppremium/src/main/java/br/compneusgppremium/api/controller/model/RegistroMaquinaModel.java:52:5: A classe 'RegistroMaquinaModel' parece ter sido projetada para extensão (permite subclasses), mas o método 'onCreate' não tem um javadoc que explica como fazer isso de forma segura. Se a classe não é projetada para extensão, considere fazer a classe 'RegistroMaquinaModel' ser final, tornar o método 'onCreate' estático/final/abstrato/vazio ou adicione as anotações permitidas ao método. [DesignForExtension]
[WARN] /Users/my/Documents/www/GP/apigppremium/src/main/java/br/compneusgppremium/api/controller/model/RegistroMaquinaModel.java:57:5: A classe 'RegistroMaquinaModel' parece ter sido projetada para extensão (permite subclasses), mas o método 'onUpdate' não tem um javadoc que explica como fazer isso de forma segura. Se a classe não é projetada para extensão, considere fazer a classe 'RegistroMaquinaModel' ser final, tornar o método 'onUpdate' estático/final/abstrato/vazio ou adicione as anotações permitidas ao método. [DesignForExtension]
[WARN] /Users/my/Documents/www/GP/apigppremium/src/main/java/br/compneusgppremium/api/controller/model/RegistroMaquinaModel.java:63:5: A classe 'RegistroMaquinaModel' parece ter sido projetada para extensão (permite subclasses), mas o método 'softDelete' não tem um javadoc que explica como fazer isso de forma segura. Se a classe não é projetada para extensão, considere fazer a classe 'RegistroMaquinaModel' ser final, tornar o método 'softDelete' estático/final/abstrato/vazio ou adicione as anotações permitidas ao método. [DesignForExtension]
[WARN] /Users/my/Documents/www/GP/apigppremium/src/main/java/br/compneusgppremium/api/controller/model/RegistroMaquinaModel.java:69:5: A classe 'RegistroMaquinaModel' parece ter sido projetada para extensão (permite subclasses), mas o método 'isDeleted' não tem um javadoc que explica como fazer isso de forma segura. Se a classe não é projetada para extensão, considere fazer a classe 'RegistroMaquinaModel' ser final, tornar o método 'isDeleted' estático/final/abstrato/vazio ou adicione as anotações permitidas ao método. [DesignForExtension]
[WARN] /Users/my/Documents/www/GP/apigppremium/src/main/java/br/compneusgppremium/api/controller/model/RegistroMaquinaModel.java:74:5: A classe 'RegistroMaquinaModel' parece ter sido projetada para extensão (permite subclasses), mas o método 'colocarEmManutencao' não tem um javadoc que explica como fazer isso de forma segura. Se a classe não é projetada para extensão, considere fazer a classe 'RegistroMaquinaModel' ser final, tornar o método 'colocarEmManutencao' estático/final/abstrato/vazio ou adicione as anotações permitidas ao método. [DesignForExtension]
[WARN] /Users/my/Documents/www/GP/apigppremium/src/main/java/br/compneusgppremium/api/controller/model/RegistroMaquinaModel.java:80:5: A classe 'RegistroMaquinaModel' parece ter sido projetada para extensão (permite subclasses), mas o método 'ativar' não tem um javadoc que explica como fazer isso de forma segura. Se a classe não é projetada para extensão, considere fazer a classe 'RegistroMaquinaModel' ser final, tornar o método 'ativar' estático/final/abstrato/vazio ou adicione as anotações permitidas ao método. [DesignForExtension]
[WARN] /Users/my/Documents/www/GP/apigppremium/src/main/java/br/compneusgppremium/api/controller/model/RegistroMaquinaModel.java:86:5: A classe 'RegistroMaquinaModel' parece ter sido projetada para extensão (permite subclasses), mas o método 'inativar' não tem um javadoc que explica como fazer isso de forma segura. Se a classe não é projetada para extensão, considere fazer a classe 'RegistroMaquinaModel' ser final, tornar o método 'inativar' estático/final/abstrato/vazio ou adicione as anotações permitidas ao método. [DesignForExtension]
[WARN] /Users/my/Documents/www/GP/apigppremium/src/main/java/br/compneusgppremium/api/controller/model/RegraModel.java:6: A forma de importação '.*' deveria ser evitada - javax.persistence.*. [AvoidStarImport]
[WARN] /Users/my/Documents/www/GP/apigppremium/src/main/java/br/compneusgppremium/api/controller/model/RegraModel.java:20:20: O nome 'tamanho_min' deve condizer com o padrão '^[a-z][a-zA-Z0-9]*$'. [MemberName]
[WARN] /Users/my/Documents/www/GP/apigppremium/src/main/java/br/compneusgppremium/api/controller/model/RegraModel.java:24:20: O nome 'tamanho_max' deve condizer com o padrão '^[a-z][a-zA-Z0-9]*$'. [MemberName]
[WARN] /Users/my/Documents/www/GP/apigppremium/src/main/java/br/compneusgppremium/api/controller/model/RegraModel.java:56:18: O nome 'dt_create' deve condizer com o padrão '^[a-z][a-zA-Z0-9]*$'. [MemberName]
[WARN] /Users/my/Documents/www/GP/apigppremium/src/main/java/br/compneusgppremium/api/controller/model/RegraModel.java:58:18: O nome 'dt_update' deve condizer com o padrão '^[a-z][a-zA-Z0-9]*$'. [MemberName]
[WARN] /Users/my/Documents/www/GP/apigppremium/src/main/java/br/compneusgppremium/api/controller/model/RegraModel.java:60:18: O nome 'dt_delete' deve condizer com o padrão '^[a-z][a-zA-Z0-9]*$'. [MemberName]
[WARN] /Users/my/Documents/www/GP/apigppremium/src/main/java/br/compneusgppremium/api/controller/model/MedidaModel.java:6: A forma de importação '.*' deveria ser evitada - javax.persistence.*. [AvoidStarImport]
[WARN] /Users/my/Documents/www/GP/apigppremium/src/main/java/br/compneusgppremium/api/controller/model/MedidaModel.java:15:20: A variável 'id' deveria ser privada e ter métodos acessores. [VisibilityModifier]
[WARN] /Users/my/Documents/www/GP/apigppremium/src/main/java/br/compneusgppremium/api/controller/model/MedidaModel.java:18:19: A variável 'descricao' deveria ser privada e ter métodos acessores. [VisibilityModifier]
[WARN] /Users/my/Documents/www/GP/apigppremium/src/main/java/br/compneusgppremium/api/controller/RegraController.java:3:8: Importação não utilizada - br.compneusgppremium.api.controller.model.CarcacaModel. [UnusedImports]
[WARN] /Users/my/Documents/www/GP/apigppremium/src/main/java/br/compneusgppremium/api/controller/RegraController.java:7:8: Importação não utilizada - net.bytebuddy.implementation.bytecode.Throw. [UnusedImports]
[WARN] /Users/my/Documents/www/GP/apigppremium/src/main/java/br/compneusgppremium/api/controller/RegraController.java:8:8: Importação não utilizada - org.hibernate.engine.jdbc.Size. [UnusedImports]
[WARN] /Users/my/Documents/www/GP/apigppremium/src/main/java/br/compneusgppremium/api/controller/RegraController.java:12: A forma de importação '.*' deveria ser evitada - org.springframework.web.bind.annotation.*. [AvoidStarImport]
[WARN] /Users/my/Documents/www/GP/apigppremium/src/main/java/br/compneusgppremium/api/controller/RegraController.java:17: A forma de importação '.*' deveria ser evitada - java.util.*. [AvoidStarImport]
[WARN] /Users/my/Documents/www/GP/apigppremium/src/main/java/br/compneusgppremium/api/controller/RegraController.java:27:19: A variável 'entityManager' deveria ser privada e ter métodos acessores. [VisibilityModifier]
[WARN] /Users/my/Documents/www/GP/apigppremium/src/main/java/br/compneusgppremium/api/controller/RegraController.java:29:5: A classe 'RegraController' parece ter sido projetada para extensão (permite subclasses), mas o método 'findAll' não tem um javadoc que explica como fazer isso de forma segura. Se a classe não é projetada para extensão, considere fazer a classe 'RegraController' ser final, tornar o método 'findAll' estático/final/abstrato/vazio ou adicione as anotações permitidas ao método. [DesignForExtension]
[WARN] /Users/my/Documents/www/GP/apigppremium/src/main/java/br/compneusgppremium/api/controller/RegraController.java:37:5: A classe 'RegraController' parece ter sido projetada para extensão (permite subclasses), mas o método 'consultar' não tem um javadoc que explica como fazer isso de forma segura. Se a classe não é projetada para extensão, considere fazer a classe 'RegraController' ser final, tornar o método 'consultar' estático/final/abstrato/vazio ou adicione as anotações permitidas ao método. [DesignForExtension]
[WARN] /Users/my/Documents/www/GP/apigppremium/src/main/java/br/compneusgppremium/api/controller/RegraController.java:38:37: O parâmetro id deve ser final. [FinalParameters]
[WARN] /Users/my/Documents/www/GP/apigppremium/src/main/java/br/compneusgppremium/api/controller/RegraController.java:44:5: A classe 'RegraController' parece ter sido projetada para extensão (permite subclasses), mas o método 'salvar' não tem um javadoc que explica como fazer isso de forma segura. Se a classe não é projetada para extensão, considere fazer a classe 'RegraController' ser final, tornar o método 'salvar' estático/final/abstrato/vazio ou adicione as anotações permitidas ao método. [DesignForExtension]
[WARN] /Users/my/Documents/www/GP/apigppremium/src/main/java/br/compneusgppremium/api/controller/RegraController.java:45:26: O parâmetro regra deve ser final. [FinalParameters]
[WARN] /Users/my/Documents/www/GP/apigppremium/src/main/java/br/compneusgppremium/api/controller/RegraController.java:48: A linha contém mais do que 120 caracteres (foram encontrados 211). [LineLength]
[WARN] /Users/my/Documents/www/GP/apigppremium/src/main/java/br/compneusgppremium/api/controller/RegraController.java:50: A linha contém mais do que 120 caracteres (foram encontrados 134). [LineLength]
[WARN] /Users/my/Documents/www/GP/apigppremium/src/main/java/br/compneusgppremium/api/controller/RegraController.java:56: A linha contém mais do que 120 caracteres (foram encontrados 171). [LineLength]
[WARN] /Users/my/Documents/www/GP/apigppremium/src/main/java/br/compneusgppremium/api/controller/RegraController.java:56:122: Evite condicionais inline. [AvoidInlineConditionals]
[WARN] /Users/my/Documents/www/GP/apigppremium/src/main/java/br/compneusgppremium/api/controller/RegraController.java:61:5: A classe 'RegraController' parece ter sido projetada para extensão (permite subclasses), mas o método 'atualizar' não tem um javadoc que explica como fazer isso de forma segura. Se a classe não é projetada para extensão, considere fazer a classe 'RegraController' ser final, tornar o método 'atualizar' estático/final/abstrato/vazio ou adicione as anotações permitidas ao método. [DesignForExtension]
[WARN] /Users/my/Documents/www/GP/apigppremium/src/main/java/br/compneusgppremium/api/controller/RegraController.java:62:37: O parâmetro id deve ser final. [FinalParameters]
[WARN] /Users/my/Documents/www/GP/apigppremium/src/main/java/br/compneusgppremium/api/controller/RegraController.java:62:69: O parâmetro regra deve ser final. [FinalParameters]
[WARN] /Users/my/Documents/www/GP/apigppremium/src/main/java/br/compneusgppremium/api/controller/RegraController.java:82:5: A classe 'RegraController' parece ter sido projetada para extensão (permite subclasses), mas o método 'consultarRegra' não tem um javadoc que explica como fazer isso de forma segura. Se a classe não é projetada para extensão, considere fazer a classe 'RegraController' ser final, tornar o método 'consultarRegra' estático/final/abstrato/vazio ou adicione as anotações permitidas ao método. [DesignForExtension]
[WARN] /Users/my/Documents/www/GP/apigppremium/src/main/java/br/compneusgppremium/api/controller/RegraController.java:83: A linha contém mais do que 120 caracteres (foram encontrados 251). [LineLength]
[WARN] /Users/my/Documents/www/GP/apigppremium/src/main/java/br/compneusgppremium/api/controller/RegraController.java:83:34: O parâmetro matriz deve ser final. [FinalParameters]
[WARN] /Users/my/Documents/www/GP/apigppremium/src/main/java/br/compneusgppremium/api/controller/RegraController.java:83:74: O parâmetro medida deve ser final. [FinalParameters]
[WARN] /Users/my/Documents/www/GP/apigppremium/src/main/java/br/compneusgppremium/api/controller/RegraController.java:83:114: O parâmetro modelo deve ser final. [FinalParameters]
[WARN] /Users/my/Documents/www/GP/apigppremium/src/main/java/br/compneusgppremium/api/controller/RegraController.java:83:154: O parâmetro pais deve ser final. [FinalParameters]
[WARN] /Users/my/Documents/www/GP/apigppremium/src/main/java/br/compneusgppremium/api/controller/RegraController.java:83:190: O parâmetro medidaPneuRaspado deve ser final. [FinalParameters]
[WARN] /Users/my/Documents/www/GP/apigppremium/src/main/java/br/compneusgppremium/api/controller/RegraController.java:87: A linha contém mais do que 120 caracteres (foram encontrados 142). [LineLength]
[WARN] /Users/my/Documents/www/GP/apigppremium/src/main/java/br/compneusgppremium/api/controller/RegraController.java:93: A linha contém mais do que 120 caracteres (foram encontrados 174). [LineLength]
[WARN] /Users/my/Documents/www/GP/apigppremium/src/main/java/br/compneusgppremium/api/controller/RegraController.java:93:125: Evite condicionais inline. [AvoidInlineConditionals]
[WARN] /Users/my/Documents/www/GP/apigppremium/src/main/java/br/compneusgppremium/api/controller/RegraController.java:98:5: A classe 'RegraController' parece ter sido projetada para extensão (permite subclasses), mas o método 'delete' não tem um javadoc que explica como fazer isso de forma segura. Se a classe não é projetada para extensão, considere fazer a classe 'RegraController' ser final, tornar o método 'delete' estático/final/abstrato/vazio ou adicione as anotações permitidas ao método. [DesignForExtension]
[WARN] /Users/my/Documents/www/GP/apigppremium/src/main/java/br/compneusgppremium/api/controller/RegraController.java:99:37: O parâmetro id deve ser final. [FinalParameters]
[WARN] /Users/my/Documents/www/GP/apigppremium/src/main/java/br/compneusgppremium/api/controller/RegraController.java:107:5: A classe 'RegraController' parece ter sido projetada para extensão (permite subclasses), mas o método 'consultarProducao' não tem um javadoc que explica como fazer isso de forma segura. Se a classe não é projetada para extensão, considere fazer a classe 'RegraController' ser final, tornar o método 'consultarProducao' estático/final/abstrato/vazio ou adicione as anotações permitidas ao método. [DesignForExtension]
[WARN] /Users/my/Documents/www/GP/apigppremium/src/main/java/br/compneusgppremium/api/controller/RegraController.java:108:37: O parâmetro params deve ser final. [FinalParameters]
[WARN] /Users/my/Documents/www/GP/apigppremium/src/main/java/br/compneusgppremium/api/controller/RegraController.java:113:65: Evite condicionais inline. [AvoidInlineConditionals]
[WARN] /Users/my/Documents/www/GP/apigppremium/src/main/java/br/compneusgppremium/api/controller/RegraController.java:114: A estrutura 'if' deve utilizar '{}'s. [NeedBraces]
[WARN] /Users/my/Documents/www/GP/apigppremium/src/main/java/br/compneusgppremium/api/controller/RegraController.java:117:63: Evite condicionais inline. [AvoidInlineConditionals]
[WARN] /Users/my/Documents/www/GP/apigppremium/src/main/java/br/compneusgppremium/api/controller/RegraController.java:118: A estrutura 'if' deve utilizar '{}'s. [NeedBraces]
[WARN] /Users/my/Documents/www/GP/apigppremium/src/main/java/br/compneusgppremium/api/controller/RegraController.java:121:65: Evite condicionais inline. [AvoidInlineConditionals]
[WARN] /Users/my/Documents/www/GP/apigppremium/src/main/java/br/compneusgppremium/api/controller/RegraController.java:122: A estrutura 'if' deve utilizar '{}'s. [NeedBraces]
[WARN] /Users/my/Documents/www/GP/apigppremium/src/main/java/br/compneusgppremium/api/controller/RegraController.java:125:61: Evite condicionais inline. [AvoidInlineConditionals]
[WARN] /Users/my/Documents/www/GP/apigppremium/src/main/java/br/compneusgppremium/api/controller/RegraController.java:126: A estrutura 'if' deve utilizar '{}'s. [NeedBraces]
[WARN] /Users/my/Documents/www/GP/apigppremium/src/main/java/br/compneusgppremium/api/controller/RegraController.java:129:71: Evite condicionais inline. [AvoidInlineConditionals]
[WARN] /Users/my/Documents/www/GP/apigppremium/src/main/java/br/compneusgppremium/api/controller/RegraController.java:130: A estrutura 'if' deve utilizar '{}'s. [NeedBraces]
[WARN] /Users/my/Documents/www/GP/apigppremium/src/main/java/br/compneusgppremium/api/controller/RegraController.java:137:43: '50' é um número mágico. [MagicNumber]
[WARN] /Users/my/Documents/www/GP/apigppremium/src/main/java/br/compneusgppremium/api/controller/ModeloController.java:4:8: Importação não utilizada - br.compneusgppremium.api.controller.model.PaisModel. [UnusedImports]
[WARN] /Users/my/Documents/www/GP/apigppremium/src/main/java/br/compneusgppremium/api/controller/ModeloController.java:14: A forma de importação '.*' deveria ser evitada - org.springframework.web.bind.annotation.*. [AvoidStarImport]
[WARN] /Users/my/Documents/www/GP/apigppremium/src/main/java/br/compneusgppremium/api/controller/ModeloController.java:27:5: A classe 'ModeloController' parece ter sido projetada para extensão (permite subclasses), mas o método 'findAll' não tem um javadoc que explica como fazer isso de forma segura. Se a classe não é projetada para extensão, considere fazer a classe 'ModeloController' ser final, tornar o método 'findAll' estático/final/abstrato/vazio ou adicione as anotações permitidas ao método. [DesignForExtension]
[WARN] /Users/my/Documents/www/GP/apigppremium/src/main/java/br/compneusgppremium/api/controller/ModeloController.java:40:5: A classe 'ModeloController' parece ter sido projetada para extensão (permite subclasses), mas o método 'consultar' não tem um javadoc que explica como fazer isso de forma segura. Se a classe não é projetada para extensão, considere fazer a classe 'ModeloController' ser final, tornar o método 'consultar' estático/final/abstrato/vazio ou adicione as anotações permitidas ao método. [DesignForExtension]
[WARN] /Users/my/Documents/www/GP/apigppremium/src/main/java/br/compneusgppremium/api/controller/ModeloController.java:46:37: O parâmetro id deve ser final. [FinalParameters]
[WARN] /Users/my/Documents/www/GP/apigppremium/src/main/java/br/compneusgppremium/api/controller/ModeloController.java:52:5: A classe 'ModeloController' parece ter sido projetada para extensão (permite subclasses), mas o método 'salvar' não tem um javadoc que explica como fazer isso de forma segura. Se a classe não é projetada para extensão, considere fazer a classe 'ModeloController' ser final, tornar o método 'salvar' estático/final/abstrato/vazio ou adicione as anotações permitidas ao método. [DesignForExtension]
[WARN] /Users/my/Documents/www/GP/apigppremium/src/main/java/br/compneusgppremium/api/controller/ModeloController.java:58:26: O parâmetro modelo deve ser final. [FinalParameters]
[WARN] /Users/my/Documents/www/GP/apigppremium/src/main/java/br/compneusgppremium/api/controller/ModeloController.java:66:5: A classe 'ModeloController' parece ter sido projetada para extensão (permite subclasses), mas o método 'atualizar' não tem um javadoc que explica como fazer isso de forma segura. Se a classe não é projetada para extensão, considere fazer a classe 'ModeloController' ser final, tornar o método 'atualizar' estático/final/abstrato/vazio ou adicione as anotações permitidas ao método. [DesignForExtension]
[WARN] /Users/my/Documents/www/GP/apigppremium/src/main/java/br/compneusgppremium/api/controller/ModeloController.java:73: A linha contém mais do que 120 caracteres (foram encontrados 143). [LineLength]
[WARN] /Users/my/Documents/www/GP/apigppremium/src/main/java/br/compneusgppremium/api/controller/ModeloController.java:73:37: O parâmetro id deve ser final. [FinalParameters]
[WARN] /Users/my/Documents/www/GP/apigppremium/src/main/java/br/compneusgppremium/api/controller/ModeloController.java:73:110: O parâmetro modelo deve ser final. [FinalParameters]
[WARN] /Users/my/Documents/www/GP/apigppremium/src/main/java/br/compneusgppremium/api/controller/ModeloController.java:82:5: A classe 'ModeloController' parece ter sido projetada para extensão (permite subclasses), mas o método 'delete' não tem um javadoc que explica como fazer isso de forma segura. Se a classe não é projetada para extensão, considere fazer a classe 'ModeloController' ser final, tornar o método 'delete' estático/final/abstrato/vazio ou adicione as anotações permitidas ao método. [DesignForExtension]
[WARN] /Users/my/Documents/www/GP/apigppremium/src/main/java/br/compneusgppremium/api/controller/ModeloController.java:88:37: O parâmetro id deve ser final. [FinalParameters]
[WARN] /Users/my/Documents/www/GP/apigppremium/src/main/java/br/compneusgppremium/api/controller/ConfiguracaoMaquinaController.java:28: A forma de importação '.*' deveria ser evitada - org.springframework.web.bind.annotation.*. [AvoidStarImport]
[WARN] /Users/my/Documents/www/GP/apigppremium/src/main/java/br/compneusgppremium/api/controller/ConfiguracaoMaquinaController.java:33:8: Importação não utilizada - java.util.Map. [UnusedImports]
[WARN] /Users/my/Documents/www/GP/apigppremium/src/main/java/br/compneusgppremium/api/controller/ConfiguracaoMaquinaController.java:34:8: Importação não utilizada - java.util.HashMap. [UnusedImports]
[WARN] /Users/my/Documents/www/GP/apigppremium/src/main/java/br/compneusgppremium/api/controller/ConfiguracaoMaquinaController.java:67: A linha contém mais do que 120 caracteres (foram encontrados 145). [LineLength]
[WARN] /Users/my/Documents/www/GP/apigppremium/src/main/java/br/compneusgppremium/api/controller/ConfiguracaoMaquinaController.java:69: A linha contém mais do que 120 caracteres (foram encontrados 123). [LineLength]
[WARN] /Users/my/Documents/www/GP/apigppremium/src/main/java/br/compneusgppremium/api/controller/ConfiguracaoMaquinaController.java:71: A linha contém mais do que 120 caracteres (foram encontrados 122). [LineLength]
[WARN] /Users/my/Documents/www/GP/apigppremium/src/main/java/br/compneusgppremium/api/controller/ConfiguracaoMaquinaController.java:73:48: O parâmetro dto deve ser final. [FinalParameters]
[WARN] /Users/my/Documents/www/GP/apigppremium/src/main/java/br/compneusgppremium/api/controller/ConfiguracaoMaquinaController.java:76: A linha contém mais do que 120 caracteres (foram encontrados 128). [LineLength]
[WARN] /Users/my/Documents/www/GP/apigppremium/src/main/java/br/compneusgppremium/api/controller/ConfiguracaoMaquinaController.java:79: A linha contém mais do que 120 caracteres (foram encontrados 162). [LineLength]
[WARN] /Users/my/Documents/www/GP/apigppremium/src/main/java/br/compneusgppremium/api/controller/ConfiguracaoMaquinaController.java:86: A linha contém mais do que 120 caracteres (foram encontrados 159). [LineLength]
[WARN] /Users/my/Documents/www/GP/apigppremium/src/main/java/br/compneusgppremium/api/controller/ConfiguracaoMaquinaController.java:112: A linha contém mais do que 120 caracteres (foram encontrados 153). [LineLength]
[WARN] /Users/my/Documents/www/GP/apigppremium/src/main/java/br/compneusgppremium/api/controller/ConfiguracaoMaquinaController.java:125:13: O parâmetro page deve ser final. [FinalParameters]
[WARN] /Users/my/Documents/www/GP/apigppremium/src/main/java/br/compneusgppremium/api/controller/ConfiguracaoMaquinaController.java:127:13: O parâmetro size deve ser final. [FinalParameters]
[WARN] /Users/my/Documents/www/GP/apigppremium/src/main/java/br/compneusgppremium/api/controller/ConfiguracaoMaquinaController.java:129:13: O parâmetro maquinaId deve ser final. [FinalParameters]
[WARN] /Users/my/Documents/www/GP/apigppremium/src/main/java/br/compneusgppremium/api/controller/ConfiguracaoMaquinaController.java:137: A linha contém mais do que 120 caracteres (foram encontrados 135). [LineLength]
[WARN] /Users/my/Documents/www/GP/apigppremium/src/main/java/br/compneusgppremium/api/controller/ConfiguracaoMaquinaController.java:154: A linha contém mais do que 120 caracteres (foram encontrados 153). [LineLength]
[WARN] /Users/my/Documents/www/GP/apigppremium/src/main/java/br/compneusgppremium/api/controller/ConfiguracaoMaquinaController.java:157: A linha contém mais do que 120 caracteres (foram encontrados 145). [LineLength]
[WARN] /Users/my/Documents/www/GP/apigppremium/src/main/java/br/compneusgppremium/api/controller/ConfiguracaoMaquinaController.java:159: A linha contém mais do que 120 caracteres (foram encontrados 122). [LineLength]
[WARN] /Users/my/Documents/www/GP/apigppremium/src/main/java/br/compneusgppremium/api/controller/ConfiguracaoMaquinaController.java:162:13: O parâmetro celularId deve ser final. [FinalParameters]
[WARN] /Users/my/Documents/www/GP/apigppremium/src/main/java/br/compneusgppremium/api/controller/ConfiguracaoMaquinaController.java:166: A linha contém mais do que 120 caracteres (foram encontrados 132). [LineLength]
[WARN] /Users/my/Documents/www/GP/apigppremium/src/main/java/br/compneusgppremium/api/controller/ConfiguracaoMaquinaController.java:191: A linha contém mais do que 120 caracteres (foram encontrados 176). [LineLength]
[WARN] /Users/my/Documents/www/GP/apigppremium/src/main/java/br/compneusgppremium/api/controller/ConfiguracaoMaquinaController.java:196:13: O parâmetro celularId deve ser final. [FinalParameters]
[WARN] /Users/my/Documents/www/GP/apigppremium/src/main/java/br/compneusgppremium/api/controller/ConfiguracaoMaquinaController.java:199: A linha contém mais do que 120 caracteres (foram encontrados 152). [LineLength]
[WARN] /Users/my/Documents/www/GP/apigppremium/src/main/java/br/compneusgppremium/api/controller/ConfiguracaoMaquinaController.java:222: A linha contém mais do que 120 caracteres (foram encontrados 145). [LineLength]
[WARN] /Users/my/Documents/www/GP/apigppremium/src/main/java/br/compneusgppremium/api/controller/ConfiguracaoMaquinaController.java:224: A linha contém mais do que 120 caracteres (foram encontrados 122). [LineLength]
[WARN] /Users/my/Documents/www/GP/apigppremium/src/main/java/br/compneusgppremium/api/controller/ConfiguracaoMaquinaController.java:226:42: O parâmetro id deve ser final. [FinalParameters]
[WARN] /Users/my/Documents/www/GP/apigppremium/src/main/java/br/compneusgppremium/api/controller/ConfiguracaoMaquinaController.java:228: A linha contém mais do que 120 caracteres (foram encontrados 125). [LineLength]
[WARN] /Users/my/Documents/www/GP/apigppremium/src/main/java/br/compneusgppremium/api/controller/ConfiguracaoMaquinaController.java:231: A linha contém mais do que 120 caracteres (foram encontrados 156). [LineLength]
[WARN] /Users/my/Documents/www/GP/apigppremium/src/main/java/br/compneusgppremium/api/controller/ConfiguracaoMaquinaController.java:240: A linha contém mais do que 120 caracteres (foram encontrados 154). [LineLength]
[WARN] /Users/my/Documents/www/GP/apigppremium/src/main/java/br/compneusgppremium/api/controller/ConfiguracaoMaquinaController.java:251: A linha contém mais do que 120 caracteres (foram encontrados 145). [LineLength]
[WARN] /Users/my/Documents/www/GP/apigppremium/src/main/java/br/compneusgppremium/api/controller/ConfiguracaoMaquinaController.java:253: A linha contém mais do que 120 caracteres (foram encontrados 123). [LineLength]
[WARN] /Users/my/Documents/www/GP/apigppremium/src/main/java/br/compneusgppremium/api/controller/ConfiguracaoMaquinaController.java:255: A linha contém mais do que 120 caracteres (foram encontrados 122). [LineLength]
[WARN] /Users/my/Documents/www/GP/apigppremium/src/main/java/br/compneusgppremium/api/controller/ConfiguracaoMaquinaController.java:258:13: O parâmetro id deve ser final. [FinalParameters]
[WARN] /Users/my/Documents/www/GP/apigppremium/src/main/java/br/compneusgppremium/api/controller/ConfiguracaoMaquinaController.java:259:13: O parâmetro dto deve ser final. [FinalParameters]
[WARN] /Users/my/Documents/www/GP/apigppremium/src/main/java/br/compneusgppremium/api/controller/ConfiguracaoMaquinaController.java:262: A linha contém mais do que 120 caracteres (foram encontrados 125). [LineLength]
[WARN] /Users/my/Documents/www/GP/apigppremium/src/main/java/br/compneusgppremium/api/controller/ConfiguracaoMaquinaController.java:265: A linha contém mais do que 120 caracteres (foram encontrados 156). [LineLength]
[WARN] /Users/my/Documents/www/GP/apigppremium/src/main/java/br/compneusgppremium/api/controller/ConfiguracaoMaquinaController.java:290: A linha contém mais do que 120 caracteres (foram encontrados 157). [LineLength]
[WARN] /Users/my/Documents/www/GP/apigppremium/src/main/java/br/compneusgppremium/api/controller/ConfiguracaoMaquinaController.java:300: A linha contém mais do que 120 caracteres (foram encontrados 151). [LineLength]
[WARN] /Users/my/Documents/www/GP/apigppremium/src/main/java/br/compneusgppremium/api/controller/ConfiguracaoMaquinaController.java:304: A linha contém mais do que 120 caracteres (foram encontrados 122). [LineLength]
[WARN] /Users/my/Documents/www/GP/apigppremium/src/main/java/br/compneusgppremium/api/controller/ConfiguracaoMaquinaController.java:306:50: O parâmetro id deve ser final. [FinalParameters]
[WARN] /Users/my/Documents/www/GP/apigppremium/src/main/java/br/compneusgppremium/api/controller/ConfiguracaoMaquinaController.java:308: A linha contém mais do que 120 caracteres (foram encontrados 125). [LineLength]
[WARN] /Users/my/Documents/www/GP/apigppremium/src/main/java/br/compneusgppremium/api/controller/ConfiguracaoMaquinaController.java:311: A linha contém mais do que 120 caracteres (foram encontrados 156). [LineLength]
[WARN] /Users/my/Documents/www/GP/apigppremium/src/main/java/br/compneusgppremium/api/controller/ConfiguracaoMaquinaController.java:333: A linha contém mais do que 120 caracteres (foram encontrados 155). [LineLength]
[WARN] /Users/my/Documents/www/GP/apigppremium/src/main/java/br/compneusgppremium/api/controller/ConfiguracaoMaquinaController.java:342:65: O parâmetro configuracao deve ser final. [FinalParameters]
[WARN] /Users/my/Documents/www/GP/apigppremium/src/main/java/br/compneusgppremium/api/controller/ConfiguracaoMaquinaController.java:348:50: Evite condicionais inline. [AvoidInlineConditionals]
[WARN] /Users/my/Documents/www/GP/apigppremium/src/main/java/br/compneusgppremium/api/controller/ConfiguracaoMaquinaController.java:349:50: Evite condicionais inline. [AvoidInlineConditionals]
[WARN] /Users/my/Documents/www/GP/apigppremium/src/main/java/br/compneusgppremium/api/controller/ConfiguracaoMaquinaController.java:350:51: Evite condicionais inline. [AvoidInlineConditionals]
[WARN] /Users/my/Documents/www/GP/apigppremium/src/main/java/br/compneusgppremium/api/controller/ConfiguracaoMaquinaController.java:351:51: Evite condicionais inline. [AvoidInlineConditionals]
[WARN] /Users/my/Documents/www/GP/apigppremium/src/main/java/br/compneusgppremium/api/controller/ConfiguracaoMaquinaController.java:361:44: O parâmetro e deve ser final. [FinalParameters]
[WARN] /Users/my/Documents/www/GP/apigppremium/src/main/java/br/compneusgppremium/api/controller/ConfiguracaoMaquinaController.java:372:39: Evite condicionais inline. [AvoidInlineConditionals]
[WARN] /Users/my/Documents/www/GP/apigppremium/src/main/java/br/compneusgppremium/api/controller/HomeController.java:10:5: A classe 'HomeController' parece ter sido projetada para extensão (permite subclasses), mas o método 'home' não tem um javadoc que explica como fazer isso de forma segura. Se a classe não é projetada para extensão, considere fazer a classe 'HomeController' ser final, tornar o método 'home' estático/final/abstrato/vazio ou adicione as anotações permitidas ao método. [DesignForExtension]
[WARN] /Users/my/Documents/www/GP/apigppremium/src/main/java/br/compneusgppremium/api/controller/HomeController.java:15:5: A classe 'HomeController' parece ter sido projetada para extensão (permite subclasses), mas o método 'status' não tem um javadoc que explica como fazer isso de forma segura. Se a classe não é projetada para extensão, considere fazer a classe 'HomeController' ser final, tornar o método 'status' estático/final/abstrato/vazio ou adicione as anotações permitidas ao método. [DesignForExtension]
[WARN] /Users/my/Documents/www/GP/apigppremium/src/main/java/br/compneusgppremium/api/controller/PneuVulcanizadoController.java:18:1: Importação duplicada na linha 9. - org.springframework.http.HttpStatus. [RedundantImport]
[WARN] /Users/my/Documents/www/GP/apigppremium/src/main/java/br/compneusgppremium/api/controller/PneuVulcanizadoController.java:20: A forma de importação '.*' deveria ser evitada - org.springframework.web.bind.annotation.*. [AvoidStarImport]
[WARN] /Users/my/Documents/www/GP/apigppremium/src/main/java/br/compneusgppremium/api/controller/PneuVulcanizadoController.java:42: A linha contém mais do que 120 caracteres (foram encontrados 139). [LineLength]
[WARN] /Users/my/Documents/www/GP/apigppremium/src/main/java/br/compneusgppremium/api/controller/PneuVulcanizadoController.java:45: A linha contém mais do que 120 caracteres (foram encontrados 141). [LineLength]
[WARN] /Users/my/Documents/www/GP/apigppremium/src/main/java/br/compneusgppremium/api/controller/PneuVulcanizadoController.java:47: A linha contém mais do que 120 caracteres (foram encontrados 123). [LineLength]
[WARN] /Users/my/Documents/www/GP/apigppremium/src/main/java/br/compneusgppremium/api/controller/PneuVulcanizadoController.java:49: A linha contém mais do que 120 caracteres (foram encontrados 122). [LineLength]
[WARN] /Users/my/Documents/www/GP/apigppremium/src/main/java/br/compneusgppremium/api/controller/PneuVulcanizadoController.java:51:51: O parâmetro dto deve ser final. [FinalParameters]
[WARN] /Users/my/Documents/www/GP/apigppremium/src/main/java/br/compneusgppremium/api/controller/PneuVulcanizadoController.java:73:13: O parâmetro page deve ser final. [FinalParameters]
[WARN] /Users/my/Documents/www/GP/apigppremium/src/main/java/br/compneusgppremium/api/controller/PneuVulcanizadoController.java:75:13: O parâmetro size deve ser final. [FinalParameters]
[WARN] /Users/my/Documents/www/GP/apigppremium/src/main/java/br/compneusgppremium/api/controller/PneuVulcanizadoController.java:77:13: O parâmetro usuarioId deve ser final. [FinalParameters]
[WARN] /Users/my/Documents/www/GP/apigppremium/src/main/java/br/compneusgppremium/api/controller/PneuVulcanizadoController.java:79:13: O parâmetro status deve ser final. [FinalParameters]
[WARN] /Users/my/Documents/www/GP/apigppremium/src/main/java/br/compneusgppremium/api/controller/PneuVulcanizadoController.java:90: A linha contém mais do que 120 caracteres (foram encontrados 122). [LineLength]
[WARN] /Users/my/Documents/www/GP/apigppremium/src/main/java/br/compneusgppremium/api/controller/PneuVulcanizadoController.java:93: A linha contém mais do que 120 caracteres (foram encontrados 141). [LineLength]
[WARN] /Users/my/Documents/www/GP/apigppremium/src/main/java/br/compneusgppremium/api/controller/PneuVulcanizadoController.java:95: A linha contém mais do que 120 caracteres (foram encontrados 122). [LineLength]
[WARN] /Users/my/Documents/www/GP/apigppremium/src/main/java/br/compneusgppremium/api/controller/PneuVulcanizadoController.java:97:42: O parâmetro id deve ser final. [FinalParameters]
[WARN] /Users/my/Documents/www/GP/apigppremium/src/main/java/br/compneusgppremium/api/controller/PneuVulcanizadoController.java:114: A linha contém mais do que 120 caracteres (foram encontrados 141). [LineLength]
[WARN] /Users/my/Documents/www/GP/apigppremium/src/main/java/br/compneusgppremium/api/controller/PneuVulcanizadoController.java:116: A linha contém mais do que 120 caracteres (foram encontrados 123). [LineLength]
[WARN] /Users/my/Documents/www/GP/apigppremium/src/main/java/br/compneusgppremium/api/controller/PneuVulcanizadoController.java:118: A linha contém mais do que 120 caracteres (foram encontrados 122). [LineLength]
[WARN] /Users/my/Documents/www/GP/apigppremium/src/main/java/br/compneusgppremium/api/controller/PneuVulcanizadoController.java:121:13: O parâmetro id deve ser final. [FinalParameters]
[WARN] /Users/my/Documents/www/GP/apigppremium/src/main/java/br/compneusgppremium/api/controller/PneuVulcanizadoController.java:122:13: O parâmetro dto deve ser final. [FinalParameters]
[WARN] /Users/my/Documents/www/GP/apigppremium/src/main/java/br/compneusgppremium/api/controller/PneuVulcanizadoController.java:142: A linha contém mais do que 120 caracteres (foram encontrados 141). [LineLength]
[WARN] /Users/my/Documents/www/GP/apigppremium/src/main/java/br/compneusgppremium/api/controller/PneuVulcanizadoController.java:144: A linha contém mais do que 120 caracteres (foram encontrados 123). [LineLength]
[WARN] /Users/my/Documents/www/GP/apigppremium/src/main/java/br/compneusgppremium/api/controller/PneuVulcanizadoController.java:146: A linha contém mais do que 120 caracteres (foram encontrados 122). [LineLength]
[WARN] /Users/my/Documents/www/GP/apigppremium/src/main/java/br/compneusgppremium/api/controller/PneuVulcanizadoController.java:148:55: O parâmetro id deve ser final. [FinalParameters]
[WARN] /Users/my/Documents/www/GP/apigppremium/src/main/java/br/compneusgppremium/api/controller/PneuVulcanizadoController.java:165: A linha contém mais do que 120 caracteres (foram encontrados 143). [LineLength]
[WARN] /Users/my/Documents/www/GP/apigppremium/src/main/java/br/compneusgppremium/api/controller/PneuVulcanizadoController.java:169:78: O parâmetro usuarioId deve ser final. [FinalParameters]
[WARN] /Users/my/Documents/www/GP/apigppremium/src/main/java/br/compneusgppremium/api/controller/PneuVulcanizadoController.java:178: A linha contém mais do que 120 caracteres (foram encontrados 142). [LineLength]
[WARN] /Users/my/Documents/www/GP/apigppremium/src/main/java/br/compneusgppremium/api/controller/PneuVulcanizadoController.java:183:13: O parâmetro status deve ser final. [FinalParameters]
[WARN] /Users/my/Documents/www/GP/apigppremium/src/main/java/br/compneusgppremium/api/controller/PneuVulcanizadoController.java:201: A linha contém mais do que 120 caracteres (foram encontrados 122). [LineLength]
[WARN] /Users/my/Documents/www/GP/apigppremium/src/main/java/br/compneusgppremium/api/controller/PneuVulcanizadoController.java:203:53: O parâmetro id deve ser final. [FinalParameters]
[WARN] /Users/my/Documents/www/GP/apigppremium/src/main/java/br/compneusgppremium/api/controller/PneuVulcanizadoController.java:222:13: O parâmetro usuarioId deve ser final. [FinalParameters]
[WARN] /Users/my/Documents/www/GP/apigppremium/src/main/java/br/compneusgppremium/api/controller/PneuVulcanizadoController.java:233:86: '+' deveria estar numa nova linha. [OperatorWrap]
[WARN] /Users/my/Documents/www/GP/apigppremium/src/main/java/br/compneusgppremium/api/controller/PneuVulcanizadoController.java:242:44: O parâmetro e deve ser final. [FinalParameters]
[WARN] /Users/my/Documents/www/GP/apigppremium/src/main/java/br/compneusgppremium/api/controller/PaisController.java:15: A forma de importação '.*' deveria ser evitada - org.springframework.web.bind.annotation.*. [AvoidStarImport]
[WARN] /Users/my/Documents/www/GP/apigppremium/src/main/java/br/compneusgppremium/api/controller/PaisController.java:28:5: A classe 'PaisController' parece ter sido projetada para extensão (permite subclasses), mas o método 'findAll' não tem um javadoc que explica como fazer isso de forma segura. Se a classe não é projetada para extensão, considere fazer a classe 'PaisController' ser final, tornar o método 'findAll' estático/final/abstrato/vazio ou adicione as anotações permitidas ao método. [DesignForExtension]
[WARN] /Users/my/Documents/www/GP/apigppremium/src/main/java/br/compneusgppremium/api/controller/PaisController.java:54:5: A classe 'PaisController' parece ter sido projetada para extensão (permite subclasses), mas o método 'consultar' não tem um javadoc que explica como fazer isso de forma segura. Se a classe não é projetada para extensão, considere fazer a classe 'PaisController' ser final, tornar o método 'consultar' estático/final/abstrato/vazio ou adicione as anotações permitidas ao método. [DesignForExtension]
[WARN] /Users/my/Documents/www/GP/apigppremium/src/main/java/br/compneusgppremium/api/controller/PaisController.java:78:9: O parâmetro id deve ser final. [FinalParameters]
[WARN] /Users/my/Documents/www/GP/apigppremium/src/main/java/br/compneusgppremium/api/controller/PaisController.java:86:5: A classe 'PaisController' parece ter sido projetada para extensão (permite subclasses), mas o método 'salvar' não tem um javadoc que explica como fazer isso de forma segura. Se a classe não é projetada para extensão, considere fazer a classe 'PaisController' ser final, tornar o método 'salvar' estático/final/abstrato/vazio ou adicione as anotações permitidas ao método. [DesignForExtension]
[WARN] /Users/my/Documents/www/GP/apigppremium/src/main/java/br/compneusgppremium/api/controller/PaisController.java:110:9: O parâmetro pais deve ser final. [FinalParameters]
[WARN] /Users/my/Documents/www/GP/apigppremium/src/main/java/br/compneusgppremium/api/controller/PaisController.java:120:5: A classe 'PaisController' parece ter sido projetada para extensão (permite subclasses), mas o método 'atualizar' não tem um javadoc que explica como fazer isso de forma segura. Se a classe não é projetada para extensão, considere fazer a classe 'PaisController' ser final, tornar o método 'atualizar' estático/final/abstrato/vazio ou adicione as anotações permitidas ao método. [DesignForExtension]
[WARN] /Users/my/Documents/www/GP/apigppremium/src/main/java/br/compneusgppremium/api/controller/PaisController.java:144:9: O parâmetro id deve ser final. [FinalParameters]
[WARN] /Users/my/Documents/www/GP/apigppremium/src/main/java/br/compneusgppremium/api/controller/PaisController.java:146:9: O parâmetro pais deve ser final. [FinalParameters]
[WARN] /Users/my/Documents/www/GP/apigppremium/src/main/java/br/compneusgppremium/api/controller/PaisController.java:157:5: A classe 'PaisController' parece ter sido projetada para extensão (permite subclasses), mas o método 'delete' não tem um javadoc que explica como fazer isso de forma segura. Se a classe não é projetada para extensão, considere fazer a classe 'PaisController' ser final, tornar o método 'delete' estático/final/abstrato/vazio ou adicione as anotações permitidas ao método. [DesignForExtension]
[WARN] /Users/my/Documents/www/GP/apigppremium/src/main/java/br/compneusgppremium/api/controller/PaisController.java:177:9: O parâmetro id deve ser final. [FinalParameters]
[WARN] /Users/my/Documents/www/GP/apigppremium/src/main/java/br/compneusgppremium/api/controller/MatrizController.java:4:8: Importação não utilizada - br.compneusgppremium.api.controller.model.PaisModel. [UnusedImports]
[WARN] /Users/my/Documents/www/GP/apigppremium/src/main/java/br/compneusgppremium/api/controller/MatrizController.java:8: A forma de importação '.*' deveria ser evitada - org.springframework.web.bind.annotation.*. [AvoidStarImport]
[WARN] /Users/my/Documents/www/GP/apigppremium/src/main/java/br/compneusgppremium/api/controller/MatrizController.java:20:5: A classe 'MatrizController' parece ter sido projetada para extensão (permite subclasses), mas o método 'findAll' não tem um javadoc que explica como fazer isso de forma segura. Se a classe não é projetada para extensão, considere fazer a classe 'MatrizController' ser final, tornar o método 'findAll' estático/final/abstrato/vazio ou adicione as anotações permitidas ao método. [DesignForExtension]
[WARN] /Users/my/Documents/www/GP/apigppremium/src/main/java/br/compneusgppremium/api/controller/MatrizController.java:28:5: A classe 'MatrizController' parece ter sido projetada para extensão (permite subclasses), mas o método 'consultar' não tem um javadoc que explica como fazer isso de forma segura. Se a classe não é projetada para extensão, considere fazer a classe 'MatrizController' ser final, tornar o método 'consultar' estático/final/abstrato/vazio ou adicione as anotações permitidas ao método. [DesignForExtension]
[WARN] /Users/my/Documents/www/GP/apigppremium/src/main/java/br/compneusgppremium/api/controller/MatrizController.java:29:37: O parâmetro id deve ser final. [FinalParameters]
[WARN] /Users/my/Documents/www/GP/apigppremium/src/main/java/br/compneusgppremium/api/controller/MatrizController.java:35:5: A classe 'MatrizController' parece ter sido projetada para extensão (permite subclasses), mas o método 'salvar' não tem um javadoc que explica como fazer isso de forma segura. Se a classe não é projetada para extensão, considere fazer a classe 'MatrizController' ser final, tornar o método 'salvar' estático/final/abstrato/vazio ou adicione as anotações permitidas ao método. [DesignForExtension]
[WARN] /Users/my/Documents/www/GP/apigppremium/src/main/java/br/compneusgppremium/api/controller/MatrizController.java:36:26: O parâmetro matriz deve ser final. [FinalParameters]
[WARN] /Users/my/Documents/www/GP/apigppremium/src/main/java/br/compneusgppremium/api/controller/MatrizController.java:43:5: A classe 'MatrizController' parece ter sido projetada para extensão (permite subclasses), mas o método 'atualizar' não tem um javadoc que explica como fazer isso de forma segura. Se a classe não é projetada para extensão, considere fazer a classe 'MatrizController' ser final, tornar o método 'atualizar' estático/final/abstrato/vazio ou adicione as anotações permitidas ao método. [DesignForExtension]
[WARN] /Users/my/Documents/www/GP/apigppremium/src/main/java/br/compneusgppremium/api/controller/MatrizController.java:44:37: O parâmetro id deve ser final. [FinalParameters]
[WARN] /Users/my/Documents/www/GP/apigppremium/src/main/java/br/compneusgppremium/api/controller/MatrizController.java:44:69: O parâmetro matriz deve ser final. [FinalParameters]
[WARN] /Users/my/Documents/www/GP/apigppremium/src/main/java/br/compneusgppremium/api/controller/MatrizController.java:52:5: A classe 'MatrizController' parece ter sido projetada para extensão (permite subclasses), mas o método 'delete' não tem um javadoc que explica como fazer isso de forma segura. Se a classe não é projetada para extensão, considere fazer a classe 'MatrizController' ser final, tornar o método 'delete' estático/final/abstrato/vazio ou adicione as anotações permitidas ao método. [DesignForExtension]
[WARN] /Users/my/Documents/www/GP/apigppremium/src/main/java/br/compneusgppremium/api/controller/MatrizController.java:53:37: O parâmetro id deve ser final. [FinalParameters]
[WARN] /Users/my/Documents/www/GP/apigppremium/src/main/java/br/compneusgppremium/api/controller/TipoValidaRegraController.java:3:8: Importação não utilizada - br.compneusgppremium.api.controller.model.PaisModel. [UnusedImports]
[WARN] /Users/my/Documents/www/GP/apigppremium/src/main/java/br/compneusgppremium/api/controller/TipoValidaRegraController.java:5:8: Importação não utilizada - br.compneusgppremium.api.repository.PaisRepository. [UnusedImports]
[WARN] /Users/my/Documents/www/GP/apigppremium/src/main/java/br/compneusgppremium/api/controller/TipoValidaRegraController.java:9: A forma de importação '.*' deveria ser evitada - org.springframework.web.bind.annotation.*. [AvoidStarImport]
[WARN] /Users/my/Documents/www/GP/apigppremium/src/main/java/br/compneusgppremium/api/controller/TipoValidaRegraController.java:20:5: A classe 'TipoValidaRegraController' parece ter sido projetada para extensão (permite subclasses), mas o método 'findAll' não tem um javadoc que explica como fazer isso de forma segura. Se a classe não é projetada para extensão, considere fazer a classe 'TipoValidaRegraController' ser final, tornar o método 'findAll' estático/final/abstrato/vazio ou adicione as anotações permitidas ao método. [DesignForExtension]
[WARN] /Users/my/Documents/www/GP/apigppremium/src/main/java/br/compneusgppremium/api/controller/TipoValidaRegraController.java:28:5: A classe 'TipoValidaRegraController' parece ter sido projetada para extensão (permite subclasses), mas o método 'consultar' não tem um javadoc que explica como fazer isso de forma segura. Se a classe não é projetada para extensão, considere fazer a classe 'TipoValidaRegraController' ser final, tornar o método 'consultar' estático/final/abstrato/vazio ou adicione as anotações permitidas ao método. [DesignForExtension]
[WARN] /Users/my/Documents/www/GP/apigppremium/src/main/java/br/compneusgppremium/api/controller/TipoValidaRegraController.java:29:37: O parâmetro id deve ser final. [FinalParameters]
[WARN] /Users/my/Documents/www/GP/apigppremium/src/main/java/br/compneusgppremium/api/controller/CarcacaRejeitadaController.java:9: A forma de importação '.*' deveria ser evitada - org.springframework.web.bind.annotation.*. [AvoidStarImport]
[WARN] /Users/my/Documents/www/GP/apigppremium/src/main/java/br/compneusgppremium/api/controller/CarcacaRejeitadaController.java:27:19: A variável 'entityManager' deveria ser privada e ter métodos acessores. [VisibilityModifier]
[WARN] /Users/my/Documents/www/GP/apigppremium/src/main/java/br/compneusgppremium/api/controller/CarcacaRejeitadaController.java:29:5: A classe 'CarcacaRejeitadaController' parece ter sido projetada para extensão (permite subclasses), mas o método 'findAll' não tem um javadoc que explica como fazer isso de forma segura. Se a classe não é projetada para extensão, considere fazer a classe 'CarcacaRejeitadaController' ser final, tornar o método 'findAll' estático/final/abstrato/vazio ou adicione as anotações permitidas ao método. [DesignForExtension]
[WARN] /Users/my/Documents/www/GP/apigppremium/src/main/java/br/compneusgppremium/api/controller/CarcacaRejeitadaController.java:34:43: '200' é um número mágico. [MagicNumber]
[WARN] /Users/my/Documents/www/GP/apigppremium/src/main/java/br/compneusgppremium/api/controller/CarcacaRejeitadaController.java:41:5: A classe 'CarcacaRejeitadaController' parece ter sido projetada para extensão (permite subclasses), mas o método 'consultar' não tem um javadoc que explica como fazer isso de forma segura. Se a classe não é projetada para extensão, considere fazer a classe 'CarcacaRejeitadaController' ser final, tornar o método 'consultar' estático/final/abstrato/vazio ou adicione as anotações permitidas ao método. [DesignForExtension]
[WARN] /Users/my/Documents/www/GP/apigppremium/src/main/java/br/compneusgppremium/api/controller/CarcacaRejeitadaController.java:42:37: O parâmetro id deve ser final. [FinalParameters]
[WARN] /Users/my/Documents/www/GP/apigppremium/src/main/java/br/compneusgppremium/api/controller/CarcacaRejeitadaController.java:48:5: A classe 'CarcacaRejeitadaController' parece ter sido projetada para extensão (permite subclasses), mas o método 'atualizar' não tem um javadoc que explica como fazer isso de forma segura. Se a classe não é projetada para extensão, considere fazer a classe 'CarcacaRejeitadaController' ser final, tornar o método 'atualizar' estático/final/abstrato/vazio ou adicione as anotações permitidas ao método. [DesignForExtension]
[WARN] /Users/my/Documents/www/GP/apigppremium/src/main/java/br/compneusgppremium/api/controller/CarcacaRejeitadaController.java:49: A linha contém mais do que 120 caracteres (foram encontrados 122). [LineLength]
[WARN] /Users/my/Documents/www/GP/apigppremium/src/main/java/br/compneusgppremium/api/controller/CarcacaRejeitadaController.java:49:37: O parâmetro id deve ser final. [FinalParameters]
[WARN] /Users/my/Documents/www/GP/apigppremium/src/main/java/br/compneusgppremium/api/controller/CarcacaRejeitadaController.java:49:69: O parâmetro carcacaRejeitada deve ser final. [FinalParameters]
[WARN] /Users/my/Documents/www/GP/apigppremium/src/main/java/br/compneusgppremium/api/controller/CarcacaRejeitadaController.java:62:5: A classe 'CarcacaRejeitadaController' parece ter sido projetada para extensão (permite subclasses), mas o método 'salvar' não tem um javadoc que explica como fazer isso de forma segura. Se a classe não é projetada para extensão, considere fazer a classe 'CarcacaRejeitadaController' ser final, tornar o método 'salvar' estático/final/abstrato/vazio ou adicione as anotações permitidas ao método. [DesignForExtension]
[WARN] /Users/my/Documents/www/GP/apigppremium/src/main/java/br/compneusgppremium/api/controller/CarcacaRejeitadaController.java:63:26: O parâmetro carcaca deve ser final. [FinalParameters]
[WARN] /Users/my/Documents/www/GP/apigppremium/src/main/java/br/compneusgppremium/api/controller/CarcacaRejeitadaController.java:64:107: '+' deveria estar numa nova linha. [OperatorWrap]
[WARN] /Users/my/Documents/www/GP/apigppremium/src/main/java/br/compneusgppremium/api/controller/CarcacaRejeitadaController.java:65:68: '+' deveria estar numa nova linha. [OperatorWrap]
[WARN] /Users/my/Documents/www/GP/apigppremium/src/main/java/br/compneusgppremium/api/controller/CarcacaRejeitadaController.java:79: A linha contém mais do que 120 caracteres (foram encontrados 139). [LineLength]
[WARN] /Users/my/Documents/www/GP/apigppremium/src/main/java/br/compneusgppremium/api/controller/CarcacaRejeitadaController.java:79:104: Evite condicionais inline. [AvoidInlineConditionals]
[WARN] /Users/my/Documents/www/GP/apigppremium/src/main/java/br/compneusgppremium/api/controller/CarcacaRejeitadaController.java:79:130: ':' não está precedido por espaço em branco. [WhitespaceAround]
[WARN] /Users/my/Documents/www/GP/apigppremium/src/main/java/br/compneusgppremium/api/controller/CarcacaRejeitadaController.java:85:5: A classe 'CarcacaRejeitadaController' parece ter sido projetada para extensão (permite subclasses), mas o método 'delete' não tem um javadoc que explica como fazer isso de forma segura. Se a classe não é projetada para extensão, considere fazer a classe 'CarcacaRejeitadaController' ser final, tornar o método 'delete' estático/final/abstrato/vazio ou adicione as anotações permitidas ao método. [DesignForExtension]
[WARN] /Users/my/Documents/www/GP/apigppremium/src/main/java/br/compneusgppremium/api/controller/CarcacaRejeitadaController.java:86:26: O parâmetro id deve ser final. [FinalParameters]
[WARN] /Users/my/Documents/www/GP/apigppremium/src/main/java/br/compneusgppremium/api/controller/CarcacaRejeitadaController.java:95: A linha contém mais do que 120 caracteres (foram encontrados 198). [LineLength]
[WARN] /Users/my/Documents/www/GP/apigppremium/src/main/java/br/compneusgppremium/api/controller/CarcacaRejeitadaController.java:95:149: Evite condicionais inline. [AvoidInlineConditionals]
[WARN] /Users/my/Documents/www/GP/apigppremium/src/main/java/br/compneusgppremium/api/controller/CarcacaRejeitadaController.java:100:5: A classe 'CarcacaRejeitadaController' parece ter sido projetada para extensão (permite subclasses), mas o método 'consultarRejeitada' não tem um javadoc que explica como fazer isso de forma segura. Se a classe não é projetada para extensão, considere fazer a classe 'CarcacaRejeitadaController' ser final, tornar o método 'consultarRejeitada' estático/final/abstrato/vazio ou adicione as anotações permitidas ao método. [DesignForExtension]
[WARN] /Users/my/Documents/www/GP/apigppremium/src/main/java/br/compneusgppremium/api/controller/CarcacaRejeitadaController.java:101:38: O parâmetro params deve ser final. [FinalParameters]
[WARN] /Users/my/Documents/www/GP/apigppremium/src/main/java/br/compneusgppremium/api/controller/CarcacaRejeitadaController.java:106:65: Evite condicionais inline. [AvoidInlineConditionals]
[WARN] /Users/my/Documents/www/GP/apigppremium/src/main/java/br/compneusgppremium/api/controller/CarcacaRejeitadaController.java:107: A estrutura 'if' deve utilizar '{}'s. [NeedBraces]
[WARN] /Users/my/Documents/www/GP/apigppremium/src/main/java/br/compneusgppremium/api/controller/CarcacaRejeitadaController.java:110:63: Evite condicionais inline. [AvoidInlineConditionals]
[WARN] /Users/my/Documents/www/GP/apigppremium/src/main/java/br/compneusgppremium/api/controller/CarcacaRejeitadaController.java:111: A estrutura 'if' deve utilizar '{}'s. [NeedBraces]
[WARN] /Users/my/Documents/www/GP/apigppremium/src/main/java/br/compneusgppremium/api/controller/CarcacaRejeitadaController.java:114:65: Evite condicionais inline. [AvoidInlineConditionals]
[WARN] /Users/my/Documents/www/GP/apigppremium/src/main/java/br/compneusgppremium/api/controller/CarcacaRejeitadaController.java:115: A estrutura 'if' deve utilizar '{}'s. [NeedBraces]
[WARN] /Users/my/Documents/www/GP/apigppremium/src/main/java/br/compneusgppremium/api/controller/CarcacaRejeitadaController.java:118:61: Evite condicionais inline. [AvoidInlineConditionals]
[WARN] /Users/my/Documents/www/GP/apigppremium/src/main/java/br/compneusgppremium/api/controller/CarcacaRejeitadaController.java:119: A estrutura 'if' deve utilizar '{}'s. [NeedBraces]
[WARN] /Users/my/Documents/www/GP/apigppremium/src/main/java/br/compneusgppremium/api/controller/MedidaController.java:3:8: Importação não utilizada - br.compneusgppremium.api.controller.model.PaisModel. [UnusedImports]
[WARN] /Users/my/Documents/www/GP/apigppremium/src/main/java/br/compneusgppremium/api/controller/MedidaController.java:13: A forma de importação '.*' deveria ser evitada - org.springframework.web.bind.annotation.*. [AvoidStarImport]
[WARN] /Users/my/Documents/www/GP/apigppremium/src/main/java/br/compneusgppremium/api/controller/MedidaController.java:26: A linha contém mais do que 120 caracteres (foram encontrados 128). [LineLength]
[WARN] /Users/my/Documents/www/GP/apigppremium/src/main/java/br/compneusgppremium/api/controller/MedidaController.java:26:5: A classe 'MedidaController' parece ter sido projetada para extensão (permite subclasses), mas o método 'findAll' não tem um javadoc que explica como fazer isso de forma segura. Se a classe não é projetada para extensão, considere fazer a classe 'MedidaController' ser final, tornar o método 'findAll' estático/final/abstrato/vazio ou adicione as anotações permitidas ao método. [DesignForExtension]
[WARN] /Users/my/Documents/www/GP/apigppremium/src/main/java/br/compneusgppremium/api/controller/MedidaController.java:39:5: A classe 'MedidaController' parece ter sido projetada para extensão (permite subclasses), mas o método 'consultar' não tem um javadoc que explica como fazer isso de forma segura. Se a classe não é projetada para extensão, considere fazer a classe 'MedidaController' ser final, tornar o método 'consultar' estático/final/abstrato/vazio ou adicione as anotações permitidas ao método. [DesignForExtension]
[WARN] /Users/my/Documents/www/GP/apigppremium/src/main/java/br/compneusgppremium/api/controller/MedidaController.java:45:37: O parâmetro id deve ser final. [FinalParameters]
[WARN] /Users/my/Documents/www/GP/apigppremium/src/main/java/br/compneusgppremium/api/controller/MedidaController.java:51:5: A classe 'MedidaController' parece ter sido projetada para extensão (permite subclasses), mas o método 'salvar' não tem um javadoc que explica como fazer isso de forma segura. Se a classe não é projetada para extensão, considere fazer a classe 'MedidaController' ser final, tornar o método 'salvar' estático/final/abstrato/vazio ou adicione as anotações permitidas ao método. [DesignForExtension]
[WARN] /Users/my/Documents/www/GP/apigppremium/src/main/java/br/compneusgppremium/api/controller/MedidaController.java:57:26: O parâmetro medida deve ser final. [FinalParameters]
[WARN] /Users/my/Documents/www/GP/apigppremium/src/main/java/br/compneusgppremium/api/controller/MedidaController.java:65:5: A classe 'MedidaController' parece ter sido projetada para extensão (permite subclasses), mas o método 'atualizar' não tem um javadoc que explica como fazer isso de forma segura. Se a classe não é projetada para extensão, considere fazer a classe 'MedidaController' ser final, tornar o método 'atualizar' estático/final/abstrato/vazio ou adicione as anotações permitidas ao método. [DesignForExtension]
[WARN] /Users/my/Documents/www/GP/apigppremium/src/main/java/br/compneusgppremium/api/controller/MedidaController.java:72: A linha contém mais do que 120 caracteres (foram encontrados 143). [LineLength]
[WARN] /Users/my/Documents/www/GP/apigppremium/src/main/java/br/compneusgppremium/api/controller/MedidaController.java:72:37: O parâmetro id deve ser final. [FinalParameters]
[WARN] /Users/my/Documents/www/GP/apigppremium/src/main/java/br/compneusgppremium/api/controller/MedidaController.java:72:110: O parâmetro medida deve ser final. [FinalParameters]
[WARN] /Users/my/Documents/www/GP/apigppremium/src/main/java/br/compneusgppremium/api/controller/MedidaController.java:81:5: A classe 'MedidaController' parece ter sido projetada para extensão (permite subclasses), mas o método 'delete' não tem um javadoc que explica como fazer isso de forma segura. Se a classe não é projetada para extensão, considere fazer a classe 'MedidaController' ser final, tornar o método 'delete' estático/final/abstrato/vazio ou adicione as anotações permitidas ao método. [DesignForExtension]
[WARN] /Users/my/Documents/www/GP/apigppremium/src/main/java/br/compneusgppremium/api/controller/MedidaController.java:87:37: O parâmetro id deve ser final. [FinalParameters]
[WARN] /Users/my/Documents/www/GP/apigppremium/src/main/java/br/compneusgppremium/api/controller/ResumoController.java:3: A forma de importação '.*' deveria ser evitada - org.springframework.web.bind.annotation.*. [AvoidStarImport]
[WARN] /Users/my/Documents/www/GP/apigppremium/src/main/java/br/compneusgppremium/api/controller/ResumoController.java:13:29: O parâmetro resumoService deve ser final. [FinalParameters]
[WARN] /Users/my/Documents/www/GP/apigppremium/src/main/java/br/compneusgppremium/api/controller/ResumoController.java:17:5: A classe 'ResumoController' parece ter sido projetada para extensão (permite subclasses), mas o método 'getResumo' não tem um javadoc que explica como fazer isso de forma segura. Se a classe não é projetada para extensão, considere fazer a classe 'ResumoController' ser final, tornar o método 'getResumo' estático/final/abstrato/vazio ou adicione as anotações permitidas ao método. [DesignForExtension]
[WARN] /Users/my/Documents/www/GP/apigppremium/src/main/java/br/compneusgppremium/api/controller/ResumoController.java:18:40: O parâmetro entidade deve ser final. [FinalParameters]
[WARN] /Users/my/Documents/www/GP/apigppremium/src/main/java/br/compneusgppremium/api/controller/QualidadeController.java:3: A forma de importação '.*' deveria ser evitada - br.compneusgppremium.api.controller.model.*. [AvoidStarImport]
[WARN] /Users/my/Documents/www/GP/apigppremium/src/main/java/br/compneusgppremium/api/controller/QualidadeController.java:18: A forma de importação '.*' deveria ser evitada - org.springframework.web.bind.annotation.*. [AvoidStarImport]
[WARN] /Users/my/Documents/www/GP/apigppremium/src/main/java/br/compneusgppremium/api/controller/QualidadeController.java:42:19: A variável 'entityManager' deveria ser privada e ter métodos acessores. [VisibilityModifier]
[WARN] /Users/my/Documents/www/GP/apigppremium/src/main/java/br/compneusgppremium/api/controller/QualidadeController.java:51: A linha contém mais do que 120 caracteres (foram encontrados 150). [LineLength]
[WARN] /Users/my/Documents/www/GP/apigppremium/src/main/java/br/compneusgppremium/api/controller/QualidadeController.java:51:5: A classe 'QualidadeController' parece ter sido projetada para extensão (permite subclasses), mas o método 'findAll' não tem um javadoc que explica como fazer isso de forma segura. Se a classe não é projetada para extensão, considere fazer a classe 'QualidadeController' ser final, tornar o método 'findAll' estático/final/abstrato/vazio ou adicione as anotações permitidas ao método. [DesignForExtension]
[WARN] /Users/my/Documents/www/GP/apigppremium/src/main/java/br/compneusgppremium/api/controller/QualidadeController.java:61:43: '100' é um número mágico. [MagicNumber]
[WARN] /Users/my/Documents/www/GP/apigppremium/src/main/java/br/compneusgppremium/api/controller/QualidadeController.java:67: A linha contém mais do que 120 caracteres (foram encontrados 139). [LineLength]
[WARN] /Users/my/Documents/www/GP/apigppremium/src/main/java/br/compneusgppremium/api/controller/QualidadeController.java:67:5: A classe 'QualidadeController' parece ter sido projetada para extensão (permite subclasses), mas o método 'consultar' não tem um javadoc que explica como fazer isso de forma segura. Se a classe não é projetada para extensão, considere fazer a classe 'QualidadeController' ser final, tornar o método 'consultar' estático/final/abstrato/vazio ou adicione as anotações permitidas ao método. [DesignForExtension]
[WARN] /Users/my/Documents/www/GP/apigppremium/src/main/java/br/compneusgppremium/api/controller/QualidadeController.java:73: A linha contém mais do que 120 caracteres (foram encontrados 125). [LineLength]
[WARN] /Users/my/Documents/www/GP/apigppremium/src/main/java/br/compneusgppremium/api/controller/QualidadeController.java:73:37: O parâmetro id deve ser final. [FinalParameters]
[WARN] /Users/my/Documents/www/GP/apigppremium/src/main/java/br/compneusgppremium/api/controller/QualidadeController.java:79:5: A classe 'QualidadeController' parece ter sido projetada para extensão (permite subclasses), mas o método 'atualizar' não tem um javadoc que explica como fazer isso de forma segura. Se a classe não é projetada para extensão, considere fazer a classe 'QualidadeController' ser final, tornar o método 'atualizar' estático/final/abstrato/vazio ou adicione as anotações permitidas ao método. [DesignForExtension]
[WARN] /Users/my/Documents/www/GP/apigppremium/src/main/java/br/compneusgppremium/api/controller/QualidadeController.java:85: A linha contém mais do que 120 caracteres (foram encontrados 164). [LineLength]
[WARN] /Users/my/Documents/www/GP/apigppremium/src/main/java/br/compneusgppremium/api/controller/QualidadeController.java:85:37: O parâmetro id deve ser final. [FinalParameters]
[WARN] /Users/my/Documents/www/GP/apigppremium/src/main/java/br/compneusgppremium/api/controller/QualidadeController.java:85:125: O parâmetro qualidade deve ser final. [FinalParameters]
[WARN] /Users/my/Documents/www/GP/apigppremium/src/main/java/br/compneusgppremium/api/controller/QualidadeController.java:96:5: A classe 'QualidadeController' parece ter sido projetada para extensão (permite subclasses), mas o método 'salvar' não tem um javadoc que explica como fazer isso de forma segura. Se a classe não é projetada para extensão, considere fazer a classe 'QualidadeController' ser final, tornar o método 'salvar' estático/final/abstrato/vazio ou adicione as anotações permitidas ao método. [DesignForExtension]
[WARN] /Users/my/Documents/www/GP/apigppremium/src/main/java/br/compneusgppremium/api/controller/QualidadeController.java:103:26: O parâmetro qualidade deve ser final. [FinalParameters]
[WARN] /Users/my/Documents/www/GP/apigppremium/src/main/java/br/compneusgppremium/api/controller/QualidadeController.java:111: A linha contém mais do que 120 caracteres (foram encontrados 129). [LineLength]
[WARN] /Users/my/Documents/www/GP/apigppremium/src/main/java/br/compneusgppremium/api/controller/QualidadeController.java:111:102: Evite condicionais inline. [AvoidInlineConditionals]
[WARN] /Users/my/Documents/www/GP/apigppremium/src/main/java/br/compneusgppremium/api/controller/QualidadeController.java:117:96: Evite condicionais inline. [AvoidInlineConditionals]
[WARN] /Users/my/Documents/www/GP/apigppremium/src/main/java/br/compneusgppremium/api/controller/QualidadeController.java:117:98: '3' é um número mágico. [MagicNumber]
[WARN] /Users/my/Documents/www/GP/apigppremium/src/main/java/br/compneusgppremium/api/controller/QualidadeController.java:117:102: '4' é um número mágico. [MagicNumber]
[WARN] /Users/my/Documents/www/GP/apigppremium/src/main/java/br/compneusgppremium/api/controller/QualidadeController.java:131: A linha contém mais do que 120 caracteres (foram encontrados 136). [LineLength]
[WARN] /Users/my/Documents/www/GP/apigppremium/src/main/java/br/compneusgppremium/api/controller/QualidadeController.java:131:109: Evite condicionais inline. [AvoidInlineConditionals]
[WARN] /Users/my/Documents/www/GP/apigppremium/src/main/java/br/compneusgppremium/api/controller/QualidadeController.java:137:5: A classe 'QualidadeController' parece ter sido projetada para extensão (permite subclasses), mas o método 'delete' não tem um javadoc que explica como fazer isso de forma segura. Se a classe não é projetada para extensão, considere fazer a classe 'QualidadeController' ser final, tornar o método 'delete' estático/final/abstrato/vazio ou adicione as anotações permitidas ao método. [DesignForExtension]
[WARN] /Users/my/Documents/www/GP/apigppremium/src/main/java/br/compneusgppremium/api/controller/QualidadeController.java:143:26: O parâmetro id deve ser final. [FinalParameters]
[WARN] /Users/my/Documents/www/GP/apigppremium/src/main/java/br/compneusgppremium/api/controller/QualidadeController.java:152: A linha contém mais do que 120 caracteres (foram encontrados 188). [LineLength]
[WARN] /Users/my/Documents/www/GP/apigppremium/src/main/java/br/compneusgppremium/api/controller/QualidadeController.java:152:139: Evite condicionais inline. [AvoidInlineConditionals]
[WARN] /Users/my/Documents/www/GP/apigppremium/src/main/java/br/compneusgppremium/api/controller/QualidadeController.java:156: A linha contém mais do que 120 caracteres (foram encontrados 129). [LineLength]
[WARN] /Users/my/Documents/www/GP/apigppremium/src/main/java/br/compneusgppremium/api/controller/QualidadeController.java:156:5: A classe 'QualidadeController' parece ter sido projetada para extensão (permite subclasses), mas o método 'consultarPneu' não tem um javadoc que explica como fazer isso de forma segura. Se a classe não é projetada para extensão, considere fazer a classe 'QualidadeController' ser final, tornar o método 'consultarPneu' estático/final/abstrato/vazio ou adicione as anotações permitidas ao método. [DesignForExtension]
[WARN] /Users/my/Documents/www/GP/apigppremium/src/main/java/br/compneusgppremium/api/controller/QualidadeController.java:163: A linha contém mais do que 120 caracteres (foram encontrados 121). [LineLength]
[WARN] /Users/my/Documents/www/GP/apigppremium/src/main/java/br/compneusgppremium/api/controller/QualidadeController.java:163:33: O parâmetro etiqueta deve ser final. [FinalParameters]
[WARN] /Users/my/Documents/www/GP/apigppremium/src/main/java/br/compneusgppremium/api/controller/QualidadeController.java:173: A linha contém mais do que 120 caracteres (foram encontrados 217). [LineLength]
[WARN] /Users/my/Documents/www/GP/apigppremium/src/main/java/br/compneusgppremium/api/controller/QualidadeController.java:173:168: Evite condicionais inline. [AvoidInlineConditionals]
[WARN] /Users/my/Documents/www/GP/apigppremium/src/main/java/br/compneusgppremium/api/controller/TipoObservacaoController.java:8: A forma de importação '.*' deveria ser evitada - org.springframework.web.bind.annotation.*. [AvoidStarImport]
[WARN] /Users/my/Documents/www/GP/apigppremium/src/main/java/br/compneusgppremium/api/controller/TipoObservacaoController.java:24:19: A variável 'entityManager' deveria ser privada e ter métodos acessores. [VisibilityModifier]
[WARN] /Users/my/Documents/www/GP/apigppremium/src/main/java/br/compneusgppremium/api/controller/TipoObservacaoController.java:26:5: A classe 'TipoObservacaoController' parece ter sido projetada para extensão (permite subclasses), mas o método 'findAll' não tem um javadoc que explica como fazer isso de forma segura. Se a classe não é projetada para extensão, considere fazer a classe 'TipoObservacaoController' ser final, tornar o método 'findAll' estático/final/abstrato/vazio ou adicione as anotações permitidas ao método. [DesignForExtension]
[WARN] /Users/my/Documents/www/GP/apigppremium/src/main/java/br/compneusgppremium/api/controller/TipoObservacaoController.java:34:5: A classe 'TipoObservacaoController' parece ter sido projetada para extensão (permite subclasses), mas o método 'consultar' não tem um javadoc que explica como fazer isso de forma segura. Se a classe não é projetada para extensão, considere fazer a classe 'TipoObservacaoController' ser final, tornar o método 'consultar' estático/final/abstrato/vazio ou adicione as anotações permitidas ao método. [DesignForExtension]
[WARN] /Users/my/Documents/www/GP/apigppremium/src/main/java/br/compneusgppremium/api/controller/TipoObservacaoController.java:35:37: O parâmetro id deve ser final. [FinalParameters]
[WARN] /Users/my/Documents/www/GP/apigppremium/src/main/java/br/compneusgppremium/api/controller/TipoObservacaoController.java:41:5: A classe 'TipoObservacaoController' parece ter sido projetada para extensão (permite subclasses), mas o método 'salvar' não tem um javadoc que explica como fazer isso de forma segura. Se a classe não é projetada para extensão, considere fazer a classe 'TipoObservacaoController' ser final, tornar o método 'salvar' estático/final/abstrato/vazio ou adicione as anotações permitidas ao método. [DesignForExtension]
[WARN] /Users/my/Documents/www/GP/apigppremium/src/main/java/br/compneusgppremium/api/controller/TipoObservacaoController.java:42:26: O parâmetro value deve ser final. [FinalParameters]
[WARN] /Users/my/Documents/www/GP/apigppremium/src/main/java/br/compneusgppremium/api/controller/TipoObservacaoController.java:50:5: A classe 'TipoObservacaoController' parece ter sido projetada para extensão (permite subclasses), mas o método 'atualizar' não tem um javadoc que explica como fazer isso de forma segura. Se a classe não é projetada para extensão, considere fazer a classe 'TipoObservacaoController' ser final, tornar o método 'atualizar' estático/final/abstrato/vazio ou adicione as anotações permitidas ao método. [DesignForExtension]
[WARN] /Users/my/Documents/www/GP/apigppremium/src/main/java/br/compneusgppremium/api/controller/TipoObservacaoController.java:51:37: O parâmetro id deve ser final. [FinalParameters]
[WARN] /Users/my/Documents/www/GP/apigppremium/src/main/java/br/compneusgppremium/api/controller/TipoObservacaoController.java:51:69: O parâmetro value deve ser final. [FinalParameters]
[WARN] /Users/my/Documents/www/GP/apigppremium/src/main/java/br/compneusgppremium/api/controller/TipoObservacaoController.java:60:5: A classe 'TipoObservacaoController' parece ter sido projetada para extensão (permite subclasses), mas o método 'delete' não tem um javadoc que explica como fazer isso de forma segura. Se a classe não é projetada para extensão, considere fazer a classe 'TipoObservacaoController' ser final, tornar o método 'delete' estático/final/abstrato/vazio ou adicione as anotações permitidas ao método. [DesignForExtension]
[WARN] /Users/my/Documents/www/GP/apigppremium/src/main/java/br/compneusgppremium/api/controller/TipoObservacaoController.java:61:37: O parâmetro id deve ser final. [FinalParameters]
[WARN] /Users/my/Documents/www/GP/apigppremium/src/main/java/br/compneusgppremium/api/controller/TipoObservacaoController.java:69:5: A classe 'TipoObservacaoController' parece ter sido projetada para extensão (permite subclasses), mas o método 'consultarProducao' não tem um javadoc que explica como fazer isso de forma segura. Se a classe não é projetada para extensão, considere fazer a classe 'TipoObservacaoController' ser final, tornar o método 'consultarProducao' estático/final/abstrato/vazio ou adicione as anotações permitidas ao método. [DesignForExtension]
[WARN] /Users/my/Documents/www/GP/apigppremium/src/main/java/br/compneusgppremium/api/controller/TipoObservacaoController.java:70:37: O parâmetro params deve ser final. [FinalParameters]
[WARN] /Users/my/Documents/www/GP/apigppremium/src/main/java/br/compneusgppremium/api/controller/TipoObservacaoController.java:72: A linha contém mais do que 120 caracteres (foram encontrados 121). [LineLength]
[WARN] /Users/my/Documents/www/GP/apigppremium/src/main/java/br/compneusgppremium/api/controller/TipoObservacaoController.java:72:121: Instrução vazia. [EmptyStatement]
[WARN] /Users/my/Documents/www/GP/apigppremium/src/main/java/br/compneusgppremium/api/controller/TipoObservacaoController.java:99:43: '50' é um número mágico. [MagicNumber]
[WARN] /Users/my/Documents/www/GP/apigppremium/src/main/java/br/compneusgppremium/api/controller/PerfilController.java:7: A forma de importação '.*' deveria ser evitada - org.springframework.web.bind.annotation.*. [AvoidStarImport]
[WARN] /Users/my/Documents/www/GP/apigppremium/src/main/java/br/compneusgppremium/api/controller/PerfilController.java:18:5: A classe 'PerfilController' parece ter sido projetada para extensão (permite subclasses), mas o método 'findAll' não tem um javadoc que explica como fazer isso de forma segura. Se a classe não é projetada para extensão, considere fazer a classe 'PerfilController' ser final, tornar o método 'findAll' estático/final/abstrato/vazio ou adicione as anotações permitidas ao método. [DesignForExtension]
[WARN] /Users/my/Documents/www/GP/apigppremium/src/main/java/br/compneusgppremium/api/controller/PerfilController.java:24:5: A classe 'PerfilController' parece ter sido projetada para extensão (permite subclasses), mas o método 'consultar' não tem um javadoc que explica como fazer isso de forma segura. Se a classe não é projetada para extensão, considere fazer a classe 'PerfilController' ser final, tornar o método 'consultar' estático/final/abstrato/vazio ou adicione as anotações permitidas ao método. [DesignForExtension]
[WARN] /Users/my/Documents/www/GP/apigppremium/src/main/java/br/compneusgppremium/api/controller/PerfilController.java:25:50: O parâmetro id deve ser final. [FinalParameters]
[WARN] /Users/my/Documents/www/GP/apigppremium/src/main/java/br/compneusgppremium/api/controller/PerfilController.java:31:5: A classe 'PerfilController' parece ter sido projetada para extensão (permite subclasses), mas o método 'salvar' não tem um javadoc que explica como fazer isso de forma segura. Se a classe não é projetada para extensão, considere fazer a classe 'PerfilController' ser final, tornar o método 'salvar' estático/final/abstrato/vazio ou adicione as anotações permitidas ao método. [DesignForExtension]
[WARN] /Users/my/Documents/www/GP/apigppremium/src/main/java/br/compneusgppremium/api/controller/PerfilController.java:32:37: O parâmetro perfil deve ser final. [FinalParameters]
[WARN] /Users/my/Documents/www/GP/apigppremium/src/main/java/br/compneusgppremium/api/controller/PerfilController.java:37:42: '500' é um número mágico. [MagicNumber]
[WARN] /Users/my/Documents/www/GP/apigppremium/src/main/java/br/compneusgppremium/api/controller/UsuarioController.java:20: A forma de importação '.*' deveria ser evitada - org.springframework.web.bind.annotation.*. [AvoidStarImport]
[WARN] /Users/my/Documents/www/GP/apigppremium/src/main/java/br/compneusgppremium/api/controller/UsuarioController.java:44:5: A classe 'UsuarioController' parece ter sido projetada para extensão (permite subclasses), mas o método 'findAll' não tem um javadoc que explica como fazer isso de forma segura. Se a classe não é projetada para extensão, considere fazer a classe 'UsuarioController' ser final, tornar o método 'findAll' estático/final/abstrato/vazio ou adicione as anotações permitidas ao método. [DesignForExtension]
[WARN] /Users/my/Documents/www/GP/apigppremium/src/main/java/br/compneusgppremium/api/controller/UsuarioController.java:69:5: A classe 'UsuarioController' parece ter sido projetada para extensão (permite subclasses), mas o método 'obterUsuarioLogado' não tem um javadoc que explica como fazer isso de forma segura. Se a classe não é projetada para extensão, considere fazer a classe 'UsuarioController' ser final, tornar o método 'obterUsuarioLogado' estático/final/abstrato/vazio ou adicione as anotações permitidas ao método. [DesignForExtension]
[WARN] /Users/my/Documents/www/GP/apigppremium/src/main/java/br/compneusgppremium/api/controller/UsuarioController.java:100:42: '401' é um número mágico. [MagicNumber]
[WARN] /Users/my/Documents/www/GP/apigppremium/src/main/java/br/compneusgppremium/api/controller/UsuarioController.java:104:5: A classe 'UsuarioController' parece ter sido projetada para extensão (permite subclasses), mas o método 'consultar' não tem um javadoc que explica como fazer isso de forma segura. Se a classe não é projetada para extensão, considere fazer a classe 'UsuarioController' ser final, tornar o método 'consultar' estático/final/abstrato/vazio ou adicione as anotações permitidas ao método. [DesignForExtension]
[WARN] /Users/my/Documents/www/GP/apigppremium/src/main/java/br/compneusgppremium/api/controller/UsuarioController.java:128:9: O parâmetro id deve ser final. [FinalParameters]
[WARN] /Users/my/Documents/www/GP/apigppremium/src/main/java/br/compneusgppremium/api/controller/UsuarioController.java:136:5: A classe 'UsuarioController' parece ter sido projetada para extensão (permite subclasses), mas o método 'criarUsuario' não tem um javadoc que explica como fazer isso de forma segura. Se a classe não é projetada para extensão, considere fazer a classe 'UsuarioController' ser final, tornar o método 'criarUsuario' estático/final/abstrato/vazio ou adicione as anotações permitidas ao método. [DesignForExtension]
[WARN] /Users/my/Documents/www/GP/apigppremium/src/main/java/br/compneusgppremium/api/controller/UsuarioController.java:165:9: O parâmetro usuarioRequest deve ser final. [FinalParameters]
[WARN] /Users/my/Documents/www/GP/apigppremium/src/main/java/br/compneusgppremium/api/controller/UsuarioController.java:180:42: '201' é um número mágico. [MagicNumber]
[WARN] /Users/my/Documents/www/GP/apigppremium/src/main/java/br/compneusgppremium/api/controller/UsuarioController.java:183:42: '500' é um número mágico. [MagicNumber]
[WARN] /Users/my/Documents/www/GP/apigppremium/src/main/java/br/compneusgppremium/api/controller/UsuarioController.java:186:5: A classe 'UsuarioController' parece ter sido projetada para extensão (permite subclasses), mas o método 'atualizarUsuario' não tem um javadoc que explica como fazer isso de forma segura. Se a classe não é projetada para extensão, considere fazer a classe 'UsuarioController' ser final, tornar o método 'atualizarUsuario' estático/final/abstrato/vazio ou adicione as anotações permitidas ao método. [DesignForExtension]
[WARN] /Users/my/Documents/www/GP/apigppremium/src/main/java/br/compneusgppremium/api/controller/UsuarioController.java:215:9: O parâmetro id deve ser final. [FinalParameters]
[WARN] /Users/my/Documents/www/GP/apigppremium/src/main/java/br/compneusgppremium/api/controller/UsuarioController.java:217:9: O parâmetro usuarioRequest deve ser final. [FinalParameters]
[WARN] /Users/my/Documents/www/GP/apigppremium/src/main/java/br/compneusgppremium/api/controller/UsuarioController.java:242:5: A classe 'UsuarioController' parece ter sido projetada para extensão (permite subclasses), mas o método 'delete' não tem um javadoc que explica como fazer isso de forma segura. Se a classe não é projetada para extensão, considere fazer a classe 'UsuarioController' ser final, tornar o método 'delete' estático/final/abstrato/vazio ou adicione as anotações permitidas ao método. [DesignForExtension]
[WARN] /Users/my/Documents/www/GP/apigppremium/src/main/java/br/compneusgppremium/api/controller/UsuarioController.java:262:9: O parâmetro id deve ser final. [FinalParameters]
[WARN] /Users/my/Documents/www/GP/apigppremium/src/main/java/br/compneusgppremium/api/controller/UsuarioController.java:273:35: O parâmetro login deve ser final. [FinalParameters]
[WARN] /Users/my/Documents/www/GP/apigppremium/src/main/java/br/compneusgppremium/api/controller/UsuarioController.java:277:36: O parâmetro usuario deve ser final. [FinalParameters]
[WARN] /Users/my/Documents/www/GP/apigppremium/src/main/java/br/compneusgppremium/api/controller/UsuarioController.java:281:55: O parâmetro perfisEnviados deve ser final. [FinalParameters]
[WARN] /Users/my/Documents/www/GP/apigppremium/src/main/java/br/compneusgppremium/api/controller/UsuarioController.java:296:47: O parâmetro perfis deve ser final. [FinalParameters]
[WARN] /Users/my/Documents/www/GP/apigppremium/src/main/java/br/compneusgppremium/api/controller/UsuarioController.java:304:50: O parâmetro idsPerfis deve ser final. [FinalParameters]
[WARN] /Users/my/Documents/www/GP/apigppremium/src/main/java/br/compneusgppremium/api/GpPremiumApplication.java:15:1: A linha contém um caractere de tabulação. [FileTabCharacter]
[WARN] /Users/my/Documents/www/GP/apigppremium/src/main/java/br/compneusgppremium/api/GpPremiumApplication.java:15:9: A classe 'GpPremiumApplication' parece ter sido projetada para extensão (permite subclasses), mas o método 'configure' não tem um javadoc que explica como fazer isso de forma segura. Se a classe não é projetada para extensão, considere fazer a classe 'GpPremiumApplication' ser final, tornar o método 'configure' estático/final/abstrato/vazio ou adicione as anotações permitidas ao método. [DesignForExtension]
[WARN] /Users/my/Documents/www/GP/apigppremium/src/main/java/br/compneusgppremium/api/GpPremiumApplication.java:16:1: A linha contém um caractere de tabulação. [FileTabCharacter]
[WARN] /Users/my/Documents/www/GP/apigppremium/src/main/java/br/compneusgppremium/api/GpPremiumApplication.java:16:54: O parâmetro builder deve ser final. [FinalParameters]
[WARN] /Users/my/Documents/www/GP/apigppremium/src/main/java/br/compneusgppremium/api/GpPremiumApplication.java:16:87: '{' não está precedido por espaço em branco. [WhitespaceAround]
[WARN] /Users/my/Documents/www/GP/apigppremium/src/main/java/br/compneusgppremium/api/GpPremiumApplication.java:17:1: A linha contém um caractere de tabulação. [FileTabCharacter]
[WARN] /Users/my/Documents/www/GP/apigppremium/src/main/java/br/compneusgppremium/api/GpPremiumApplication.java:18:1: A linha contém um caractere de tabulação. [FileTabCharacter]
[WARN] /Users/my/Documents/www/GP/apigppremium/src/main/java/br/compneusgppremium/api/GpPremiumApplication.java:19:1: A linha contém um caractere de tabulação. [FileTabCharacter]
[WARN] /Users/my/Documents/www/GP/apigppremium/src/main/java/br/compneusgppremium/api/GpPremiumApplication.java:19:9: A classe 'GpPremiumApplication' parece ter sido projetada para extensão (permite subclasses), mas o método 'init' não tem um javadoc que explica como fazer isso de forma segura. Se a classe não é projetada para extensão, considere fazer a classe 'GpPremiumApplication' ser final, tornar o método 'init' estático/final/abstrato/vazio ou adicione as anotações permitidas ao método. [DesignForExtension]
[WARN] /Users/my/Documents/www/GP/apigppremium/src/main/java/br/compneusgppremium/api/GpPremiumApplication.java:20:1: A linha contém um caractere de tabulação. [FileTabCharacter]
[WARN] /Users/my/Documents/www/GP/apigppremium/src/main/java/br/compneusgppremium/api/GpPremiumApplication.java:20:27: '{' não está precedido por espaço em branco. [WhitespaceAround]
[WARN] /Users/my/Documents/www/GP/apigppremium/src/main/java/br/compneusgppremium/api/GpPremiumApplication.java:21:1: A linha contém um caractere de tabulação. [FileTabCharacter]
[WARN] /Users/my/Documents/www/GP/apigppremium/src/main/java/br/compneusgppremium/api/GpPremiumApplication.java:22:1: A linha contém um caractere de tabulação. [FileTabCharacter]
[WARN] /Users/my/Documents/www/GP/apigppremium/src/main/java/br/compneusgppremium/api/GpPremiumApplication.java:24:1: A linha contém um caractere de tabulação. [FileTabCharacter]
[WARN] /Users/my/Documents/www/GP/apigppremium/src/main/java/br/compneusgppremium/api/GpPremiumApplication.java:24:33: O parâmetro args deve ser final. [FinalParameters]
[WARN] /Users/my/Documents/www/GP/apigppremium/src/main/java/br/compneusgppremium/api/GpPremiumApplication.java:25:1: A linha contém um caractere de tabulação. [FileTabCharacter]
[WARN] /Users/my/Documents/www/GP/apigppremium/src/main/java/br/compneusgppremium/api/GpPremiumApplication.java:26:1: A linha contém um caractere de tabulação. [FileTabCharacter]
[WARN] /Users/my/Documents/www/GP/apigppremium/src/main/java/br/compneusgppremium/api/service/AutenticacaoService.java:17:5: A classe 'AutenticacaoService' parece ter sido projetada para extensão (permite subclasses), mas o método 'loadUserByUsername' não tem um javadoc que explica como fazer isso de forma segura. Se a classe não é projetada para extensão, considere fazer a classe 'AutenticacaoService' ser final, tornar o método 'loadUserByUsername' estático/final/abstrato/vazio ou adicione as anotações permitidas ao método. [DesignForExtension]
[WARN] /Users/my/Documents/www/GP/apigppremium/src/main/java/br/compneusgppremium/api/service/AutenticacaoService.java:18:43: O parâmetro username deve ser final. [FinalParameters]
[WARN] /Users/my/Documents/www/GP/apigppremium/src/main/java/br/compneusgppremium/api/service/AutenticacaoService.java:20:8: 'if' não está seguido de espaço em branco. [WhitespaceAround]
[WARN] /Users/my/Documents/www/GP/apigppremium/src/main/java/br/compneusgppremium/api/service/AutenticacaoService.java:20:31: '{' não está precedido por espaço em branco. [WhitespaceAround]
[WARN] /Users/my/Documents/www/GP/apigppremium/src/main/java/br/compneusgppremium/api/service/FilesStorageServiceImpl.java:11:8: Importação não utilizada - org.springframework.beans.factory.annotation.Autowired. [UnusedImports]
[WARN] /Users/my/Documents/www/GP/apigppremium/src/main/java/br/compneusgppremium/api/service/FilesStorageServiceImpl.java:18:8: Importação não utilizada - javax.servlet.ServletContext. [UnusedImports]
[WARN] /Users/my/Documents/www/GP/apigppremium/src/main/java/br/compneusgppremium/api/service/FilesStorageServiceImpl.java:19:8: Importação não utilizada - javax.servlet.ServletOutputStream. [UnusedImports]
[WARN] /Users/my/Documents/www/GP/apigppremium/src/main/java/br/compneusgppremium/api/service/FilesStorageServiceImpl.java:24:24: O nome 'root_p' deve condizer com o padrão '^[a-z][a-zA-Z0-9]*$'. [MemberName]
[WARN] /Users/my/Documents/www/GP/apigppremium/src/main/java/br/compneusgppremium/api/service/FilesStorageServiceImpl.java:25:24: O nome 'root_cred_p' deve condizer com o padrão '^[a-z][a-zA-Z0-9]*$'. [MemberName]
[WARN] /Users/my/Documents/www/GP/apigppremium/src/main/java/br/compneusgppremium/api/service/FilesStorageServiceImpl.java:28:24: O nome 'root_cred' deve condizer com o padrão '^[a-z][a-zA-Z0-9]*$'. [MemberName]
[WARN] /Users/my/Documents/www/GP/apigppremium/src/main/java/br/compneusgppremium/api/service/FilesStorageServiceImpl.java:30:5: A classe 'FilesStorageServiceImpl' parece ter sido projetada para extensão (permite subclasses), mas o método 'init' não tem um javadoc que explica como fazer isso de forma segura. Se a classe não é projetada para extensão, considere fazer a classe 'FilesStorageServiceImpl' ser final, tornar o método 'init' estático/final/abstrato/vazio ou adicione as anotações permitidas ao método. [DesignForExtension]
[WARN] /Users/my/Documents/www/GP/apigppremium/src/main/java/br/compneusgppremium/api/service/FilesStorageServiceImpl.java:44:5: A classe 'FilesStorageServiceImpl' parece ter sido projetada para extensão (permite subclasses), mas o método 'save' não tem um javadoc que explica como fazer isso de forma segura. Se a classe não é projetada para extensão, considere fazer a classe 'FilesStorageServiceImpl' ser final, tornar o método 'save' estático/final/abstrato/vazio ou adicione as anotações permitidas ao método. [DesignForExtension]
[WARN] /Users/my/Documents/www/GP/apigppremium/src/main/java/br/compneusgppremium/api/service/FilesStorageServiceImpl.java:45:22: O parâmetro file deve ser final. [FinalParameters]
[WARN] /Users/my/Documents/www/GP/apigppremium/src/main/java/br/compneusgppremium/api/service/FilesStorageServiceImpl.java:53:5: A classe 'FilesStorageServiceImpl' parece ter sido projetada para extensão (permite subclasses), mas o método 'load' não tem um javadoc que explica como fazer isso de forma segura. Se a classe não é projetada para extensão, considere fazer a classe 'FilesStorageServiceImpl' ser final, tornar o método 'load' estático/final/abstrato/vazio ou adicione as anotações permitidas ao método. [DesignForExtension]
[WARN] /Users/my/Documents/www/GP/apigppremium/src/main/java/br/compneusgppremium/api/service/FilesStorageServiceImpl.java:54:26: O parâmetro filename deve ser final. [FinalParameters]
[WARN] /Users/my/Documents/www/GP/apigppremium/src/main/java/br/compneusgppremium/api/service/FilesStorageServiceImpl.java:69:5: A classe 'FilesStorageServiceImpl' parece ter sido projetada para extensão (permite subclasses), mas o método 'deleteAll' não tem um javadoc que explica como fazer isso de forma segura. Se a classe não é projetada para extensão, considere fazer a classe 'FilesStorageServiceImpl' ser final, tornar o método 'deleteAll' estático/final/abstrato/vazio ou adicione as anotações permitidas ao método. [DesignForExtension]
[WARN] /Users/my/Documents/www/GP/apigppremium/src/main/java/br/compneusgppremium/api/service/FilesStorageServiceImpl.java:74:5: A classe 'FilesStorageServiceImpl' parece ter sido projetada para extensão (permite subclasses), mas o método 'loadAll' não tem um javadoc que explica como fazer isso de forma segura. Se a classe não é projetada para extensão, considere fazer a classe 'FilesStorageServiceImpl' ser final, tornar o método 'loadAll' estático/final/abstrato/vazio ou adicione as anotações permitidas ao método. [DesignForExtension]
[WARN] /Users/my/Documents/www/GP/apigppremium/src/main/java/br/compneusgppremium/api/service/FilesStorageServiceImpl.java:83:28: O parâmetro path_place deve ser final. [FinalParameters]
[WARN] /Users/my/Documents/www/GP/apigppremium/src/main/java/br/compneusgppremium/api/service/FilesStorageServiceImpl.java:83:33: O nome 'path_place' deve condizer com o padrão '^[a-z][a-zA-Z0-9]*$'. [ParameterName]
[WARN] /Users/my/Documents/www/GP/apigppremium/src/main/java/br/compneusgppremium/api/service/ProducaoPesquisaService.java:13:1: Classes utilitárias não deveriam ter construtores públicos ou com visibilidade de pacote. [HideUtilityClassConstructor]
[WARN] /Users/my/Documents/www/GP/apigppremium/src/main/java/br/compneusgppremium/api/service/ProducaoPesquisaService.java:14:1: O '{' na coluna 1 deveria estar na linha anterior. [LeftCurly]
[WARN] /Users/my/Documents/www/GP/apigppremium/src/main/java/br/compneusgppremium/api/service/ProducaoPesquisaService.java:18:58: O parâmetro filtro deve ser final. [FinalParameters]
[WARN] /Users/my/Documents/www/GP/apigppremium/src/main/java/br/compneusgppremium/api/service/ResumoService.java:13:26: O parâmetro repository deve ser final. [FinalParameters]
[WARN] /Users/my/Documents/www/GP/apigppremium/src/main/java/br/compneusgppremium/api/service/ResumoService.java:17:5: A classe 'ResumoService' parece ter sido projetada para extensão (permite subclasses), mas o método 'getResumo' não tem um javadoc que explica como fazer isso de forma segura. Se a classe não é projetada para extensão, considere fazer a classe 'ResumoService' ser final, tornar o método 'getResumo' estático/final/abstrato/vazio ou adicione as anotações permitidas ao método. [DesignForExtension]
[WARN] /Users/my/Documents/www/GP/apigppremium/src/main/java/br/compneusgppremium/api/service/ResumoService.java:17:40: O parâmetro entidade deve ser final. [FinalParameters]
[WARN] /Users/my/Documents/www/GP/apigppremium/src/main/java/br/compneusgppremium/api/service/PneuVulcanizadoService.java:19:8: Importação não utilizada - java.time.LocalDateTime. [UnusedImports]
[WARN] /Users/my/Documents/www/GP/apigppremium/src/main/java/br/compneusgppremium/api/service/PneuVulcanizadoService.java:33:35: O parâmetro pneuVulcanizadoRepository deve ser final. [FinalParameters]
[WARN] /Users/my/Documents/www/GP/apigppremium/src/main/java/br/compneusgppremium/api/service/PneuVulcanizadoService.java:34:34: O parâmetro usuarioRepository deve ser final. [FinalParameters]
[WARN] /Users/my/Documents/www/GP/apigppremium/src/main/java/br/compneusgppremium/api/service/PneuVulcanizadoService.java:35:34: O parâmetro producaoRepository deve ser final. [FinalParameters]
[WARN] /Users/my/Documents/www/GP/apigppremium/src/main/java/br/compneusgppremium/api/service/PneuVulcanizadoService.java:44:45: O parâmetro createDTO deve ser final. [FinalParameters]
[WARN] /Users/my/Documents/www/GP/apigppremium/src/main/java/br/compneusgppremium/api/service/PneuVulcanizadoService.java:51: A linha contém mais do que 120 caracteres (foram encontrados 121). [LineLength]
[WARN] /Users/my/Documents/www/GP/apigppremium/src/main/java/br/compneusgppremium/api/service/PneuVulcanizadoService.java:74:49: O parâmetro id deve ser final. [FinalParameters]
[WARN] /Users/my/Documents/www/GP/apigppremium/src/main/java/br/compneusgppremium/api/service/PneuVulcanizadoService.java:74:58: O parâmetro updateDTO deve ser final. [FinalParameters]
[WARN] /Users/my/Documents/www/GP/apigppremium/src/main/java/br/compneusgppremium/api/service/PneuVulcanizadoService.java:90:49: O parâmetro id deve ser final. [FinalParameters]
[WARN] /Users/my/Documents/www/GP/apigppremium/src/main/java/br/compneusgppremium/api/service/PneuVulcanizadoService.java:99:51: O parâmetro id deve ser final. [FinalParameters]
[WARN] /Users/my/Documents/www/GP/apigppremium/src/main/java/br/compneusgppremium/api/service/PneuVulcanizadoService.java:114:62: O parâmetro usuarioId deve ser final. [FinalParameters]
[WARN] /Users/my/Documents/www/GP/apigppremium/src/main/java/br/compneusgppremium/api/service/PneuVulcanizadoService.java:125:61: O parâmetro status deve ser final. [FinalParameters]
[WARN] /Users/my/Documents/www/GP/apigppremium/src/main/java/br/compneusgppremium/api/service/PneuVulcanizadoService.java:136:57: O parâmetro pageable deve ser final. [FinalParameters]
[WARN] /Users/my/Documents/www/GP/apigppremium/src/main/java/br/compneusgppremium/api/service/PneuVulcanizadoService.java:145:57: O parâmetro page deve ser final. [FinalParameters]
[WARN] /Users/my/Documents/www/GP/apigppremium/src/main/java/br/compneusgppremium/api/service/PneuVulcanizadoService.java:145:67: O parâmetro size deve ser final. [FinalParameters]
[WARN] /Users/my/Documents/www/GP/apigppremium/src/main/java/br/compneusgppremium/api/service/PneuVulcanizadoService.java:145:77: O parâmetro usuarioId deve ser final. [FinalParameters]
[WARN] /Users/my/Documents/www/GP/apigppremium/src/main/java/br/compneusgppremium/api/service/PneuVulcanizadoService.java:145:93: O parâmetro status deve ser final. [FinalParameters]
[WARN] /Users/my/Documents/www/GP/apigppremium/src/main/java/br/compneusgppremium/api/service/PneuVulcanizadoService.java:167:25: O parâmetro id deve ser final. [FinalParameters]
[WARN] /Users/my/Documents/www/GP/apigppremium/src/main/java/br/compneusgppremium/api/service/PneuVulcanizadoService.java:182:25: O parâmetro id deve ser final. [FinalParameters]
[WARN] /Users/my/Documents/www/GP/apigppremium/src/main/java/br/compneusgppremium/api/service/PneuVulcanizadoService.java:190:61: O parâmetro status deve ser final. [FinalParameters]
[WARN] /Users/my/Documents/www/GP/apigppremium/src/main/java/br/compneusgppremium/api/service/PneuVulcanizadoService.java:199:34: O parâmetro usuarioId deve ser final. [FinalParameters]
[WARN] /Users/my/Documents/www/GP/apigppremium/src/main/java/br/compneusgppremium/api/service/PneuVulcanizadoService.java:207:33: O parâmetro status deve ser final. [FinalParameters]
[WARN] /Users/my/Documents/www/GP/apigppremium/src/main/java/br/compneusgppremium/api/service/PneuVulcanizadoService.java:216:33: O parâmetro status deve ser final. [FinalParameters]
[WARN] /Users/my/Documents/www/GP/apigppremium/src/main/java/br/compneusgppremium/api/service/PneuVulcanizadoService.java:223:65: O parâmetro model deve ser final. [FinalParameters]
[WARN] /Users/my/Documents/www/GP/apigppremium/src/main/java/br/compneusgppremium/api/service/FilesStorageService.java:10:3: O modificador 'public' é redundante. [RedundantModifier]
[WARN] /Users/my/Documents/www/GP/apigppremium/src/main/java/br/compneusgppremium/api/service/FilesStorageService.java:12:3: O modificador 'public' é redundante. [RedundantModifier]
[WARN] /Users/my/Documents/www/GP/apigppremium/src/main/java/br/compneusgppremium/api/service/FilesStorageService.java:14:3: O modificador 'public' é redundante. [RedundantModifier]
[WARN] /Users/my/Documents/www/GP/apigppremium/src/main/java/br/compneusgppremium/api/service/FilesStorageService.java:16:3: O modificador 'public' é redundante. [RedundantModifier]
[WARN] /Users/my/Documents/www/GP/apigppremium/src/main/java/br/compneusgppremium/api/service/FilesStorageService.java:18:3: O modificador 'public' é redundante. [RedundantModifier]
[WARN] /Users/my/Documents/www/GP/apigppremium/src/main/java/br/compneusgppremium/api/service/TokenService.java:15:1: A linha contém um caractere de tabulação. [FileTabCharacter]
[WARN] /Users/my/Documents/www/GP/apigppremium/src/main/java/br/compneusgppremium/api/service/TokenService.java:16:1: A linha contém um caractere de tabulação. [FileTabCharacter]
[WARN] /Users/my/Documents/www/GP/apigppremium/src/main/java/br/compneusgppremium/api/service/TokenService.java:17:1: A linha contém um caractere de tabulação. [FileTabCharacter]
[WARN] /Users/my/Documents/www/GP/apigppremium/src/main/java/br/compneusgppremium/api/service/TokenService.java:19:1: A linha contém um caractere de tabulação. [FileTabCharacter]
[WARN] /Users/my/Documents/www/GP/apigppremium/src/main/java/br/compneusgppremium/api/service/TokenService.java:20:1: A linha contém um caractere de tabulação. [FileTabCharacter]
[WARN] /Users/my/Documents/www/GP/apigppremium/src/main/java/br/compneusgppremium/api/service/TokenService.java:22:1: A linha contém um caractere de tabulação. [FileTabCharacter]
[WARN] /Users/my/Documents/www/GP/apigppremium/src/main/java/br/compneusgppremium/api/service/TokenService.java:22:9: A classe 'TokenService' parece ter sido projetada para extensão (permite subclasses), mas o método 'gerarToken' não tem um javadoc que explica como fazer isso de forma segura. Se a classe não é projetada para extensão, considere fazer a classe 'TokenService' ser final, tornar o método 'gerarToken' estático/final/abstrato/vazio ou adicione as anotações permitidas ao método. [DesignForExtension]
[WARN] /Users/my/Documents/www/GP/apigppremium/src/main/java/br/compneusgppremium/api/service/TokenService.java:22:34: O parâmetro authentication deve ser final. [FinalParameters]
[WARN] /Users/my/Documents/www/GP/apigppremium/src/main/java/br/compneusgppremium/api/service/TokenService.java:23:1: A linha contém um caractere de tabulação. [FileTabCharacter]
[WARN] /Users/my/Documents/www/GP/apigppremium/src/main/java/br/compneusgppremium/api/service/TokenService.java:24:1: A linha contém um caractere de tabulação. [FileTabCharacter]
[WARN] /Users/my/Documents/www/GP/apigppremium/src/main/java/br/compneusgppremium/api/service/TokenService.java:25:1: A linha contém um caractere de tabulação. [FileTabCharacter]
[WARN] /Users/my/Documents/www/GP/apigppremium/src/main/java/br/compneusgppremium/api/service/TokenService.java:26:1: A linha contém um caractere de tabulação. [FileTabCharacter]
[WARN] /Users/my/Documents/www/GP/apigppremium/src/main/java/br/compneusgppremium/api/service/TokenService.java:27:1: A linha contém um caractere de tabulação. [FileTabCharacter]
[WARN] /Users/my/Documents/www/GP/apigppremium/src/main/java/br/compneusgppremium/api/service/TokenService.java:28:1: A linha contém um caractere de tabulação. [FileTabCharacter]
[WARN] /Users/my/Documents/www/GP/apigppremium/src/main/java/br/compneusgppremium/api/service/TokenService.java:29:1: A linha contém um caractere de tabulação. [FileTabCharacter]
[WARN] /Users/my/Documents/www/GP/apigppremium/src/main/java/br/compneusgppremium/api/service/TokenService.java:30:1: A linha contém um caractere de tabulação. [FileTabCharacter]
[WARN] /Users/my/Documents/www/GP/apigppremium/src/main/java/br/compneusgppremium/api/service/TokenService.java:31:1: A linha contém um caractere de tabulação. [FileTabCharacter]
[WARN] /Users/my/Documents/www/GP/apigppremium/src/main/java/br/compneusgppremium/api/service/TokenService.java:32:1: A linha contém um caractere de tabulação. [FileTabCharacter]
[WARN] /Users/my/Documents/www/GP/apigppremium/src/main/java/br/compneusgppremium/api/service/TokenService.java:33:1: A linha contém um caractere de tabulação. [FileTabCharacter]
[WARN] /Users/my/Documents/www/GP/apigppremium/src/main/java/br/compneusgppremium/api/service/TokenService.java:34:1: A linha contém um caractere de tabulação. [FileTabCharacter]
[WARN] /Users/my/Documents/www/GP/apigppremium/src/main/java/br/compneusgppremium/api/service/TokenService.java:37:1: A linha contém um caractere de tabulação. [FileTabCharacter]
[WARN] /Users/my/Documents/www/GP/apigppremium/src/main/java/br/compneusgppremium/api/service/TokenService.java:37:9: A classe 'TokenService' parece ter sido projetada para extensão (permite subclasses), mas o método 'isTokenValido' não tem um javadoc que explica como fazer isso de forma segura. Se a classe não é projetada para extensão, considere fazer a classe 'TokenService' ser final, tornar o método 'isTokenValido' estático/final/abstrato/vazio ou adicione as anotações permitidas ao método. [DesignForExtension]
[WARN] /Users/my/Documents/www/GP/apigppremium/src/main/java/br/compneusgppremium/api/service/TokenService.java:37:38: O parâmetro token deve ser final. [FinalParameters]
[WARN] /Users/my/Documents/www/GP/apigppremium/src/main/java/br/compneusgppremium/api/service/TokenService.java:38:1: A linha contém um caractere de tabulação. [FileTabCharacter]
[WARN] /Users/my/Documents/www/GP/apigppremium/src/main/java/br/compneusgppremium/api/service/TokenService.java:39:1: A linha contém um caractere de tabulação. [FileTabCharacter]
[WARN] /Users/my/Documents/www/GP/apigppremium/src/main/java/br/compneusgppremium/api/service/TokenService.java:40:1: A linha contém um caractere de tabulação. [FileTabCharacter]
[WARN] /Users/my/Documents/www/GP/apigppremium/src/main/java/br/compneusgppremium/api/service/TokenService.java:41:1: A linha contém um caractere de tabulação. [FileTabCharacter]
[WARN] /Users/my/Documents/www/GP/apigppremium/src/main/java/br/compneusgppremium/api/service/TokenService.java:42:1: A linha contém um caractere de tabulação. [FileTabCharacter]
[WARN] /Users/my/Documents/www/GP/apigppremium/src/main/java/br/compneusgppremium/api/service/TokenService.java:43:1: A linha contém um caractere de tabulação. [FileTabCharacter]
[WARN] /Users/my/Documents/www/GP/apigppremium/src/main/java/br/compneusgppremium/api/service/TokenService.java:44:1: A linha contém um caractere de tabulação. [FileTabCharacter]
[WARN] /Users/my/Documents/www/GP/apigppremium/src/main/java/br/compneusgppremium/api/service/TokenService.java:46:1: A linha contém um caractere de tabulação. [FileTabCharacter]
[WARN] /Users/my/Documents/www/GP/apigppremium/src/main/java/br/compneusgppremium/api/service/TokenService.java:46:9: A classe 'TokenService' parece ter sido projetada para extensão (permite subclasses), mas o método 'getIdUsuario' não tem um javadoc que explica como fazer isso de forma segura. Se a classe não é projetada para extensão, considere fazer a classe 'TokenService' ser final, tornar o método 'getIdUsuario' estático/final/abstrato/vazio ou adicione as anotações permitidas ao método. [DesignForExtension]
[WARN] /Users/my/Documents/www/GP/apigppremium/src/main/java/br/compneusgppremium/api/service/TokenService.java:46:34: O parâmetro token deve ser final. [FinalParameters]
[WARN] /Users/my/Documents/www/GP/apigppremium/src/main/java/br/compneusgppremium/api/service/TokenService.java:47:1: A linha contém um caractere de tabulação. [FileTabCharacter]
[WARN] /Users/my/Documents/www/GP/apigppremium/src/main/java/br/compneusgppremium/api/service/TokenService.java:48:1: A linha contém um caractere de tabulação. [FileTabCharacter]
[WARN] /Users/my/Documents/www/GP/apigppremium/src/main/java/br/compneusgppremium/api/service/TokenService.java:49:1: A linha contém um caractere de tabulação. [FileTabCharacter]
[WARN] /Users/my/Documents/www/GP/apigppremium/src/main/java/br/compneusgppremium/api/exception/FileUploadExceptionAdvice.java:14:3: A classe 'FileUploadExceptionAdvice' parece ter sido projetada para extensão (permite subclasses), mas o método 'handleMaxSizeException' não tem um javadoc que explica como fazer isso de forma segura. Se a classe não é projetada para extensão, considere fazer a classe 'FileUploadExceptionAdvice' ser final, tornar o método 'handleMaxSizeException' estático/final/abstrato/vazio ou adicione as anotações permitidas ao método. [DesignForExtension]
[WARN] /Users/my/Documents/www/GP/apigppremium/src/main/java/br/compneusgppremium/api/exception/FileUploadExceptionAdvice.java:15:65: O parâmetro exc deve ser final. [FinalParameters]
[WARN] /Users/my/Documents/www/GP/apigppremium/src/main/resources/application-test.properties:15: A linha contém mais do que 120 caracteres (foram encontrados 277). [LineLength]
[WARN] /Users/my/Documents/www/GP/apigppremium/src/main/resources/application.properties:13: A linha contém mais do que 120 caracteres (foram encontrados 277). [LineLength]
Auditoria completa.
[INFO] You have 0 Checkstyle violations.
[INFO] 
[INFO] --- jacoco-maven-plugin:0.8.8:prepare-agent (default) @ gp-premium ---
[INFO] argLine set to -javaagent:/Users/my/.m2/repository/org/jacoco/org.jacoco.agent/0.8.8/org.jacoco.agent-0.8.8-runtime.jar=destfile=/Users/my/Documents/www/GP/apigppremium/target/jacoco.exec
[INFO] 
[INFO] --- maven-resources-plugin:3.2.0:resources (default-resources) @ gp-premium ---
[INFO] Using 'UTF-8' encoding to copy filtered resources.
[INFO] Using 'UTF-8' encoding to copy filtered properties files.
[INFO] Copying 2 resources
[INFO] Copying 9 resources
[INFO] 
[INFO] --- maven-compiler-plugin:3.10.1:compile (default-compile) @ gp-premium ---
[INFO] Changes detected - recompiling the module!
[INFO] Compiling 125 source files to /Users/my/Documents/www/GP/apigppremium/target/classes
[INFO] Some messages have been simplified; recompile with -Xdiags:verbose to get full output
[INFO] -------------------------------------------------------------
[ERROR] COMPILATION ERROR : 
[INFO] -------------------------------------------------------------
[ERROR] /Users/my/Documents/www/GP/apigppremium/src/main/java/br/compneusgppremium/api/service/PneuVulcanizadoService.java:[175,37] incompatible types: java.util.Date cannot be converted to java.time.LocalDateTime
[ERROR] /Users/my/Documents/www/GP/apigppremium/src/main/java/br/compneusgppremium/api/service/PneuVulcanizadoService.java:[230,34] incompatible types: java.time.LocalDateTime cannot be converted to java.util.Date
[INFO] 2 errors 
[INFO] -------------------------------------------------------------
[INFO] ------------------------------------------------------------------------
[INFO] BUILD FAILURE
[INFO] ------------------------------------------------------------------------
[INFO] Total time:  2.273 s
[INFO] Finished at: 2025-10-01T21:35:52-03:00
[INFO] ------------------------------------------------------------------------
[ERROR] Failed to execute goal org.apache.maven.plugins:maven-compiler-plugin:3.10.1:compile (default-compile) on project gp-premium: Compilation failure: Compilation failure: 
[ERROR] /Users/my/Documents/www/GP/apigppremium/src/main/java/br/compneusgppremium/api/service/PneuVulcanizadoService.java:[175,37] incompatible types: java.util.Date cannot be converted to java.time.LocalDateTime
[ERROR] /Users/my/Documents/www/GP/apigppremium/src/main/java/br/compneusgppremium/api/service/PneuVulcanizadoService.java:[230,34] incompatible types: java.time.LocalDateTime cannot be converted to java.util.Date
[ERROR] -> [Help 1]
[ERROR] 
[ERROR] To see the full stack trace of the errors, re-run Maven with the -e switch.
[ERROR] Re-run Maven using the -X switch to enable full debug logging.
[ERROR] 
[ERROR] For more information about the errors and possible solutions, please read the following articles:
[ERROR] [Help 1] http://cwiki.apache.org/confluence/display/MAVEN/MojoFailureException
